2025-11-22 02:05:09.836 [WRN] ApiGateway: Certificate expires in 24 days
2025-11-22 02:05:11.905 [DBG] HttpServer: Parsed configuration: {"timeout": 30, "retries": 3}
2025-11-22 02:05:12.075 [DBG] FileProcessor: Query execution plan generated
2025-11-22 02:05:12.999 [INF] Auth: Connected to database postgres://db:5432/app
2025-11-22 02:05:13.962 [DBG] Auth: Query execution plan generated
2025-11-22 02:05:15.806 [DBG] Auth: Connection pool status: 11/20 active
2025-11-22 02:05:16.045 [WRN] MessageQueue: Certificate expires in 21 days
2025-11-22 02:05:17.328 [INF] Cache: Configuration reloaded
2025-11-22 02:05:20.227 [INF] Database: PUT /api/v1/users/user_9688/profile completed in 50ms
2025-11-22 02:05:21.126 [INF] Database: Service started on port 9000
2025-11-22 02:05:21.788 [INF] HttpServer: Outbound HTTP call to PaymentService completed in 22ms
2025-11-22 02:05:23.497 [INF] Scheduler: POST /api/v1/orders completed in 32ms
2025-11-22 02:05:24.069 [INF] MessageQueue: User user_1432 authenticated successfully
2025-11-22 02:05:25.601 [INF] Metrics: Scheduled job BackupJob completed in 31ms
2025-11-22 02:05:25.651 [INF] MessageQueue: GET /api/v1/users/user_9419 completed in 44ms
2025-11-22 02:05:27.889 [ERR] Cache: Unhandled exception in Database: Invalid token
2025-11-22 02:05:31.562 [DBG] Scheduler: Cache lookup for key cache:session:c4cb9049
2025-11-22 02:05:34.343 [INF] FileProcessor: Message consumed from tasks in 1067ms
2025-11-22 02:05:38.835 [WRN] Metrics: Rate limit approaching for client client_0a4f063d
2025-11-22 02:05:41.620 [INF] FileProcessor: DELETE /api/v1/sessions/4db745a6 completed in 104ms
2025-11-22 02:05:44.919 [INF] Config: User user_3465 authenticated successfully
2025-11-22 02:05:48.757 [INF] ApiGateway: Health check passed
2025-11-22 02:05:51.471 [DBG] Scheduler: Parsed configuration: {"timeout": 30, "retries": 3}
2025-11-22 02:05:53.007 [INF] Database: Health check passed
2025-11-22 02:05:57.798 [INF] ApiGateway: GET /api/v1/users/user_3655 completed in 960ms
2025-11-22 02:05:59.204 [ERR] HttpServer: Timeout waiting for response from UserService
2025-11-22 02:06:00.582 [INF] MessageQueue: Connected to database postgres://db:5432/app
2025-11-22 02:06:01.708 [INF] Cache: Message consumed from notifications in 6ms
2025-11-22 02:06:05.224 [INF] HttpServer: Message consumed from notifications in 39ms
2025-11-22 02:06:07.925 [DBG] MessageQueue: Processing request b3f0d7d7
2025-11-22 02:06:12.442 [INF] Cache: Message consumed from orders in 32ms
2025-11-22 02:06:13.645 [INF] FileProcessor: Scheduled job DataSync started
2025-11-22 02:06:13.688 [WRN] Scheduler: Connection pool exhausted, waiting for available connection
2025-11-22 02:06:15.356 [WRN] HttpServer: Certificate expires in 30 days
2025-11-22 02:06:17.918 [INF] ApiGateway: Health check passed
2025-11-22 02:06:21.078 [WRN] Auth: Certificate expires in 22 days
2025-11-22 02:06:23.062 [FTL] Scheduler: Data corruption detected in users
2025-11-22 02:06:25.743 [INF] Database: Cache hit for key cache:config:e0878e7a
2025-11-22 02:06:27.480 [INF] Database: GET /api/v1/products?page=98 completed in 43ms
2025-11-22 02:06:31.771 [INF] Metrics: GET /api/v1/users/user_1461 completed in 29ms
2025-11-22 02:06:36.472 [INF] Auth: GET /api/v1/products?page=61 completed in 104ms
2025-11-22 02:06:38.725 [INF] Cache: DELETE /api/v1/sessions/1b725863 completed in 152ms
2025-11-22 02:06:42.522 [INF] Cache: Message published to tasks
2025-11-22 02:06:44.888 [INF] HttpServer: Database query executed in 74ms
2025-11-22 02:06:49.283 [INF] Auth: POST /api/v1/orders completed in 3148ms
2025-11-22 02:06:51.309 [INF] Auth: Database query executed in 6ms
2025-11-22 02:06:54.781 [INF] HttpServer: User user_3923 authenticated successfully
2025-11-22 02:06:58.280 [DBG] Metrics: Parsed configuration: {"timeout": 30, "retries": 3}
2025-11-22 02:07:01.251 [INF] Cache: User user_3460 authenticated successfully
2025-11-22 02:07:03.650 [INF] FileProcessor: POST /api/v1/orders completed in 15ms
2025-11-22 02:07:07.333 [INF] Auth: File data_ae78cf9e.csv processed, 6346 records
2025-11-22 02:07:08.510 [INF] FileProcessor: PUT /api/v1/users/user_5739/profile completed in 157ms
2025-11-22 02:07:10.607 [DBG] Auth: Query execution plan generated
2025-11-22 02:07:14.453 [DBG] FileProcessor: Connection pool status: 18/20 active
2025-11-22 02:07:16.615 [INF] Cache: Service started on port 443
2025-11-22 02:07:18.762 [INF] Metrics: Scheduled job DataSync started
2025-11-22 02:07:21.616 [DBG] Scheduler: Connection pool status: 3/20 active
2025-11-22 02:07:23.980 [DBG] Metrics: Parsed configuration: {"timeout": 30, "retries": 3}
2025-11-22 02:07:24.699 [DBG] Scheduler: Parsed configuration: {"timeout": 30, "retries": 3}
2025-11-22 02:07:27.499 [WRN] Database: Certificate expires in 11 days
2025-11-22 02:07:31.755 [DBG] FileProcessor: Cache lookup for key cache:config:7bccce7a
2025-11-22 02:07:36.240 [DBG] FileProcessor: Query execution plan generated
2025-11-22 02:07:38.115 [DBG] MessageQueue: Parsed configuration: {"timeout": 30, "retries": 3}
2025-11-22 02:07:42.101 [DBG] Config: Connection pool status: 18/20 active
2025-11-22 02:07:42.350 [DBG] FileProcessor: Processing request 3d367e3f
2025-11-22 02:07:43.364 [WRN] ApiGateway: Slow query detected: 718ms for SELECT * FROM users WHERE...
2025-11-22 02:07:44.966 [INF] Database: GET /api/v1/products?page=71 completed in 868ms
2025-11-22 02:07:49.826 [TRC] Cache: Entering method ValidateInput with parameters {id: 123, type: "full"}
2025-11-22 02:07:54.335 [INF] Cache: PUT /api/v1/users/user_5651/profile completed in 3078ms
2025-11-22 02:07:57.389 [INF] Auth: File export_7521826e.csv processed, 5638 records
2025-11-22 02:07:57.802 [ERR] Scheduler: Timeout waiting for response from UserService
2025-11-22 02:08:00.039 [WRN] MessageQueue: Memory usage at 89%
2025-11-22 02:08:04.107 [INF] Metrics: Health check passed
2025-11-22 02:08:04.818 [WRN] FileProcessor: Retry attempt 5 for operation SyncData
2025-11-22 02:08:08.803 [DBG] Scheduler: Connection pool status: 9/20 active
2025-11-22 02:08:09.711 [INF] Cache: File data_24877b45.csv processed, 1268 records
2025-11-22 02:08:13.833 [DBG] Database: Query execution plan generated
2025-11-22 02:08:15.325 [TRC] Scheduler: Loop iteration 3 of 1069
2025-11-22 02:08:19.671 [INF] Metrics: GET /api/v1/users/user_2916 completed in 3700ms
2025-11-22 02:08:23.167 [INF] FileProcessor: Message published to tasks
2025-11-22 02:08:26.931 [INF] HttpServer: Scheduled job BackupJob completed in 3272ms
2025-11-22 02:08:29.596 [INF] Scheduler: Scheduled job ReportGenerator started
2025-11-22 02:08:30.829 [DBG] Scheduler: Connection pool status: 19/20 active
2025-11-22 02:08:31.252 [DBG] Database: Query execution plan generated
2025-11-22 02:08:34.153 [INF] HttpServer: Cache hit for key cache:session:b8177dc6
2025-11-22 02:08:34.273 [DBG] Config: Query execution plan generated
2025-11-22 02:08:36.724 [INF] Auth: GET /api/v1/products?page=97 completed in 3374ms
2025-11-22 02:08:39.258 [INF] Database: Configuration reloaded
2025-11-22 02:08:44.042 [INF] MessageQueue: Health check passed
2025-11-22 02:08:48.247 [DBG] Config: Parsed configuration: {"timeout": 30, "retries": 3}
2025-11-22 02:08:50.100 [WRN] Database: Certificate expires in 28 days
2025-11-22 02:08:54.004 [WRN] Scheduler: Rate limit approaching for client client_6220be41
2025-11-22 02:08:58.284 [INF] MessageQueue: Outbound HTTP call to PaymentService completed in 11ms
2025-11-22 02:09:01.901 [INF] Cache: PUT /api/v1/users/user_9672/profile completed in 4498ms
2025-11-22 02:09:04.614 [INF] Auth: GET /api/v1/products?page=37 completed in 65ms
2025-11-22 02:09:07.725 [DBG] FileProcessor: Processing request 2317890c
2025-11-22 02:09:12.439 [INF] Metrics: Database query executed in 49ms
2025-11-22 02:09:17.105 [DBG] HttpServer: Connection pool status: 13/20 active
2025-11-22 02:09:21.941 [INF] Auth: File report_baf79c26.csv processed, 6883 records
2025-11-22 02:09:24.235 [WRN] MessageQueue: Memory usage at 94%
2025-11-22 02:09:25.290 [INF] FileProcessor: Outbound HTTP call to NotificationService completed in 4705ms
2025-11-22 02:09:26.689 [INF] HttpServer: PUT /api/v1/users/user_7180/profile completed in 16ms
2025-11-22 02:09:29.632 [INF] MessageQueue: Scheduled job ReportGenerator started
2025-11-22 02:09:31.395 [INF] FileProcessor: PUT /api/v1/users/user_7415/profile completed in 3775ms
2025-11-22 02:09:35.407 [INF] MessageQueue: Scheduled job BackupJob completed in 37ms
2025-11-22 02:09:35.604 [DBG] FileProcessor: Processing request dfc49b4f
2025-11-22 02:09:39.503 [DBG] Metrics: Processing request f4a352d0
2025-11-22 02:09:42.267 [DBG] Metrics: Parsed configuration: {"timeout": 30, "retries": 3}
2025-11-22 02:09:47.200 [INF] Auth: Service started on port 443
2025-11-22 02:09:50.072 [DBG] FileProcessor: Cache lookup for key cache:config:bf7783ea
2025-11-22 02:09:50.976 [WRN] ApiGateway: Slow query detected: 32ms for SELECT * FROM users WHERE...
2025-11-22 02:09:54.397 [DBG] FileProcessor: Cache lookup for key cache:config:9e732391
2025-11-22 02:09:58.860 [DBG] Database: Parsed configuration: {"timeout": 30, "retries": 3}
2025-11-22 02:09:59.538 [INF] MessageQueue: POST /api/v1/orders completed in 168ms
2025-11-22 02:10:01.545 [DBG] Config: Cache lookup for key cache:session:5f981b4e
2025-11-22 02:10:02.985 [DBG] Config: Connection pool status: 9/20 active
2025-11-22 02:10:05.898 [INF] Database: Cache hit for key cache:session:6fb95d6e
2025-11-22 02:10:08.807 [WRN] ApiGateway: Slow query detected: 2009ms for SELECT * FROM users WHERE...
2025-11-22 02:10:08.995 [INF] Cache: Connected to database postgres://db:5432/app
2025-11-22 02:10:09.962 [INF] MessageQueue: Database query executed in 24ms
2025-11-22 02:10:11.687 [DBG] MessageQueue: Parsed configuration: {"timeout": 30, "retries": 3}
2025-11-22 02:10:11.701 [INF] HttpServer: Message published to orders
2025-11-22 02:10:15.279 [DBG] FileProcessor: Parsed configuration: {"timeout": 30, "retries": 3}
2025-11-22 02:10:18.487 [INF] Database: Message consumed from orders in 10ms
2025-11-22 02:10:18.837 [INF] Auth: Scheduled job CleanupJob completed in 46ms
2025-11-22 02:10:22.756 [INF] ApiGateway: Configuration reloaded
2025-11-22 02:10:24.085 [INF] FileProcessor: PUT /api/v1/users/user_3292/profile completed in 2508ms
2025-11-22 02:10:28.270 [INF] ApiGateway: POST /api/v1/orders completed in 4939ms
2025-11-22 02:10:29.914 [DBG] Cache: Connection pool status: 9/20 active
2025-11-22 02:10:31.387 [INF] Database: Cache hit for key cache:user:48eeeb6d
2025-11-22 02:10:33.467 [INF] HttpServer: Scheduled job ReportGenerator started
2025-11-22 02:10:33.938 [INF] Cache: GET /api/v1/users/user_3345 completed in 42ms
2025-11-22 02:10:35.721 [DBG] ApiGateway: Parsed configuration: {"timeout": 30, "retries": 3}
2025-11-22 02:10:39.662 [DBG] Cache: Cache lookup for key cache:user:1bc701ac
2025-11-22 02:10:39.900 [DBG] Auth: Processing request 5eaf723a
2025-11-22 02:10:41.877 [ERR] Database: Unhandled exception in MessageQueue: Resource not found
2025-11-22 02:10:44.002 [INF] HttpServer: GET /api/v1/products?page=26 completed in 99ms
2025-11-22 02:10:45.732 [INF] ApiGateway: Message consumed from orders in 4957ms
2025-11-22 02:10:47.970 [INF] Scheduler: Outbound HTTP call to NotificationService completed in 591ms
2025-11-22 02:10:50.534 [INF] Metrics: POST /api/v1/orders completed in 157ms
2025-11-22 02:10:50.746 [INF] Config: Connected to database mysql://db:3306/app
2025-11-22 02:10:53.562 [DBG] Database: Connection pool status: 13/20 active
2025-11-22 02:10:53.574 [INF] Config: Message published to orders
2025-11-22 02:10:55.428 [INF] Cache: Scheduled job ReportGenerator started
2025-11-22 02:10:57.615 [DBG] Auth: Parsed configuration: {"timeout": 30, "retries": 3}
2025-11-22 02:10:58.100 [DBG] HttpServer: Parsed configuration: {"timeout": 30, "retries": 3}
2025-11-22 02:11:01.029 [INF] MessageQueue: Service started on port 443
2025-11-22 02:11:02.066 [DBG] MessageQueue: Parsed configuration: {"timeout": 30, "retries": 3}
2025-11-22 02:11:04.631 [DBG] Database: Connection pool status: 8/20 active
2025-11-22 02:11:06.693 [FTL] Config: Critical resource unavailable: Database
2025-11-22 02:11:09.256 [INF] HttpServer: POST /api/v1/orders completed in 2261ms
2025-11-22 02:11:14.087 [INF] ApiGateway: Message published to notifications
2025-11-22 02:11:17.213 [INF] Metrics: Message published to notifications
2025-11-22 02:11:19.829 [DBG] ApiGateway: Connection pool status: 14/20 active
2025-11-22 02:11:21.913 [TRC] FileProcessor: Loop iteration 80 of 1067
2025-11-22 02:11:26.586 [DBG] Auth: Parsed configuration: {"timeout": 30, "retries": 3}
2025-11-22 02:11:31.081 [INF] FileProcessor: User user_1186 authenticated successfully
2025-11-22 02:11:31.979 [INF] FileProcessor: File data_003c0051.csv processed, 4147 records
2025-11-22 02:11:35.966 [INF] Scheduler: Service started on port 5000
2025-11-22 02:11:38.642 [INF] FileProcessor: Outbound HTTP call to UserService completed in 125ms
2025-11-22 02:11:40.182 [INF] Config: Scheduled job CleanupJob completed in 895ms
2025-11-22 02:11:43.795 [INF] Cache: Outbound HTTP call to NotificationService completed in 129ms
2025-11-22 02:11:44.182 [INF] HttpServer: GET /api/v1/products?page=70 completed in 37ms
2025-11-22 02:11:44.360 [INF] Config: Scheduled job ReportGenerator completed in 1304ms
2025-11-22 02:11:44.378 [DBG] Config: Cache lookup for key cache:session:4a770fc7
2025-11-22 02:11:47.496 [WRN] Auth: Connection pool exhausted, waiting for available connection
2025-11-22 02:11:47.573 [INF] Config: Configuration reloaded
2025-11-22 02:11:50.026 [DBG] Database: Parsed configuration: {"timeout": 30, "retries": 3}
2025-11-22 02:11:54.486 [ERR] MessageQueue: Timeout waiting for response from PaymentService
2025-11-22 02:11:58.964 [DBG] FileProcessor: Connection pool status: 5/20 active
2025-11-22 02:11:59.168 [DBG] Metrics: Parsed configuration: {"timeout": 30, "retries": 3}
2025-11-22 02:12:02.239 [INF] Database: Batch processing completed: 971/1050 items
2025-11-22 02:12:02.719 [DBG] Config: Connection pool status: 15/20 active
2025-11-22 02:12:06.473 [WRN] Config: Rate limit approaching for client client_3083043e
2025-11-22 02:12:08.586 [DBG] ApiGateway: Connection pool status: 13/20 active
2025-11-22 02:12:12.340 [WRN] Scheduler: Memory usage at 79%
2025-11-22 02:12:15.082 [INF] FileProcessor: DELETE /api/v1/sessions/6e5acc07 completed in 18ms
2025-11-22 02:12:17.056 [INF] Config: Outbound HTTP call to PaymentService completed in 2603ms
2025-11-22 02:12:21.351 [INF] MessageQueue: File report_cb095f5b.csv processed, 8014 records
2025-11-22 02:12:21.710 [INF] Cache: Database query executed in 741ms
2025-11-22 02:12:23.823 [DBG] MessageQueue: Processing request 24938123
2025-11-22 02:12:25.807 [DBG] MessageQueue: Cache lookup for key cache:session:bfcf0bb9
2025-11-22 02:12:27.487 [INF] HttpServer: Cache hit for key cache:user:344837dd
2025-11-22 02:12:28.372 [INF] Auth: Outbound HTTP call to PaymentService completed in 4686ms
2025-11-22 02:12:28.562 [INF] Database: DELETE /api/v1/sessions/36e50e99 completed in 721ms
2025-11-22 02:12:29.036 [INF] Cache: Scheduled job CleanupJob started
2025-11-22 02:12:32.416 [INF] Auth: File report_133a19af.csv processed, 5851 records
2025-11-22 02:12:34.447 [INF] Database: Connected to database postgres://db:5432/app
2025-11-22 02:12:35.491 [INF] Scheduler: PUT /api/v1/users/user_9584/profile completed in 68ms
2025-11-22 02:12:37.550 [INF] Metrics: DELETE /api/v1/sessions/8bc42ea7 completed in 236ms
2025-11-22 02:12:38.605 [INF] Auth: Service started on port 5000
2025-11-22 02:12:41.339 [ERR] HttpServer: File not found: import_b99b4c25.csv
2025-11-22 02:12:44.604 [INF] Scheduler: GET /api/v1/products?page=23 completed in 510ms
2025-11-22 02:12:45.286 [INF] MessageQueue: PUT /api/v1/users/user_9368/profile completed in 4631ms
2025-11-22 02:12:46.260 [DBG] Metrics: Parsed configuration: {"timeout": 30, "retries": 3}
2025-11-22 02:12:50.631 [ERR] Config: Database connection failed: Timeout exceeded
2025-11-22 02:12:55.455 [ERR] MessageQueue: Database connection failed: Resource not found
2025-11-22 02:12:57.419 [INF] Scheduler: Cache hit for key cache:session:00e1d916
2025-11-22 02:12:58.102 [WRN] Scheduler: Certificate expires in 29 days
2025-11-22 02:13:01.130 [INF] Database: PUT /api/v1/users/user_3582/profile completed in 2036ms
2025-11-22 02:13:05.859 [DBG] Scheduler: Parsed configuration: {"timeout": 30, "retries": 3}
2025-11-22 02:13:07.627 [INF] ApiGateway: Service started on port 9000
2025-11-22 02:13:11.905 [DBG] FileProcessor: Cache lookup for key cache:session:51254a27
2025-11-22 02:13:13.903 [DBG] HttpServer: Parsed configuration: {"timeout": 30, "retries": 3}
2025-11-22 02:13:14.457 [INF] HttpServer: Service started on port 9000
2025-11-22 02:13:16.313 [INF] HttpServer: Scheduled job ReportGenerator completed in 3919ms
2025-11-22 02:13:19.796 [WRN] Scheduler: Retry attempt 5 for operation SendEmail
2025-11-22 02:13:24.686 [DBG] ApiGateway: Query execution plan generated
2025-11-22 02:13:28.005 [INF] MessageQueue: POST /api/v1/orders completed in 155ms
2025-11-22 02:13:29.113 [INF] Auth: GET /api/v1/users/user_5872 completed in 2749ms
2025-11-22 02:13:33.684 [DBG] Config: Parsed configuration: {"timeout": 30, "retries": 3}
2025-11-22 02:13:34.409 [INF] ApiGateway: PUT /api/v1/users/user_5145/profile completed in 136ms
2025-11-22 02:13:37.478 [DBG] FileProcessor: Cache lookup for key cache:user:4ecbf8da
2025-11-22 02:13:39.825 [INF] Cache: Request dbf9162f completed in 3734ms
2025-11-22 02:13:44.678 [INF] Scheduler: Message published to events
2025-11-22 02:13:49.394 [DBG] Cache: Parsed configuration: {"timeout": 30, "retries": 3}
2025-11-22 02:13:54.279 [WRN] Cache: Connection pool exhausted, waiting for available connection
2025-11-22 02:13:57.003 [INF] HttpServer: Message published to notifications
2025-11-22 02:13:59.891 [WRN] Auth: Deprecated API endpoint called: /api/v1/orders
2025-11-22 02:14:03.063 [INF] Config: Health check passed
2025-11-22 02:14:04.723 [DBG] Metrics: Processing request 8346e2fe
2025-11-22 02:14:07.208 [INF] Scheduler: Scheduled job BackupJob started
2025-11-22 02:14:10.161 [ERR] Scheduler: Unhandled exception in Scheduler: Connection refused
2025-11-22 02:14:10.815 [INF] FileProcessor: POST /api/v1/orders completed in 12ms
2025-11-22 02:14:14.414 [INF] Metrics: PUT /api/v1/users/user_8523/profile completed in 3561ms
2025-11-22 02:14:14.489 [DBG] Auth: Query execution plan generated
2025-11-22 02:14:15.766 [INF] Scheduler: POST /api/v1/orders completed in 71ms
2025-11-22 02:14:20.294 [INF] HttpServer: PUT /api/v1/users/user_6502/profile completed in 420ms
2025-11-22 02:14:25.258 [DBG] MessageQueue: Connection pool status: 9/20 active
2025-11-22 02:14:30.061 [WRN] ApiGateway: Rate limit approaching for client client_f9d61fad
2025-11-22 02:14:34.355 [WRN] Auth: Connection pool exhausted, waiting for available connection
2025-11-22 02:14:34.904 [TRC] ApiGateway: Entering method Transform with parameters {id: 123, type: "full"}
2025-11-22 02:14:36.201 [DBG] Config: Parsed configuration: {"timeout": 30, "retries": 3}
2025-11-22 02:14:37.106 [DBG] MessageQueue: Query execution plan generated
2025-11-22 02:14:37.555 [DBG] HttpServer: Query execution plan generated
2025-11-22 02:14:40.645 [INF] Config: Batch processing completed: 950/1046 items
2025-11-22 02:14:43.962 [INF] MessageQueue: Cache hit for key cache:user:955bc087
2025-11-22 02:14:48.109 [WRN] MessageQueue: Certificate expires in 1 days
2025-11-22 02:14:51.598 [DBG] FileProcessor: Query execution plan generated
2025-11-22 02:14:56.249 [FTL] Database: Data corruption detected in transactions
2025-11-22 02:14:59.523 [WRN] Scheduler: Memory usage at 86%
2025-11-22 02:15:03.505 [DBG] Config: Query execution plan generated
2025-11-22 02:15:07.382 [INF] Scheduler: GET /api/v1/users/user_3612 completed in 440ms
2025-11-22 02:15:08.830 [INF] Cache: Message consumed from tasks in 31ms
2025-11-22 02:15:09.477 [INF] Scheduler: GET /api/v1/products?page=58 completed in 185ms
2025-11-22 02:15:12.146 [INF] Config: Batch processing completed: 426/1057 items
2025-11-22 02:15:16.991 [INF] Database: Service started on port 5000
2025-11-22 02:15:17.807 [INF] Metrics: Scheduled job DataSync started
2025-11-22 02:15:19.210 [DBG] HttpServer: Query execution plan generated
2025-11-22 02:15:22.027 [INF] ApiGateway: Batch processing completed: 171/1007 items
2025-11-22 02:15:25.999 [INF] Cache: DELETE /api/v1/sessions/2cfef316 completed in 53ms
2025-11-22 02:15:29.212 [INF] MessageQueue: GET /api/v1/users/user_6395 completed in 36ms
2025-11-22 02:15:31.547 [INF] Config: Message published to notifications
2025-11-22 02:15:33.513 [INF] HttpServer: Scheduled job DataSync started
2025-11-22 02:15:36.283 [DBG] FileProcessor: Connection pool status: 4/20 active
2025-11-22 02:15:38.671 [INF] FileProcessor: Scheduled job DataSync completed in 132ms
2025-11-22 02:15:42.947 [INF] ApiGateway: Outbound HTTP call to PaymentService completed in 915ms
2025-11-22 02:15:44.824 [DBG] MessageQueue: Cache lookup for key cache:session:5e32f1ac
2025-11-22 02:15:46.117 [DBG] MessageQueue: Cache lookup for key cache:config:813e50da
2025-11-22 02:15:49.445 [DBG] Database: Parsed configuration: {"timeout": 30, "retries": 3}
2025-11-22 02:15:50.288 [INF] HttpServer: Database query executed in 4732ms
2025-11-22 02:15:52.810 [DBG] MessageQueue: Cache lookup for key cache:session:63f5747f
2025-11-22 02:15:57.360 [INF] Config: User user_9429 authenticated successfully
2025-11-22 02:16:00.823 [WRN] ApiGateway: Connection pool exhausted, waiting for available connection
2025-11-22 02:16:05.086 [FTL] Config: Unrecoverable error, shutting down
2025-11-22 02:16:08.122 [INF] Database: File report_bfb4bf22.csv processed, 3751 records
2025-11-22 02:16:10.116 [INF] Metrics: GET /api/v1/users/user_1364 completed in 1570ms
2025-11-22 02:16:14.373 [INF] Database: GET /api/v1/products?page=39 completed in 111ms
2025-11-22 02:16:18.998 [DBG] Cache: Processing request 7b76a2e5
2025-11-22 02:16:20.444 [INF] Database: User user_7995 authenticated successfully
2025-11-22 02:16:25.195 [DBG] Auth: Query execution plan generated
2025-11-22 02:16:27.214 [DBG] Cache: Parsed configuration: {"timeout": 30, "retries": 3}
2025-11-22 02:16:27.773 [INF] Auth: Outbound HTTP call to PaymentService completed in 5ms
2025-11-22 02:16:30.912 [WRN] Auth: Certificate expires in 16 days
2025-11-22 02:16:33.295 [WRN] Cache: Rate limit approaching for client client_b6968f33
2025-11-22 02:16:34.691 [INF] ApiGateway: Message published to notifications
2025-11-22 02:16:35.114 [INF] Database: Scheduled job CleanupJob started
2025-11-22 02:16:35.576 [DBG] Config: Parsed configuration: {"timeout": 30, "retries": 3}
2025-11-22 02:16:40.220 [WRN] ApiGateway: Rate limit approaching for client client_76dd9c35
2025-11-22 02:16:41.244 [INF] Auth: User user_9553 authenticated successfully
2025-11-22 02:16:43.177 [DBG] FileProcessor: Cache lookup for key cache:config:951876d8
2025-11-22 02:16:44.944 [DBG] HttpServer: Cache lookup for key cache:config:03480d50
2025-11-22 02:16:47.551 [WRN] Cache: Retry attempt 2 for operation SyncData
2025-11-22 02:16:49.245 [INF] Database: User user_9304 authenticated successfully
2025-11-22 02:16:52.846 [INF] Auth: GET /api/v1/users/user_7022 completed in 3778ms
2025-11-22 02:16:54.715 [DBG] Scheduler: Query execution plan generated
2025-11-22 02:16:58.709 [INF] FileProcessor: Batch processing completed: 399/1072 items
2025-11-22 02:17:00.786 [ERR] Config: Unhandled exception in Config: Connection refused
2025-11-22 02:17:04.331 [INF] HttpServer: Service started on port 9000
2025-11-22 02:17:06.830 [INF] MessageQueue: GET /api/v1/users/user_3532 completed in 5ms
2025-11-22 02:17:11.203 [INF] ApiGateway: User user_4083 authenticated successfully
2025-11-22 02:17:11.453 [INF] Metrics: GET /api/v1/users/user_1550 completed in 671ms
2025-11-22 02:17:15.556 [WRN] Database: Retry attempt 5 for operation SyncData
2025-11-22 02:17:19.123 [INF] Config: File data_e899d6d9.csv processed, 4602 records
2025-11-22 02:17:23.940 [DBG] Metrics: Query execution plan generated
2025-11-22 02:17:26.608 [INF] MessageQueue: GET /api/v1/users/user_9206 completed in 20ms
2025-11-22 02:17:28.999 [DBG] FileProcessor: Connection pool status: 6/20 active
2025-11-22 02:17:30.182 [INF] Scheduler: POST /api/v1/orders completed in 3928ms
2025-11-22 02:17:33.133 [INF] Scheduler: Database query executed in 659ms
2025-11-22 02:17:37.587 [INF] FileProcessor: Message published to tasks
2025-11-22 02:17:41.619 [INF] HttpServer: GET /api/v1/products?page=87 completed in 33ms
2025-11-22 02:17:42.620 [INF] Config: Message consumed from notifications in 1551ms
2025-11-22 02:17:43.490 [INF] Database: User user_7208 authenticated successfully
2025-11-22 02:17:44.361 [INF] Metrics: Outbound HTTP call to PaymentService completed in 1759ms
2025-11-22 02:17:46.703 [INF] FileProcessor: Database query executed in 1404ms
2025-11-22 02:17:48.654 [INF] FileProcessor: Request 21e325be completed in 39ms
2025-11-22 02:17:52.936 [DBG] FileProcessor: Cache lookup for key cache:session:1eab3b58
2025-11-22 02:17:57.030 [FTL] Scheduler: Critical resource unavailable: Redis
2025-11-22 02:17:58.508 [INF] Metrics: Connected to database postgres://db:5432/app
2025-11-22 02:18:00.506 [WRN] Metrics: Slow query detected: 783ms for SELECT * FROM users WHERE...
2025-11-22 02:18:03.407 [INF] Scheduler: File export_0f9cdbb0.csv processed, 2122 records
2025-11-22 02:18:04.844 [INF] ApiGateway: Database query executed in 6ms
2025-11-22 02:18:05.499 [INF] Scheduler: Request 2a9dd6cb completed in 936ms
2025-11-22 02:18:09.848 [INF] Metrics: Database query executed in 82ms
2025-11-22 02:18:12.004 [WRN] Database: Retry attempt 4 for operation SendEmail
2025-11-22 02:18:14.179 [INF] ApiGateway: Outbound HTTP call to NotificationService completed in 16ms
2025-11-22 02:18:18.879 [INF] Cache: Configuration reloaded
2025-11-22 02:18:19.704 [INF] Auth: Scheduled job BackupJob completed in 142ms
2025-11-22 02:18:23.827 [DBG] Config: Query execution plan generated
2025-11-22 02:18:26.345 [INF] ApiGateway: DELETE /api/v1/sessions/60340ee6 completed in 3053ms
2025-11-22 02:18:26.737 [WRN] Config: Slow query detected: 127ms for SELECT * FROM users WHERE...
2025-11-22 02:18:27.669 [INF] ApiGateway: GET /api/v1/users/user_7607 completed in 469ms
2025-11-22 02:18:30.713 [INF] MessageQueue: GET /api/v1/users/user_3648 completed in 262ms
2025-11-22 02:18:31.571 [INF] Cache: Scheduled job ReportGenerator started
2025-11-22 02:18:32.082 [DBG] MessageQueue: Parsed configuration: {"timeout": 30, "retries": 3}
2025-11-22 02:18:33.569 [DBG] Config: Connection pool status: 20/20 active
2025-11-22 02:18:38.501 [INF] Config: GET /api/v1/users/user_4015 completed in 89ms
2025-11-22 02:18:39.884 [INF] Scheduler: Service started on port 9000
2025-11-22 02:18:40.381 [INF] Cache: Message published to events
2025-11-22 02:18:42.967 [INF] MessageQueue: Outbound HTTP call to UserService completed in 88ms
2025-11-22 02:18:45.092 [DBG] ApiGateway: Parsed configuration: {"timeout": 30, "retries": 3}
2025-11-22 02:18:46.029 [INF] Metrics: File export_be1392e9.csv processed, 3618 records
2025-11-22 02:18:49.584 [INF] Cache: Cache hit for key cache:session:6436dc0c
2025-11-22 02:18:51.882 [DBG] Database: Parsed configuration: {"timeout": 30, "retries": 3}
2025-11-22 02:18:56.587 [TRC] HttpServer: Loop iteration 7 of 1084
2025-11-22 02:19:00.023 [DBG] Database: Processing request 37fd5623
2025-11-22 02:19:01.963 [INF] Config: Connected to database postgres://db:5432/app
2025-11-22 02:19:02.545 [DBG] Database: Connection pool status: 14/20 active
2025-11-22 02:19:05.448 [INF] Config: User user_7479 authenticated successfully
2025-11-22 02:19:06.399 [INF] MessageQueue: User user_4643 authenticated successfully
2025-11-22 02:19:10.564 [DBG] Config: Query execution plan generated
2025-11-22 02:19:11.429 [DBG] ApiGateway: Processing request 81df26b3
2025-11-22 02:19:16.241 [DBG] ApiGateway: Processing request 511a2c1c
2025-11-22 02:19:20.946 [INF] Database: Health check passed
2025-11-22 02:19:23.524 [INF] Scheduler: DELETE /api/v1/sessions/c5807ddd completed in 21ms
2025-11-22 02:19:26.737 [INF] Scheduler: POST /api/v1/orders completed in 2909ms
2025-11-22 02:19:29.179 [INF] ApiGateway: DELETE /api/v1/sessions/8a1de323 completed in 677ms
2025-11-22 02:19:29.554 [DBG] Config: Connection pool status: 3/20 active
2025-11-22 02:19:33.225 [INF] Cache: PUT /api/v1/users/user_5184/profile completed in 69ms
2025-11-22 02:19:38.135 [DBG] Scheduler: Processing request 1bb31f11
2025-11-22 02:19:40.438 [INF] Cache: PUT /api/v1/users/user_5568/profile completed in 24ms
2025-11-22 02:19:45.361 [INF] ApiGateway: User user_5224 authenticated successfully
2025-11-22 02:19:46.020 [WRN] Database: Retry attempt 2 for operation ProcessPayment
2025-11-22 02:19:50.767 [DBG] Scheduler: Connection pool status: 6/20 active
2025-11-22 02:19:54.506 [TRC] MessageQueue: Variable state: {counter: 42, flag: true}
2025-11-22 02:19:56.880 [INF] Cache: GET /api/v1/users/user_8924 completed in 1477ms
2025-11-22 02:20:00.579 [INF] Metrics: DELETE /api/v1/sessions/7240c96f completed in 2202ms
2025-11-22 02:20:01.793 [INF] FileProcessor: Service started on port 443
2025-11-22 02:20:03.116 [INF] FileProcessor: Scheduled job BackupJob completed in 10ms
2025-11-22 02:20:07.337 [DBG] ApiGateway: Cache lookup for key cache:user:d4ff63df
2025-11-22 02:20:11.343 [INF] ApiGateway: Database query executed in 5ms
2025-11-22 02:20:14.468 [INF] HttpServer: Service started on port 443
2025-11-22 02:20:14.754 [DBG] Config: Parsed configuration: {"timeout": 30, "retries": 3}
2025-11-22 02:20:19.668 [INF] Metrics: Database query executed in 197ms
2025-11-22 02:20:23.438 [DBG] MessageQueue: Processing request 0dfd9dae
2025-11-22 02:20:27.135 [INF] Auth: GET /api/v1/users/user_8566 completed in 47ms
2025-11-22 02:20:29.555 [DBG] ApiGateway: Processing request d91110c8
2025-11-22 02:20:30.919 [INF] MessageQueue: Scheduled job CleanupJob completed in 103ms
2025-11-22 02:20:32.562 [INF] HttpServer: User user_7612 authenticated successfully
2025-11-22 02:20:35.872 [INF] Database: Connected to database mysql://db:3306/app
2025-11-22 02:20:40.440 [DBG] Metrics: Processing request a04fa1e3
2025-11-22 02:20:42.982 [DBG] Cache: Query execution plan generated
2025-11-22 02:20:44.677 [DBG] Scheduler: Processing request 77ccc5ee
2025-11-22 02:20:48.777 [INF] Scheduler: Connected to database mysql://db:3306/app
2025-11-22 02:20:49.073 [INF] Database: GET /api/v1/users/user_8118 completed in 176ms
2025-11-22 02:20:52.662 [INF] Metrics: User user_1164 authenticated successfully
2025-11-22 02:20:57.529 [INF] Auth: POST /api/v1/orders completed in 2808ms
2025-11-22 02:21:01.739 [DBG] Metrics: Connection pool status: 15/20 active
2025-11-22 02:21:05.709 [INF] Config: DELETE /api/v1/sessions/b2c82d45 completed in 3ms
2025-11-22 02:21:06.830 [INF] Cache: Health check passed
2025-11-22 02:21:10.292 [INF] Cache: Configuration reloaded
2025-11-22 02:21:11.171 [DBG] Auth: Processing request a01bca97
2025-11-22 02:21:14.121 [DBG] FileProcessor: Processing request e2c3b8d5
2025-11-22 02:21:17.885 [INF] Config: GET /api/v1/users/user_7593 completed in 212ms
2025-11-22 02:21:21.234 [INF] Metrics: Batch processing completed: 489/1011 items
2025-11-22 02:21:21.840 [INF] Database: DELETE /api/v1/sessions/e7550ac6 completed in 9ms
2025-11-22 02:21:26.272 [DBG] Cache: Query execution plan generated
2025-11-22 02:21:28.362 [DBG] HttpServer: Connection pool status: 17/20 active
2025-11-22 02:21:29.451 [DBG] ApiGateway: Processing request b50acc51
2025-11-22 02:21:33.037 [INF] FileProcessor: Message consumed from events in 172ms
2025-11-22 02:21:36.483 [WRN] Auth: Memory usage at 73%
2025-11-22 02:21:38.384 [INF] Metrics: Service started on port 443
2025-11-22 02:21:41.033 [INF] HttpServer: Scheduled job CleanupJob completed in 2300ms
2025-11-22 02:21:43.009 [INF] ApiGateway: Scheduled job BackupJob completed in 2043ms
2025-11-22 02:21:43.838 [DBG] FileProcessor: Cache lookup for key cache:user:27d3267e
2025-11-22 02:21:44.501 [INF] Config: PUT /api/v1/users/user_6429/profile completed in 1924ms
2025-11-22 02:21:48.868 [INF] Metrics: Request 9d46d253 completed in 973ms
2025-11-22 02:21:49.947 [INF] Database: File export_181e2323.csv processed, 5744 records
2025-11-22 02:21:53.773 [DBG] MessageQueue: Processing request 33544232
2025-11-22 02:21:55.294 [ERR] Config: Authentication failed for user user_6043
2025-11-22 02:21:59.965 [INF] Metrics: Configuration reloaded
2025-11-22 02:22:01.293 [WRN] Metrics: Connection pool exhausted, waiting for available connection
2025-11-22 02:22:02.981 [DBG] Database: Query execution plan generated
2025-11-22 02:22:04.672 [INF] Cache: Connected to database postgres://db:5432/app
2025-11-22 02:22:09.364 [INF] HttpServer: File report_d8bb2218.csv processed, 8794 records
2025-11-22 02:22:11.727 [INF] Auth: Database query executed in 196ms
2025-11-22 02:22:15.118 [DBG] Metrics: Connection pool status: 3/20 active
2025-11-22 02:22:15.537 [DBG] Auth: Parsed configuration: {"timeout": 30, "retries": 3}
2025-11-22 02:22:20.203 [INF] ApiGateway: Scheduled job BackupJob completed in 48ms
2025-11-22 02:22:24.469 [INF] Scheduler: GET /api/v1/products?page=7 completed in 832ms
2025-11-22 02:22:25.714 [FTL] Metrics: Unrecoverable error, shutting down
2025-11-22 02:22:27.097 [DBG] ApiGateway: Query execution plan generated
2025-11-22 02:22:29.541 [WRN] Config: Memory usage at 83%
2025-11-22 02:22:34.536 [TRC] HttpServer: Variable state: {counter: 42, flag: true}
2025-11-22 02:22:35.112 [DBG] Metrics: Processing request 03f769d2
2025-11-22 02:22:38.496 [INF] Database: Cache hit for key cache:session:fe76416c
2025-11-22 02:22:39.429 [INF] Scheduler: Outbound HTTP call to NotificationService completed in 210ms
2025-11-22 02:22:40.973 [INF] Config: User user_3180 authenticated successfully
2025-11-22 02:22:43.059 [INF] Database: User user_3099 authenticated successfully
2025-11-22 02:22:43.206 [INF] Cache: Outbound HTTP call to PaymentService completed in 620ms
2025-11-22 02:22:47.872 [FTL] Config: Application startup failed: Resource not found
2025-11-22 02:22:48.709 [INF] HttpServer: Message published to tasks
2025-11-22 02:22:51.465 [INF] HttpServer: Outbound HTTP call to PaymentService completed in 692ms
2025-11-22 02:22:51.767 [WRN] Metrics: Slow query detected: 1909ms for SELECT * FROM users WHERE...
2025-11-22 02:22:52.046 [DBG] Auth: Parsed configuration: {"timeout": 30, "retries": 3}
2025-11-22 02:22:56.458 [INF] Scheduler: File import_d214b5da.csv processed, 5103 records
2025-11-22 02:22:58.050 [WRN] Cache: Slow query detected: 954ms for SELECT * FROM users WHERE...
2025-11-22 02:23:02.847 [DBG] ApiGateway: Query execution plan generated
2025-11-22 02:23:07.208 [INF] Cache: DELETE /api/v1/sessions/010aeb9e completed in 2396ms
2025-11-22 02:23:10.934 [DBG] MessageQueue: Processing request 9b509cc9
2025-11-22 02:23:14.665 [DBG] MessageQueue: Processing request 6a191da5
2025-11-22 02:23:14.832 [INF] Metrics: POST /api/v1/orders completed in 154ms
2025-11-22 02:23:15.653 [DBG] Scheduler: Parsed configuration: {"timeout": 30, "retries": 3}
2025-11-22 02:23:15.765 [WRN] ApiGateway: Retry attempt 2 for operation SendEmail
2025-11-22 02:23:16.492 [INF] Scheduler: Cache hit for key cache:user:f84b4fe9
2025-11-22 02:23:18.190 [INF] MessageQueue: Batch processing completed: 855/1063 items
2025-11-22 02:23:18.817 [INF] Cache: PUT /api/v1/users/user_5924/profile completed in 34ms
2025-11-22 02:23:22.357 [INF] Database: GET /api/v1/products?page=7 completed in 1731ms
2025-11-22 02:23:22.773 [ERR] Database: Database connection failed: Invalid token
2025-11-22 02:23:26.214 [INF] ApiGateway: Health check passed
2025-11-22 02:23:30.783 [TRC] HttpServer: Variable state: {counter: 42, flag: true}
2025-11-22 02:23:35.357 [INF] Scheduler: Message consumed from orders in 63ms
2025-11-22 02:23:38.129 [INF] MessageQueue: Request 9ade36c0 completed in 79ms
2025-11-22 02:23:41.884 [INF] ApiGateway: Scheduled job ReportGenerator started
2025-11-22 02:23:43.995 [INF] Auth: Configuration reloaded
2025-11-22 02:23:46.867 [WRN] Cache: Certificate expires in 12 days
2025-11-22 02:23:51.692 [DBG] Metrics: Parsed configuration: {"timeout": 30, "retries": 3}
2025-11-22 02:23:56.013 [ERR] FileProcessor: Unhandled exception in Auth: Invalid token
2025-11-22 02:23:59.487 [INF] Auth: Outbound HTTP call to PaymentService completed in 40ms
2025-11-22 02:24:02.434 [WRN] Metrics: Connection pool exhausted, waiting for available connection
2025-11-22 02:24:04.753 [INF] Metrics: Scheduled job DataSync started
2025-11-22 02:24:05.385 [DBG] Auth: Parsed configuration: {"timeout": 30, "retries": 3}
2025-11-22 02:24:08.423 [INF] Scheduler: PUT /api/v1/users/user_6444/profile completed in 391ms
2025-11-22 02:24:13.322 [ERR] Auth: Database connection failed: Resource not found
2025-11-22 02:24:15.558 [INF] Cache: Database query executed in 114ms
2025-11-22 02:24:19.248 [INF] FileProcessor: Request e150e601 completed in 4370ms
2025-11-22 02:24:23.419 [ERR] FileProcessor: Database connection failed: Invalid token
2025-11-22 02:24:24.650 [ERR] Config: Failed to process request bb9612d0: Timeout exceeded
2025-11-22 02:24:24.982 [INF] Metrics: Scheduled job CleanupJob started
2025-11-22 02:24:27.438 [INF] Cache: GET /api/v1/products?page=59 completed in 768ms
2025-11-22 02:24:28.413 [DBG] MessageQueue: Processing request 840a5562
2025-11-22 02:24:31.326 [INF] ApiGateway: GET /api/v1/products?page=86 completed in 2878ms
2025-11-22 02:24:33.518 [INF] Auth: Configuration reloaded
2025-11-22 02:24:37.383 [DBG] Cache: Processing request 2f085560
2025-11-22 02:24:38.236 [INF] MessageQueue: Cache hit for key cache:user:683ba3a7
2025-11-22 02:24:39.023 [DBG] FileProcessor: Processing request 85c6e2e7
2025-11-22 02:24:43.457 [DBG] Auth: Parsed configuration: {"timeout": 30, "retries": 3}
2025-11-22 02:24:45.853 [INF] Auth: Scheduled job CleanupJob started
2025-11-22 02:24:47.584 [DBG] ApiGateway: Query execution plan generated
2025-11-22 02:24:49.398 [DBG] Scheduler: Parsed configuration: {"timeout": 30, "retries": 3}
2025-11-22 02:24:51.008 [DBG] Database: Connection pool status: 4/20 active
2025-11-22 02:24:55.856 [ERR] Database: Failed to process request 7b18d7b2: Permission denied
2025-11-22 02:24:59.843 [WRN] HttpServer: Retry attempt 4 for operation ProcessPayment
2025-11-22 02:25:02.645 [INF] Scheduler: Cache hit for key cache:session:92fd452c
2025-11-22 02:25:07.250 [WRN] Cache: Certificate expires in 20 days
2025-11-22 02:25:09.883 [INF] HttpServer: Database query executed in 127ms
2025-11-22 02:25:13.849 [DBG] Config: Connection pool status: 2/20 active
2025-11-22 02:25:16.515 [INF] Cache: Scheduled job DataSync started
2025-11-22 02:25:20.305 [INF] Metrics: Batch processing completed: 127/1050 items
2025-11-22 02:25:25.165 [INF] ApiGateway: Connected to database postgres://db:5432/app
2025-11-22 02:25:25.608 [INF] Database: Message published to orders
2025-11-22 02:25:29.467 [DBG] Metrics: Cache lookup for key cache:user:4dbab82a
2025-11-22 02:25:33.090 [INF] MessageQueue: Batch processing completed: 765/1026 items
2025-11-22 02:25:36.112 [INF] Config: Service started on port 3000
2025-11-22 02:25:39.099 [INF] MessageQueue: Connected to database postgres://db:5432/app
2025-11-22 02:25:43.709 [INF] Metrics: User user_3981 authenticated successfully
2025-11-22 02:25:44.333 [INF] Cache: Request 0528dfdc completed in 236ms
2025-11-22 02:25:44.544 [INF] Database: GET /api/v1/products?page=8 completed in 2636ms
2025-11-22 02:25:48.937 [INF] Auth: Scheduled job DataSync completed in 10ms
2025-11-22 02:25:49.470 [INF] Cache: GET /api/v1/users/user_9740 completed in 989ms
2025-11-22 02:25:52.452 [WRN] ApiGateway: Memory usage at 71%
2025-11-22 02:25:55.489 [INF] Scheduler: Service started on port 8080
2025-11-22 02:25:59.648 [INF] HttpServer: Batch processing completed: 201/1014 items
2025-11-22 02:26:04.158 [DBG] Config: Cache lookup for key cache:user:4bac1185
2025-11-22 02:26:06.642 [DBG] Scheduler: Cache lookup for key cache:user:52beb09e
2025-11-22 02:26:11.518 [TRC] Scheduler: Loop iteration 48 of 1081
2025-11-22 02:26:15.699 [DBG] Auth: Processing request 97faeaa3
2025-11-22 02:26:16.710 [INF] Database: PUT /api/v1/users/user_6873/profile completed in 129ms
2025-11-22 02:26:19.723 [DBG] MessageQueue: Connection pool status: 9/20 active
2025-11-22 02:26:20.490 [INF] Metrics: GET /api/v1/products?page=19 completed in 170ms
2025-11-22 02:26:24.762 [INF] FileProcessor: User user_1015 authenticated successfully
2025-11-22 02:26:28.729 [INF] FileProcessor: Message consumed from tasks in 45ms
2025-11-22 02:26:33.153 [INF] FileProcessor: Outbound HTTP call to PaymentService completed in 826ms
2025-11-22 02:26:34.076 [DBG] MessageQueue: Query execution plan generated
2025-11-22 02:26:36.529 [WRN] HttpServer: Memory usage at 81%
2025-11-22 02:26:40.071 [DBG] Database: Cache lookup for key cache:session:46f6ae91
2025-11-22 02:26:42.695 [DBG] ApiGateway: Connection pool status: 6/20 active
2025-11-22 02:26:43.496 [WRN] Scheduler: Deprecated API endpoint called: /api/v1/orders
2025-11-22 02:26:48.035 [DBG] Auth: Query execution plan generated
2025-11-22 02:26:52.609 [INF] FileProcessor: GET /api/v1/products?page=38 completed in 172ms
2025-11-22 02:26:55.142 [DBG] Metrics: Connection pool status: 1/20 active
2025-11-22 02:27:00.089 [INF] Scheduler: Request d4026aa3 completed in 21ms
2025-11-22 02:27:02.907 [INF] Cache: Database query executed in 13ms
2025-11-22 02:27:05.191 [INF] Config: DELETE /api/v1/sessions/75a19daa completed in 3ms
2025-11-22 02:27:09.003 [INF] Cache: Message consumed from events in 39ms
2025-11-22 02:27:13.516 [INF] Metrics: Request dad308ea completed in 417ms
2025-11-22 02:27:16.021 [INF] Scheduler: Service started on port 9000
2025-11-22 02:27:19.860 [INF] HttpServer: Request fc024234 completed in 747ms
2025-11-22 02:27:20.476 [WRN] Cache: Slow query detected: 43ms for SELECT * FROM users WHERE...
2025-11-22 02:27:20.799 [INF] Cache: File report_4a21ee69.csv processed, 3317 records
2025-11-22 02:27:25.712 [FTL] Database: Application startup failed: Resource not found
2025-11-22 02:27:29.158 [INF] ApiGateway: Service started on port 443
2025-11-22 02:27:33.342 [INF] HttpServer: User user_8860 authenticated successfully
2025-11-22 02:27:34.716 [ERR] HttpServer: Authentication failed for user user_9516
2025-11-22 02:27:37.859 [INF] Database: POST /api/v1/orders completed in 90ms
2025-11-22 02:27:42.286 [INF] HttpServer: GET /api/v1/products?page=96 completed in 490ms
2025-11-22 02:27:46.575 [WRN] Database: Deprecated API endpoint called: /api/v1/legacy
2025-11-22 02:27:49.555 [INF] HttpServer: Configuration reloaded
2025-11-22 02:27:50.382 [INF] Metrics: GET /api/v1/users/user_1281 completed in 3076ms
2025-11-22 02:27:55.231 [INF] Database: Scheduled job BackupJob completed in 35ms
2025-11-22 02:27:56.632 [WRN] Database: Rate limit approaching for client client_d8b7aee4
2025-11-22 02:28:00.139 [INF] Metrics: User user_7888 authenticated successfully
2025-11-22 02:28:00.734 [INF] ApiGateway: User user_4974 authenticated successfully
2025-11-22 02:28:05.422 [INF] Database: GET /api/v1/products?page=80 completed in 44ms
2025-11-22 02:28:05.561 [WRN] Metrics: Rate limit approaching for client client_40abafa8
2025-11-22 02:28:05.763 [DBG] Cache: Connection pool status: 5/20 active
2025-11-22 02:28:09.259 [DBG] FileProcessor: Parsed configuration: {"timeout": 30, "retries": 3}
2025-11-22 02:28:09.958 [INF] Database: POST /api/v1/orders completed in 3620ms
2025-11-22 02:28:13.811 [INF] Config: Configuration reloaded
2025-11-22 02:28:14.632 [INF] Database: Configuration reloaded
2025-11-22 02:28:16.605 [INF] Auth: Scheduled job ReportGenerator started
2025-11-22 02:28:18.875 [INF] Database: Service started on port 443
2025-11-22 02:28:19.873 [INF] Database: Service started on port 443
2025-11-22 02:28:22.753 [INF] ApiGateway: Health check passed
2025-11-22 02:28:26.578 [DBG] FileProcessor: Query execution plan generated
2025-11-22 02:28:29.049 [INF] Metrics: Message consumed from tasks in 116ms
2025-11-22 02:28:31.657 [DBG] ApiGateway: Query execution plan generated
2025-11-22 02:28:36.449 [INF] Config: Database query executed in 5ms
2025-11-22 02:28:36.580 [INF] Scheduler: DELETE /api/v1/sessions/f56e8d25 completed in 15ms
2025-11-22 02:28:41.495 [INF] Auth: GET /api/v1/users/user_9145 completed in 32ms
2025-11-22 02:28:46.194 [DBG] Cache: Connection pool status: 18/20 active
2025-11-22 02:28:47.616 [INF] FileProcessor: Service started on port 443
2025-11-22 02:28:52.298 [INF] Database: Service started on port 5000
2025-11-22 02:28:53.091 [INF] FileProcessor: Database query executed in 12ms
2025-11-22 02:28:56.333 [INF] ApiGateway: POST /api/v1/orders completed in 168ms
2025-11-22 02:28:59.684 [INF] Database: GET /api/v1/products?page=4 completed in 4032ms
2025-11-22 02:29:02.829 [INF] Config: Scheduled job BackupJob started
2025-11-22 02:29:02.894 [INF] Metrics: POST /api/v1/orders completed in 894ms
2025-11-22 02:29:03.034 [INF] Metrics: Request b2155076 completed in 183ms
2025-11-22 02:29:05.115 [DBG] ApiGateway: Parsed configuration: {"timeout": 30, "retries": 3}
2025-11-22 02:29:08.341 [INF] FileProcessor: User user_2437 authenticated successfully
2025-11-22 02:29:13.143 [INF] Auth: File data_8dc39a2a.csv processed, 530 records
2025-11-22 02:29:15.004 [INF] Metrics: Connected to database postgres://db:5432/app
2025-11-22 02:29:17.390 [INF] Config: Message published to orders
2025-11-22 02:29:21.029 [DBG] Scheduler: Cache lookup for key cache:session:9fa8304d
2025-11-22 02:29:23.311 [INF] HttpServer: Request 5b84ad8b completed in 579ms
2025-11-22 02:29:25.200 [INF] Database: Configuration reloaded
2025-11-22 02:29:26.130 [INF] HttpServer: Message consumed from tasks in 1811ms
2025-11-22 02:29:28.453 [INF] ApiGateway: Message consumed from notifications in 10ms
2025-11-22 02:29:30.465 [WRN] MessageQueue: Memory usage at 79%
2025-11-22 02:29:35.325 [INF] Database: GET /api/v1/users/user_2172 completed in 190ms
2025-11-22 02:29:35.374 [WRN] Metrics: Memory usage at 95%
2025-11-22 02:29:37.209 [DBG] MessageQueue: Query execution plan generated
2025-11-22 02:29:40.086 [DBG] Cache: Connection pool status: 8/20 active
2025-11-22 02:29:42.786 [WRN] Database: Memory usage at 91%
2025-11-22 02:29:43.605 [INF] Cache: Database query executed in 2448ms
2025-11-22 02:29:48.159 [INF] Scheduler: PUT /api/v1/users/user_7147/profile completed in 145ms
2025-11-22 02:29:48.582 [DBG] FileProcessor: Cache lookup for key cache:config:7a58c59d
2025-11-22 02:29:49.183 [INF] Metrics: File import_74fd70ce.csv processed, 8147 records
2025-11-22 02:29:53.312 [INF] Auth: Cache hit for key cache:user:f97fb0e8
2025-11-22 02:29:56.763 [INF] Cache: Database query executed in 125ms
2025-11-22 02:29:58.334 [DBG] FileProcessor: Cache lookup for key cache:user:c97a3300
2025-11-22 02:30:00.387 [TRC] Config: Loop iteration 42 of 1011
2025-11-22 02:30:03.084 [INF] HttpServer: Message published to orders
2025-11-22 02:30:06.890 [INF] ApiGateway: Database query executed in 9ms
2025-11-22 02:30:09.985 [INF] Metrics: Batch processing completed: 142/1056 items
2025-11-22 02:30:13.951 [INF] HttpServer: GET /api/v1/users/user_8209 completed in 88ms
2025-11-22 02:30:14.200 [DBG] Config: Parsed configuration: {"timeout": 30, "retries": 3}
2025-11-22 02:30:17.711 [INF] HttpServer: Connected to database postgres://db:5432/app
2025-11-22 02:30:21.024 [INF] ApiGateway: Outbound HTTP call to NotificationService completed in 15ms
2025-11-22 02:30:23.902 [DBG] FileProcessor: Parsed configuration: {"timeout": 30, "retries": 3}
2025-11-22 02:30:27.436 [INF] Config: Request 202dd6df completed in 92ms
2025-11-22 02:30:31.374 [WRN] Cache: Certificate expires in 28 days
2025-11-22 02:30:31.502 [INF] Config: Database query executed in 3ms
2025-11-22 02:30:35.194 [ERR] FileProcessor: Failed to process request f02266d8: Permission denied
2025-11-22 02:30:36.951 [INF] Database: Message published to notifications
2025-11-22 02:30:39.570 [INF] Auth: Connected to database mysql://db:3306/app
2025-11-22 02:30:44.449 [DBG] Config: Processing request 548d6a73
2025-11-22 02:30:47.358 [INF] Cache: Service started on port 9000
2025-11-22 02:30:50.192 [DBG] FileProcessor: Processing request 57cd30ce
2025-11-22 02:30:55.091 [INF] Scheduler: POST /api/v1/orders completed in 2346ms
2025-11-22 02:30:58.600 [INF] Auth: User user_2048 authenticated successfully
2025-11-22 02:31:01.599 [WRN] Metrics: Certificate expires in 12 days
2025-11-22 02:31:04.673 [INF] Config: Message consumed from notifications in 1194ms
2025-11-22 02:31:07.221 [INF] Metrics: GET /api/v1/users/user_7344 completed in 865ms
2025-11-22 02:31:11.221 [DBG] FileProcessor: Processing request 5405e0c5
2025-11-22 02:31:13.013 [INF] Config: Request 768d34c9 completed in 2339ms
2025-11-22 02:31:16.859 [WRN] ApiGateway: Memory usage at 83%
2025-11-22 02:31:21.783 [DBG] Auth: Connection pool status: 6/20 active
2025-11-22 02:31:25.830 [INF] Cache: Scheduled job BackupJob completed in 675ms
2025-11-22 02:31:29.544 [INF] Config: DELETE /api/v1/sessions/ff3ca3b8 completed in 9ms
2025-11-22 02:31:33.723 [DBG] HttpServer: Parsed configuration: {"timeout": 30, "retries": 3}
2025-11-22 02:31:36.509 [INF] Metrics: User user_5280 authenticated successfully
2025-11-22 02:31:39.315 [INF] FileProcessor: Batch processing completed: 754/1059 items
2025-11-22 02:31:43.584 [INF] Scheduler: Scheduled job ReportGenerator completed in 82ms
2025-11-22 02:31:45.737 [DBG] Auth: Cache lookup for key cache:config:6e307466
2025-11-22 02:31:49.888 [INF] Auth: Outbound HTTP call to PaymentService completed in 320ms
2025-11-22 02:31:51.881 [INF] FileProcessor: Outbound HTTP call to PaymentService completed in 364ms
2025-11-22 02:31:53.504 [INF] Metrics: Service started on port 5000
2025-11-22 02:31:54.297 [DBG] Cache: Parsed configuration: {"timeout": 30, "retries": 3}
2025-11-22 02:31:54.547 [DBG] Metrics: Query execution plan generated
2025-11-22 02:31:56.379 [INF] MessageQueue: Configuration reloaded
2025-11-22 02:32:00.816 [INF] Scheduler: PUT /api/v1/users/user_7375/profile completed in 134ms
2025-11-22 02:32:01.949 [INF] ApiGateway: Database query executed in 162ms
2025-11-22 02:32:01.988 [INF] MessageQueue: Connected to database postgres://db:5432/app
2025-11-22 02:32:04.428 [INF] Database: Message published to notifications
2025-11-22 02:32:05.666 [INF] MessageQueue: Health check passed
2025-11-22 02:32:07.130 [DBG] Database: Query execution plan generated
2025-11-22 02:32:08.274 [INF] HttpServer: Message consumed from orders in 3ms
2025-11-22 02:32:12.181 [INF] MessageQueue: Scheduled job DataSync completed in 711ms
2025-11-22 02:32:14.205 [INF] MessageQueue: File report_be714d47.csv processed, 4292 records
2025-11-22 02:32:15.189 [INF] Database: GET /api/v1/users/user_8618 completed in 2119ms
2025-11-22 02:32:17.247 [INF] Cache: Scheduled job BackupJob started
2025-11-22 02:32:18.436 [INF] Cache: GET /api/v1/users/user_4453 completed in 30ms
2025-11-22 02:32:22.342 [WRN] Cache: Deprecated API endpoint called: /api/v1/users
2025-11-22 02:32:25.794 [DBG] MessageQueue: Cache lookup for key cache:user:ef1ba491
2025-11-22 02:32:28.611 [INF] Config: Batch processing completed: 836/1098 items
2025-11-22 02:32:28.877 [INF] Scheduler: User user_6338 authenticated successfully
2025-11-22 02:32:30.956 [DBG] Auth: Connection pool status: 7/20 active
2025-11-22 02:32:32.999 [DBG] Auth: Parsed configuration: {"timeout": 30, "retries": 3}
2025-11-22 02:32:35.375 [INF] ApiGateway: GET /api/v1/products?page=98 completed in 710ms
2025-11-22 02:32:36.817 [DBG] Auth: Parsed configuration: {"timeout": 30, "retries": 3}
2025-11-22 02:32:37.988 [INF] Metrics: User user_5573 authenticated successfully
2025-11-22 02:32:40.836 [INF] Metrics: GET /api/v1/products?page=56 completed in 2564ms
2025-11-22 02:32:45.480 [INF] Auth: DELETE /api/v1/sessions/61c502ff completed in 123ms
2025-11-22 02:32:48.886 [DBG] Cache: Connection pool status: 6/20 active
2025-11-22 02:32:52.567 [DBG] MessageQueue: Cache lookup for key cache:user:eaac0da6
2025-11-22 02:32:53.108 [INF] Auth: Message published to events
2025-11-22 02:32:58.068 [ERR] Auth: Timeout waiting for response from NotificationService
2025-11-22 02:33:00.709 [INF] Auth: Health check passed
2025-11-22 02:33:03.003 [INF] MessageQueue: Scheduled job BackupJob started
2025-11-22 02:33:05.766 [INF] Database: Scheduled job BackupJob completed in 25ms
2025-11-22 02:33:07.013 [DBG] Database: Connection pool status: 6/20 active
2025-11-22 02:33:10.872 [INF] HttpServer: Message published to events
2025-11-22 02:33:15.515 [INF] Scheduler: PUT /api/v1/users/user_8177/profile completed in 14ms
2025-11-22 02:33:17.453 [INF] Database: Health check passed
2025-11-22 02:33:22.265 [INF] Scheduler: Connected to database postgres://db:5432/app
2025-11-22 02:33:25.739 [INF] Cache: Scheduled job CleanupJob completed in 583ms
2025-11-22 02:33:28.233 [INF] Scheduler: Database query executed in 2375ms
2025-11-22 02:33:28.806 [WRN] MessageQueue: Connection pool exhausted, waiting for available connection
2025-11-22 02:33:31.532 [TRC] Database: Loop iteration 4 of 1054
2025-11-22 02:33:31.948 [DBG] Cache: Query execution plan generated
2025-11-22 02:33:34.036 [INF] Cache: GET /api/v1/users/user_1530 completed in 185ms
2025-11-22 02:33:34.653 [INF] MessageQueue: Batch processing completed: 368/1030 items
2025-11-22 02:33:38.787 [DBG] MessageQueue: Cache lookup for key cache:config:f48a3d2b
2025-11-22 02:33:43.691 [WRN] Config: Rate limit approaching for client client_46600693
2025-11-22 02:33:44.913 [INF] Config: Scheduled job DataSync completed in 7ms
2025-11-22 02:33:49.624 [INF] Database: Service started on port 3000
2025-11-22 02:33:50.822 [INF] FileProcessor: Request 339c1634 completed in 42ms
2025-11-22 02:33:54.521 [DBG] Database: Processing request ac508c93
2025-11-22 02:33:57.602 [INF] MessageQueue: Configuration reloaded
2025-11-22 02:33:58.180 [INF] MessageQueue: Message consumed from orders in 152ms
2025-11-22 02:33:59.437 [DBG] ApiGateway: Query execution plan generated
2025-11-22 02:34:02.362 [DBG] Config: Parsed configuration: {"timeout": 30, "retries": 3}
2025-11-22 02:34:04.204 [FTL] Database: Critical resource unavailable: MessageBroker
2025-11-22 02:34:06.034 [INF] Metrics: PUT /api/v1/users/user_3580/profile completed in 222ms
2025-11-22 02:34:10.631 [WRN] Scheduler: Retry attempt 3 for operation SendEmail
2025-11-22 02:34:15.194 [INF] ApiGateway: POST /api/v1/orders completed in 334ms
2025-11-22 02:34:18.386 [INF] HttpServer: Scheduled job DataSync completed in 3820ms
2025-11-22 02:34:18.813 [INF] FileProcessor: Health check passed
2025-11-22 02:34:22.042 [INF] MessageQueue: GET /api/v1/products?page=89 completed in 28ms
2025-11-22 02:34:25.226 [INF] MessageQueue: GET /api/v1/products?page=22 completed in 3428ms
2025-11-22 02:34:26.654 [INF] Cache: Scheduled job DataSync started
2025-11-22 02:34:29.809 [INF] ApiGateway: POST /api/v1/orders completed in 871ms
2025-11-22 02:34:31.751 [INF] HttpServer: Service started on port 5000
2025-11-22 02:34:34.560 [INF] FileProcessor: Service started on port 3000
2025-11-22 02:34:37.203 [INF] ApiGateway: Outbound HTTP call to PaymentService completed in 53ms
2025-11-22 02:34:38.847 [INF] Cache: Scheduled job BackupJob completed in 980ms
2025-11-22 02:34:43.354 [WRN] FileProcessor: Slow query detected: 1034ms for SELECT * FROM users WHERE...
2025-11-22 02:34:44.988 [DBG] Database: Query execution plan generated
2025-11-22 02:34:48.207 [WRN] Cache: Certificate expires in 24 days
2025-11-22 02:34:50.321 [TRC] ApiGateway: Entering method ProcessOrder with parameters {id: 123, type: "full"}
2025-11-22 02:34:51.266 [DBG] Config: Query execution plan generated
2025-11-22 02:34:52.568 [WRN] Metrics: Rate limit approaching for client client_abdfebec
2025-11-22 02:34:57.046 [DBG] Auth: Processing request c04a2795
2025-11-22 02:35:01.000 [INF] Cache: Database query executed in 3359ms
2025-11-22 02:35:05.887 [INF] Cache: POST /api/v1/orders completed in 16ms
2025-11-22 02:35:08.162 [WRN] FileProcessor: Slow query detected: 89ms for SELECT * FROM users WHERE...
2025-11-22 02:35:10.365 [INF] Metrics: File import_30be6449.csv processed, 3228 records
2025-11-22 02:35:15.110 [INF] Scheduler: Configuration reloaded
2025-11-22 02:35:19.814 [INF] Metrics: Configuration reloaded
2025-11-22 02:35:24.431 [DBG] HttpServer: Query execution plan generated
2025-11-22 02:35:25.882 [INF] HttpServer: Configuration reloaded
2025-11-22 02:35:28.280 [WRN] Auth: Connection pool exhausted, waiting for available connection
2025-11-22 02:35:30.669 [INF] ApiGateway: POST /api/v1/orders completed in 18ms
2025-11-22 02:35:31.423 [DBG] Auth: Connection pool status: 2/20 active
2025-11-22 02:35:32.403 [INF] Scheduler: Scheduled job ReportGenerator started
2025-11-22 02:35:35.377 [INF] Auth: Batch processing completed: 286/1078 items
2025-11-22 02:35:36.791 [INF] MessageQueue: Database query executed in 1640ms
2025-11-22 02:35:39.818 [DBG] Metrics: Parsed configuration: {"timeout": 30, "retries": 3}
2025-11-22 02:35:41.071 [DBG] ApiGateway: Connection pool status: 16/20 active
2025-11-22 02:35:42.013 [INF] Auth: Scheduled job DataSync completed in 145ms
2025-11-22 02:35:43.306 [DBG] Config: Connection pool status: 6/20 active
2025-11-22 02:35:44.087 [WRN] Scheduler: Retry attempt 5 for operation ProcessPayment
2025-11-22 02:35:45.678 [TRC] ApiGateway: Entering method ProcessOrder with parameters {id: 123, type: "full"}
2025-11-22 02:35:48.529 [INF] FileProcessor: Scheduled job DataSync completed in 39ms
2025-11-22 02:35:51.041 [INF] FileProcessor: GET /api/v1/users/user_3173 completed in 768ms
2025-11-22 02:35:52.107 [DBG] MessageQueue: Connection pool status: 4/20 active
2025-11-22 02:35:52.788 [INF] Metrics: Outbound HTTP call to NotificationService completed in 180ms
2025-11-22 02:35:54.041 [ERR] Metrics: Authentication failed for user user_1038
2025-11-22 02:35:54.936 [INF] Cache: Request 06d78a46 completed in 502ms
2025-11-22 02:35:59.086 [INF] ApiGateway: GET /api/v1/users/user_8717 completed in 200ms
2025-11-22 02:36:03.866 [DBG] HttpServer: Query execution plan generated
2025-11-22 02:36:06.016 [INF] HttpServer: User user_8833 authenticated successfully
2025-11-22 02:36:10.183 [INF] Metrics: Request 27a2972e completed in 21ms
2025-11-22 02:36:13.981 [INF] Database: Database query executed in 180ms
2025-11-22 02:36:14.067 [INF] Scheduler: Scheduled job ReportGenerator completed in 88ms
2025-11-22 02:36:17.175 [INF] Auth: PUT /api/v1/users/user_1199/profile completed in 543ms
2025-11-22 02:36:20.268 [ERR] MessageQueue: Timeout waiting for response from PaymentService
2025-11-22 02:36:23.260 [WRN] Cache: Retry attempt 2 for operation SyncData
2025-11-22 02:36:27.985 [INF] Metrics: User user_5715 authenticated successfully
2025-11-22 02:36:31.155 [INF] HttpServer: Outbound HTTP call to UserService completed in 2070ms
2025-11-22 02:36:35.568 [DBG] Database: Parsed configuration: {"timeout": 30, "retries": 3}
2025-11-22 02:36:36.519 [INF] Config: Message consumed from tasks in 912ms
2025-11-22 02:36:37.236 [INF] Database: Health check passed
2025-11-22 02:36:37.880 [INF] Cache: GET /api/v1/products?page=72 completed in 37ms
2025-11-22 02:36:40.731 [INF] Cache: Batch processing completed: 112/1066 items
2025-11-22 02:36:45.193 [INF] ApiGateway: Service started on port 9000
2025-11-22 02:36:46.693 [DBG] ApiGateway: Connection pool status: 9/20 active
2025-11-22 02:36:46.972 [DBG] HttpServer: Query execution plan generated
2025-11-22 02:36:49.318 [INF] FileProcessor: User user_3907 authenticated successfully
2025-11-22 02:36:51.859 [WRN] MessageQueue: Memory usage at 88%
2025-11-22 02:36:55.260 [INF] MessageQueue: Batch processing completed: 855/1037 items
2025-11-22 02:36:57.652 [WRN] Metrics: Slow query detected: 107ms for SELECT * FROM users WHERE...
2025-11-22 02:37:02.103 [INF] ApiGateway: GET /api/v1/products?page=4 completed in 591ms
2025-11-22 02:37:06.352 [INF] Config: GET /api/v1/users/user_6279 completed in 250ms
2025-11-22 02:37:08.827 [INF] FileProcessor: Health check passed
2025-11-22 02:37:13.370 [DBG] FileProcessor: Connection pool status: 13/20 active
2025-11-22 02:37:17.118 [WRN] Database: Deprecated API endpoint called: /api/v1/orders
2025-11-22 02:37:19.802 [INF] Cache: Cache hit for key cache:user:a2ba064b
2025-11-22 02:37:22.331 [INF] Metrics: GET /api/v1/users/user_4527 completed in 124ms
2025-11-22 02:37:24.636 [ERR] Config: File not found: import_9ad4d460.csv
2025-11-22 02:37:26.132 [DBG] Database: Connection pool status: 6/20 active
2025-11-22 02:37:29.051 [INF] ApiGateway: Outbound HTTP call to PaymentService completed in 129ms
2025-11-22 02:37:30.406 [INF] Auth: Database query executed in 52ms
2025-11-22 02:37:33.347 [INF] Auth: Database query executed in 20ms
2025-11-22 02:37:35.296 [FTL] MessageQueue: Application startup failed: Permission denied
2025-11-22 02:37:38.100 [INF] Scheduler: Request 57502b94 completed in 194ms
2025-11-22 02:37:39.557 [INF] ApiGateway: PUT /api/v1/users/user_6434/profile completed in 3768ms
2025-11-22 02:37:40.233 [WRN] Database: Certificate expires in 2 days
2025-11-22 02:37:42.884 [WRN] Auth: Memory usage at 88%
2025-11-22 02:37:47.110 [INF] HttpServer: Message published to notifications
2025-11-22 02:37:51.044 [INF] ApiGateway: Outbound HTTP call to UserService completed in 1550ms
2025-11-22 02:37:55.879 [DBG] Metrics: Parsed configuration: {"timeout": 30, "retries": 3}
2025-11-22 02:37:59.977 [INF] ApiGateway: Batch processing completed: 568/1077 items
2025-11-22 02:38:03.484 [INF] Auth: Scheduled job BackupJob started
2025-11-22 02:38:07.015 [DBG] Metrics: Parsed configuration: {"timeout": 30, "retries": 3}
2025-11-22 02:38:11.054 [DBG] HttpServer: Query execution plan generated
2025-11-22 02:38:13.099 [ERR] FileProcessor: Authentication failed for user user_7703
2025-11-22 02:38:17.226 [INF] Config: Scheduled job BackupJob started
2025-11-22 02:38:20.715 [WRN] Scheduler: Memory usage at 95%
2025-11-22 02:38:20.810 [INF] Auth: DELETE /api/v1/sessions/983f53c8 completed in 112ms
2025-11-22 02:38:25.540 [INF] FileProcessor: Scheduled job DataSync started
2025-11-22 02:38:25.709 [INF] Scheduler: GET /api/v1/users/user_6870 completed in 384ms
2025-11-22 02:38:26.207 [INF] Auth: PUT /api/v1/users/user_4101/profile completed in 13ms
2025-11-22 02:38:30.696 [INF] Scheduler: Database query executed in 8ms
2025-11-22 02:38:31.830 [INF] Scheduler: Message consumed from tasks in 249ms
2025-11-22 02:38:32.802 [INF] FileProcessor: Service started on port 3000
2025-11-22 02:38:34.844 [INF] Metrics: Scheduled job ReportGenerator started
2025-11-22 02:38:35.527 [INF] Database: Batch processing completed: 917/1083 items
2025-11-22 02:38:40.329 [INF] Database: Health check passed
2025-11-22 02:38:44.457 [DBG] Cache: Connection pool status: 6/20 active
2025-11-22 02:38:47.051 [DBG] ApiGateway: Connection pool status: 12/20 active
2025-11-22 02:38:49.611 [INF] Auth: GET /api/v1/users/user_3593 completed in 3890ms
2025-11-22 02:38:53.015 [INF] Cache: Configuration reloaded
2025-11-22 02:38:56.680 [WRN] Auth: Certificate expires in 13 days
2025-11-22 02:39:01.219 [DBG] Cache: Query execution plan generated
2025-11-22 02:39:02.665 [INF] ApiGateway: GET /api/v1/users/user_7443 completed in 102ms
2025-11-22 02:39:04.532 [DBG] Scheduler: Parsed configuration: {"timeout": 30, "retries": 3}
2025-11-22 02:39:09.104 [DBG] Scheduler: Query execution plan generated
2025-11-22 02:39:12.024 [INF] ApiGateway: Database query executed in 573ms
2025-11-22 02:39:16.928 [DBG] HttpServer: Cache lookup for key cache:session:cdea3f54
2025-11-22 02:39:17.584 [INF] FileProcessor: Request 94f55412 completed in 30ms
2025-11-22 02:39:18.262 [DBG] Config: Cache lookup for key cache:session:28a30be5
2025-11-22 02:39:18.602 [INF] ApiGateway: Message consumed from tasks in 47ms
2025-11-22 02:39:19.962 [DBG] Auth: Cache lookup for key cache:user:3bb575cb
2025-11-22 02:39:23.453 [INF] MessageQueue: GET /api/v1/users/user_3188 completed in 56ms
2025-11-22 02:39:23.647 [INF] Metrics: Connected to database mysql://db:3306/app
2025-11-22 02:39:27.951 [DBG] ApiGateway: Query execution plan generated
2025-11-22 02:39:28.530 [INF] Database: File export_dcd9f5b4.csv processed, 407 records
2025-11-22 02:39:29.452 [INF] Scheduler: Batch processing completed: 226/1054 items
2025-11-22 02:39:29.718 [DBG] FileProcessor: Query execution plan generated
2025-11-22 02:39:33.996 [WRN] Cache: Memory usage at 81%
2025-11-22 02:39:35.121 [DBG] Auth: Connection pool status: 16/20 active
2025-11-22 02:39:38.416 [INF] Auth: Outbound HTTP call to PaymentService completed in 144ms
2025-11-22 02:39:42.173 [DBG] Cache: Processing request b9827201
2025-11-22 02:39:44.934 [INF] MessageQueue: Message consumed from tasks in 897ms
2025-11-22 02:39:45.657 [ERR] ApiGateway: Unhandled exception in HttpServer: Permission denied
2025-11-22 02:39:46.181 [FTL] HttpServer: Data corruption detected in orders
2025-11-22 02:39:46.753 [DBG] Auth: Parsed configuration: {"timeout": 30, "retries": 3}
2025-11-22 02:39:51.230 [WRN] Config: Memory usage at 78%
2025-11-22 02:39:52.615 [DBG] HttpServer: Query execution plan generated
2025-11-22 02:39:57.274 [DBG] Scheduler: Parsed configuration: {"timeout": 30, "retries": 3}
2025-11-22 02:39:59.789 [INF] Scheduler: DELETE /api/v1/sessions/d9c569cd completed in 388ms
2025-11-22 02:40:02.082 [INF] Database: Database query executed in 2999ms
2025-11-22 02:40:05.554 [INF] Database: DELETE /api/v1/sessions/f9c671f0 completed in 46ms
2025-11-22 02:40:07.901 [INF] Database: POST /api/v1/orders completed in 4405ms
2025-11-22 02:40:09.165 [DBG] MessageQueue: Query execution plan generated
2025-11-22 02:40:13.059 [INF] Scheduler: File export_bb6f44ec.csv processed, 372 records
2025-11-22 02:40:16.164 [INF] Cache: DELETE /api/v1/sessions/96b4838b completed in 1150ms
2025-11-22 02:40:18.979 [DBG] Cache: Cache lookup for key cache:config:4ce4aac4
2025-11-22 02:40:21.206 [INF] ApiGateway: POST /api/v1/orders completed in 111ms
2025-11-22 02:40:22.437 [DBG] ApiGateway: Parsed configuration: {"timeout": 30, "retries": 3}
2025-11-22 02:40:23.908 [DBG] Auth: Parsed configuration: {"timeout": 30, "retries": 3}
2025-11-22 02:40:28.596 [INF] Database: Scheduled job CleanupJob completed in 241ms
2025-11-22 02:40:32.372 [INF] Scheduler: GET /api/v1/products?page=55 completed in 334ms
2025-11-22 02:40:37.240 [INF] ApiGateway: GET /api/v1/products?page=7 completed in 40ms
2025-11-22 02:40:40.022 [DBG] Scheduler: Connection pool status: 1/20 active
2025-11-22 02:40:44.017 [INF] Scheduler: Connected to database postgres://db:5432/app
2025-11-22 02:40:45.295 [INF] ApiGateway: Batch processing completed: 389/1033 items
2025-11-22 02:40:50.245 [INF] ApiGateway: Service started on port 443
2025-11-22 02:40:51.920 [INF] FileProcessor: File report_64aee3b5.csv processed, 3505 records
2025-11-22 02:40:53.940 [INF] Cache: Batch processing completed: 223/1012 items
2025-11-22 02:40:58.239 [INF] FileProcessor: Service started on port 443
2025-11-22 02:41:02.277 [INF] ApiGateway: Health check passed
2025-11-22 02:41:02.455 [INF] MessageQueue: Service started on port 443
2025-11-22 02:41:06.844 [INF] Metrics: POST /api/v1/orders completed in 72ms
2025-11-22 02:41:09.843 [INF] HttpServer: Batch processing completed: 515/1046 items
2025-11-22 02:41:13.582 [INF] MessageQueue: GET /api/v1/users/user_5378 completed in 50ms
2025-11-22 02:41:14.731 [TRC] Auth: Loop iteration 47 of 1071
2025-11-22 02:41:16.656 [ERR] MessageQueue: Authentication failed for user user_4379
2025-11-22 02:41:18.898 [INF] Cache: PUT /api/v1/users/user_5739/profile completed in 3ms
2025-11-22 02:41:21.371 [INF] MessageQueue: Database query executed in 1006ms
2025-11-22 02:41:21.642 [INF] MessageQueue: Scheduled job DataSync started
2025-11-22 02:41:22.534 [INF] FileProcessor: Scheduled job BackupJob started
2025-11-22 02:41:24.023 [INF] HttpServer: DELETE /api/v1/sessions/99d6c4ff completed in 888ms
2025-11-22 02:41:28.252 [INF] Cache: GET /api/v1/products?page=62 completed in 79ms
2025-11-22 02:41:30.967 [FTL] HttpServer: Unrecoverable error, shutting down
2025-11-22 02:41:31.069 [DBG] Auth: Query execution plan generated
2025-11-22 02:41:35.848 [INF] Config: DELETE /api/v1/sessions/b927904b completed in 4086ms
2025-11-22 02:41:38.243 [INF] Auth: Connected to database postgres://db:5432/app
2025-11-22 02:41:42.508 [INF] Cache: GET /api/v1/products?page=55 completed in 2998ms
2025-11-22 02:41:46.057 [INF] Cache: GET /api/v1/products?page=66 completed in 71ms
2025-11-22 02:41:47.909 [ERR] Database: Timeout waiting for response from UserService
2025-11-22 02:41:51.373 [INF] Config: DELETE /api/v1/sessions/72e4309b completed in 1618ms
2025-11-22 02:41:54.776 [INF] Auth: GET /api/v1/users/user_6920 completed in 3627ms
2025-11-22 02:41:55.484 [DBG] MessageQueue: Cache lookup for key cache:config:858f47c2
2025-11-22 02:41:57.474 [INF] MessageQueue: Message published to events
2025-11-22 02:42:01.998 [INF] Config: User user_5648 authenticated successfully
2025-11-22 02:42:03.289 [ERR] Config: Unhandled exception in ApiGateway: Resource not found
2025-11-22 02:42:05.705 [DBG] MessageQueue: Connection pool status: 7/20 active
2025-11-22 02:42:08.884 [INF] HttpServer: Message consumed from tasks in 4530ms
2025-11-22 02:42:09.324 [INF] Auth: User user_7666 authenticated successfully
2025-11-22 02:42:13.672 [ERR] MessageQueue: Database connection failed: Resource not found
2025-11-22 02:42:17.662 [DBG] Config: Cache lookup for key cache:user:43c83697
2025-11-22 02:42:20.400 [INF] Metrics: Request 5935939d completed in 3510ms
2025-11-22 02:42:24.387 [INF] MessageQueue: Configuration reloaded
2025-11-22 02:42:27.894 [WRN] Config: Rate limit approaching for client client_9cd62a89
2025-11-22 02:42:30.770 [ERR] MessageQueue: Database connection failed: Invalid token
2025-11-22 02:42:33.867 [INF] Scheduler: POST /api/v1/orders completed in 189ms
2025-11-22 02:42:33.967 [INF] Database: PUT /api/v1/users/user_3905/profile completed in 192ms
2025-11-22 02:42:35.875 [DBG] Scheduler: Parsed configuration: {"timeout": 30, "retries": 3}
2025-11-22 02:42:36.061 [INF] Auth: Service started on port 9000
2025-11-22 02:42:40.194 [INF] HttpServer: File export_222ebb93.csv processed, 4656 records
2025-11-22 02:42:43.554 [ERR] Scheduler: Invalid message format: Unexpected field "foo" at position 42
2025-11-22 02:42:44.159 [DBG] Metrics: Processing request 26f21c24
2025-11-22 02:42:47.534 [INF] Cache: Database query executed in 101ms
2025-11-22 02:42:51.628 [INF] Scheduler: PUT /api/v1/users/user_3328/profile completed in 2044ms
2025-11-22 02:42:54.292 [INF] Scheduler: Message consumed from orders in 3402ms
2025-11-22 02:42:56.010 [INF] MessageQueue: Configuration reloaded
2025-11-22 02:42:58.595 [INF] HttpServer: PUT /api/v1/users/user_1388/profile completed in 4ms
2025-11-22 02:42:58.864 [INF] Scheduler: Health check passed
2025-11-22 02:42:59.154 [INF] FileProcessor: Request 30b44228 completed in 820ms
2025-11-22 02:43:03.762 [FTL] HttpServer: Critical resource unavailable: Database
2025-11-22 02:43:06.943 [DBG] Metrics: Parsed configuration: {"timeout": 30, "retries": 3}
2025-11-22 02:43:07.829 [INF] FileProcessor: Health check passed
2025-11-22 02:43:11.203 [INF] Scheduler: Message consumed from notifications in 51ms
2025-11-22 02:43:13.803 [INF] ApiGateway: Database query executed in 64ms
2025-11-22 02:43:14.016 [INF] Metrics: Message published to notifications
2025-11-22 02:43:17.417 [INF] MessageQueue: Configuration reloaded
2025-11-22 02:43:18.306 [INF] Scheduler: Message consumed from tasks in 93ms
2025-11-22 02:43:20.693 [INF] HttpServer: Request 8d4be008 completed in 48ms
2025-11-22 02:43:21.417 [INF] HttpServer: POST /api/v1/orders completed in 2817ms
2025-11-22 02:43:24.341 [INF] Auth: GET /api/v1/products?page=95 completed in 3991ms
2025-11-22 02:43:26.793 [INF] Scheduler: DELETE /api/v1/sessions/d69dfeaf completed in 389ms
2025-11-22 02:43:27.538 [INF] Auth: Scheduled job BackupJob completed in 87ms
2025-11-22 02:43:27.621 [INF] Metrics: Cache hit for key cache:config:70ae6f52
2025-11-22 02:43:31.344 [WRN] Database: Rate limit approaching for client client_5e9b0c52
2025-11-22 02:43:33.702 [INF] Config: Cache hit for key cache:config:e00853a4
2025-11-22 02:43:36.616 [INF] FileProcessor: Connected to database mysql://db:3306/app
2025-11-22 02:43:37.166 [INF] Database: Message published to tasks
2025-11-22 02:43:37.576 [INF] HttpServer: Batch processing completed: 805/1062 items
2025-11-22 02:43:38.829 [INF] Cache: PUT /api/v1/users/user_3832/profile completed in 3092ms
2025-11-22 02:43:42.311 [INF] Auth: POST /api/v1/orders completed in 487ms
2025-11-22 02:43:43.222 [INF] HttpServer: Configuration reloaded
2025-11-22 02:43:46.006 [DBG] Database: Parsed configuration: {"timeout": 30, "retries": 3}
2025-11-22 02:43:50.215 [DBG] Database: Query execution plan generated
2025-11-22 02:43:50.811 [INF] Config: Health check passed
2025-11-22 02:43:53.179 [INF] FileProcessor: Request 18e5805e completed in 2136ms
2025-11-22 02:43:54.989 [INF] ApiGateway: Message consumed from orders in 3747ms
2025-11-22 02:43:59.565 [ERR] Auth: Failed to process request 1fd795c3: Resource not found
2025-11-22 02:44:02.373 [WRN] ApiGateway: Deprecated API endpoint called: /api/v1/users
2025-11-22 02:44:06.294 [DBG] Scheduler: Query execution plan generated
2025-11-22 02:44:06.585 [INF] FileProcessor: Scheduled job DataSync completed in 33ms
2025-11-22 02:44:09.095 [WRN] FileProcessor: Rate limit approaching for client client_8fda7b6c
2025-11-22 02:44:12.249 [DBG] Auth: Cache lookup for key cache:user:82f6139a
2025-11-22 02:44:16.680 [DBG] Scheduler: Query execution plan generated
2025-11-22 02:44:18.954 [INF] Auth: Cache hit for key cache:config:ba83c5b4
2025-11-22 02:44:21.816 [INF] MessageQueue: Database query executed in 2499ms
2025-11-22 02:44:24.003 [INF] HttpServer: Message consumed from orders in 11ms
2025-11-22 02:44:26.865 [INF] Config: Request 35e894ff completed in 3652ms
2025-11-22 02:44:30.392 [DBG] Metrics: Cache lookup for key cache:user:9cda7af6
2025-11-22 02:44:30.610 [INF] FileProcessor: Scheduled job ReportGenerator started
2025-11-22 02:44:32.518 [DBG] ApiGateway: Processing request 16c9b7c7
2025-11-22 02:44:34.605 [TRC] ApiGateway: Variable state: {counter: 42, flag: true}
2025-11-22 02:44:38.878 [INF] Database: Connected to database mysql://db:3306/app
2025-11-22 02:44:43.595 [INF] Metrics: Cache hit for key cache:config:65c58f94
2025-11-22 02:44:44.625 [INF] Scheduler: GET /api/v1/products?page=16 completed in 862ms
2025-11-22 02:44:45.536 [DBG] FileProcessor: Query execution plan generated
2025-11-22 02:44:47.051 [INF] Auth: Connected to database mysql://db:3306/app
2025-11-22 02:44:50.936 [INF] Config: Message consumed from events in 141ms
2025-11-22 02:44:55.452 [DBG] Cache: Cache lookup for key cache:config:ee26d2a5
2025-11-22 02:44:57.982 [INF] Database: GET /api/v1/products?page=27 completed in 48ms
2025-11-22 02:44:59.185 [DBG] Scheduler: Connection pool status: 14/20 active
2025-11-22 02:45:03.742 [INF] ApiGateway: Scheduled job DataSync completed in 954ms
2025-11-22 02:45:05.936 [INF] ApiGateway: Message consumed from notifications in 4029ms
2025-11-22 02:45:08.824 [DBG] MessageQueue: Query execution plan generated
2025-11-22 02:45:09.968 [INF] ApiGateway: GET /api/v1/products?page=2 completed in 2823ms
2025-11-22 02:45:10.465 [WRN] Database: Connection pool exhausted, waiting for available connection
2025-11-22 02:45:12.816 [DBG] Scheduler: Processing request 04bc36ed
2025-11-22 02:45:14.106 [INF] FileProcessor: Database query executed in 4514ms
2025-11-22 02:45:18.784 [DBG] HttpServer: Parsed configuration: {"timeout": 30, "retries": 3}
2025-11-22 02:45:22.794 [DBG] Metrics: Query execution plan generated
2025-11-22 02:45:25.993 [INF] Auth: Scheduled job BackupJob completed in 895ms
2025-11-22 02:45:30.885 [DBG] FileProcessor: Query execution plan generated
2025-11-22 02:45:35.620 [INF] ApiGateway: Request d95136e9 completed in 2615ms
2025-11-22 02:45:35.934 [INF] Scheduler: PUT /api/v1/users/user_8731/profile completed in 25ms
2025-11-22 02:45:39.885 [DBG] Cache: Processing request cbe1b685
2025-11-22 02:45:43.177 [WRN] Metrics: Retry attempt 2 for operation SendEmail
2025-11-22 02:45:45.931 [DBG] HttpServer: Processing request 4cbc72b6
2025-11-22 02:45:49.608 [INF] Cache: File import_abf0251e.csv processed, 541 records
2025-11-22 02:45:50.395 [INF] Database: Configuration reloaded
2025-11-22 02:45:54.417 [DBG] Metrics: Connection pool status: 4/20 active
2025-11-22 02:45:55.874 [INF] Scheduler: PUT /api/v1/users/user_9656/profile completed in 381ms
2025-11-22 02:45:59.683 [INF] Database: Service started on port 9000
2025-11-22 02:46:01.573 [DBG] Metrics: Query execution plan generated
2025-11-22 02:46:04.463 [INF] HttpServer: Message consumed from orders in 3547ms
2025-11-22 02:46:04.920 [TRC] Config: Variable state: {counter: 42, flag: true}
2025-11-22 02:46:07.287 [INF] Database: Health check passed
2025-11-22 02:46:11.826 [DBG] MessageQueue: Connection pool status: 20/20 active
2025-11-22 02:46:12.962 [INF] Scheduler: User user_6185 authenticated successfully
2025-11-22 02:46:15.903 [DBG] Auth: Processing request 417f4996
2025-11-22 02:46:20.571 [INF] HttpServer: Request 0857dd58 completed in 4738ms
2025-11-22 02:46:23.241 [DBG] ApiGateway: Connection pool status: 9/20 active
2025-11-22 02:46:25.970 [DBG] Cache: Processing request 46a59737
2025-11-22 02:46:26.014 [DBG] Config: Cache lookup for key cache:user:ed129854
2025-11-22 02:46:27.232 [ERR] MessageQueue: Authentication failed for user user_7784
2025-11-22 02:46:31.429 [INF] Metrics: Request b09f9318 completed in 46ms
2025-11-22 02:46:35.542 [INF] Scheduler: Request 7d55567e completed in 14ms
2025-11-22 02:46:38.404 [DBG] Cache: Cache lookup for key cache:config:534bceb0
2025-11-22 02:46:40.097 [INF] HttpServer: Scheduled job DataSync completed in 6ms
2025-11-22 02:46:42.893 [DBG] Config: Query execution plan generated
2025-11-22 02:46:47.247 [FTL] Auth: Application startup failed: Permission denied
2025-11-22 02:46:51.020 [INF] Database: Service started on port 5000
2025-11-22 02:46:55.193 [TRC] Auth: Loop iteration 74 of 1007
2025-11-22 02:46:55.573 [DBG] Database: Connection pool status: 19/20 active
2025-11-22 02:46:58.044 [WRN] MessageQueue: Deprecated API endpoint called: /api/v1/orders
2025-11-22 02:46:59.840 [DBG] ApiGateway: Processing request 5affe93d
2025-11-22 02:47:04.155 [WRN] MessageQueue: Deprecated API endpoint called: /api/v1/legacy
2025-11-22 02:47:06.116 [DBG] ApiGateway: Connection pool status: 9/20 active
2025-11-22 02:47:10.026 [DBG] Scheduler: Cache lookup for key cache:user:bae70240
2025-11-22 02:47:12.067 [INF] Auth: DELETE /api/v1/sessions/99f31486 completed in 826ms
2025-11-22 02:47:12.285 [INF] FileProcessor: Scheduled job DataSync started
2025-11-22 02:47:13.458 [TRC] HttpServer: Entering method ValidateInput with parameters {id: 123, type: "full"}
2025-11-22 02:47:17.913 [INF] Scheduler: PUT /api/v1/users/user_2698/profile completed in 1491ms
2025-11-22 02:47:18.003 [WRN] HttpServer: Connection pool exhausted, waiting for available connection
2025-11-22 02:47:20.146 [DBG] Auth: Processing request bbbb129d
2025-11-22 02:47:21.634 [INF] Metrics: Health check passed
2025-11-22 02:47:24.516 [INF] ApiGateway: Outbound HTTP call to NotificationService completed in 265ms
2025-11-22 02:47:27.035 [INF] Metrics: DELETE /api/v1/sessions/4fa83b73 completed in 9ms
2025-11-22 02:47:29.748 [INF] Database: Configuration reloaded
2025-11-22 02:47:31.876 [INF] Scheduler: User user_1251 authenticated successfully
2025-11-22 02:47:33.621 [INF] Config: Cache hit for key cache:session:16189f75
2025-11-22 02:47:34.849 [INF] Config: Health check passed
2025-11-22 02:47:38.252 [INF] MessageQueue: User user_8460 authenticated successfully
2025-11-22 02:47:40.543 [WRN] FileProcessor: Deprecated API endpoint called: /api/v1/orders
2025-11-22 02:47:41.082 [INF] MessageQueue: Health check passed
2025-11-22 02:47:42.446 [INF] Config: PUT /api/v1/users/user_2684/profile completed in 1329ms
2025-11-22 02:47:44.267 [INF] Metrics: Connected to database postgres://db:5432/app
2025-11-22 02:47:48.393 [INF] Metrics: Batch processing completed: 392/1049 items
2025-11-22 02:47:49.810 [INF] ApiGateway: Batch processing completed: 804/1072 items
2025-11-22 02:47:54.730 [INF] ApiGateway: Cache hit for key cache:user:ea1dc217
2025-11-22 02:47:56.034 [INF] Config: Health check passed
2025-11-22 02:47:59.534 [TRC] ApiGateway: Entering method ValidateInput with parameters {id: 123, type: "full"}
2025-11-22 02:48:00.854 [INF] Metrics: POST /api/v1/orders completed in 933ms
2025-11-22 02:48:03.059 [INF] Database: File data_742682d2.csv processed, 6481 records
2025-11-22 02:48:06.649 [DBG] FileProcessor: Query execution plan generated
2025-11-22 02:48:10.785 [INF] MessageQueue: GET /api/v1/users/user_3505 completed in 4879ms
2025-11-22 02:48:14.362 [INF] Scheduler: File import_96b6ff23.csv processed, 9539 records
2025-11-22 02:48:18.482 [INF] Metrics: File import_c36a0c77.csv processed, 6457 records
2025-11-22 02:48:19.063 [INF] Cache: File report_061f3da1.csv processed, 1838 records
2025-11-22 02:48:23.378 [TRC] Scheduler: Variable state: {counter: 42, flag: true}
2025-11-22 02:48:25.818 [FTL] Config: Application startup failed: Resource not found
2025-11-22 02:48:26.812 [INF] MessageQueue: GET /api/v1/users/user_6234 completed in 149ms
2025-11-22 02:48:28.295 [INF] Cache: Connected to database mysql://db:3306/app
2025-11-22 02:48:30.405 [INF] Cache: DELETE /api/v1/sessions/85d7fc52 completed in 1420ms
2025-11-22 02:48:32.786 [INF] HttpServer: POST /api/v1/orders completed in 141ms
2025-11-22 02:48:33.289 [INF] Auth: Request 386ed2a4 completed in 40ms
2025-11-22 02:48:37.615 [INF] MessageQueue: Message published to events
2025-11-22 02:48:40.442 [DBG] Cache: Connection pool status: 6/20 active
2025-11-22 02:48:42.753 [INF] Cache: Health check passed
2025-11-22 02:48:47.510 [WRN] FileProcessor: Deprecated API endpoint called: /api/v1/users
2025-11-22 02:48:50.641 [DBG] Cache: Cache lookup for key cache:user:d9c6198a
2025-11-22 02:48:51.727 [DBG] FileProcessor: Parsed configuration: {"timeout": 30, "retries": 3}
2025-11-22 02:48:55.030 [INF] Cache: File import_e7f8c986.csv processed, 4826 records
2025-11-22 02:48:57.950 [INF] Database: User user_3827 authenticated successfully
2025-11-22 02:49:02.512 [DBG] MessageQueue: Connection pool status: 5/20 active
2025-11-22 02:49:02.641 [INF] Database: Database query executed in 3475ms
2025-11-22 02:49:07.113 [INF] FileProcessor: Cache hit for key cache:config:f4ecf294
2025-11-22 02:49:09.466 [INF] HttpServer: Request 6c608d2d completed in 289ms
2025-11-22 02:49:12.030 [INF] MessageQueue: Scheduled job CleanupJob completed in 661ms
2025-11-22 02:49:12.492 [DBG] Metrics: Cache lookup for key cache:config:d161957f
2025-11-22 02:49:12.746 [INF] Cache: GET /api/v1/users/user_8820 completed in 4544ms
2025-11-22 02:49:16.286 [INF] Database: PUT /api/v1/users/user_8512/profile completed in 8ms
2025-11-22 02:49:17.430 [WRN] Database: Memory usage at 75%
2025-11-22 02:49:17.472 [INF] Config: Scheduled job DataSync started
2025-11-22 02:49:18.919 [INF] Config: GET /api/v1/users/user_6010 completed in 113ms
2025-11-22 02:49:20.162 [DBG] HttpServer: Parsed configuration: {"timeout": 30, "retries": 3}
2025-11-22 02:49:20.548 [DBG] Database: Connection pool status: 13/20 active
2025-11-22 02:49:20.860 [INF] Cache: GET /api/v1/users/user_6201 completed in 103ms
2025-11-22 02:49:22.883 [INF] Config: Message published to notifications
2025-11-22 02:49:23.509 [INF] FileProcessor: Scheduled job BackupJob started
2025-11-22 02:49:26.868 [INF] Metrics: Message published to tasks
2025-11-22 02:49:27.854 [INF] MessageQueue: Outbound HTTP call to PaymentService completed in 980ms
2025-11-22 02:49:28.027 [INF] MessageQueue: Database query executed in 943ms
2025-11-22 02:49:28.917 [DBG] Database: Parsed configuration: {"timeout": 30, "retries": 3}
2025-11-22 02:49:29.470 [INF] Cache: Health check passed
2025-11-22 02:49:34.157 [WRN] Config: Certificate expires in 13 days
2025-11-22 02:49:36.298 [INF] FileProcessor: Health check passed
2025-11-22 02:49:40.624 [INF] ApiGateway: Cache hit for key cache:config:47a806dd
2025-11-22 02:49:40.909 [INF] FileProcessor: Scheduled job CleanupJob started
2025-11-22 02:49:45.510 [INF] Cache: File export_f30fae55.csv processed, 645 records
2025-11-22 02:49:47.332 [FTL] MessageQueue: Application startup failed: Permission denied
2025-11-22 02:49:50.803 [INF] FileProcessor: Outbound HTTP call to UserService completed in 56ms
2025-11-22 02:49:51.001 [INF] ApiGateway: Database query executed in 2663ms
2025-11-22 02:49:52.789 [INF] FileProcessor: Configuration reloaded
2025-11-22 02:49:53.673 [INF] Auth: Request 18f9f3d7 completed in 61ms
2025-11-22 02:49:55.027 [INF] Database: Outbound HTTP call to PaymentService completed in 2493ms
2025-11-22 02:49:55.828 [DBG] Metrics: Connection pool status: 15/20 active
2025-11-22 02:49:59.763 [TRC] Scheduler: Loop iteration 84 of 1092
2025-11-22 02:50:04.003 [DBG] FileProcessor: Parsed configuration: {"timeout": 30, "retries": 3}
2025-11-22 02:50:05.890 [DBG] FileProcessor: Cache lookup for key cache:session:fc3f2a98
2025-11-22 02:50:08.350 [INF] ApiGateway: Connected to database mysql://db:3306/app
2025-11-22 02:50:09.462 [INF] FileProcessor: Message consumed from notifications in 126ms
2025-11-22 02:50:09.970 [INF] Metrics: Outbound HTTP call to NotificationService completed in 738ms
2025-11-22 02:50:11.811 [DBG] Metrics: Connection pool status: 18/20 active
2025-11-22 02:50:15.468 [DBG] Cache: Parsed configuration: {"timeout": 30, "retries": 3}
2025-11-22 02:50:18.170 [DBG] FileProcessor: Connection pool status: 9/20 active
2025-11-22 02:50:18.873 [DBG] Scheduler: Processing request f8f74d00
2025-11-22 02:50:20.527 [ERR] ApiGateway: Failed to process request b35ca622: Timeout exceeded
2025-11-22 02:50:22.398 [INF] Database: POST /api/v1/orders completed in 170ms
2025-11-22 02:50:23.587 [FTL] Config: Critical resource unavailable: MessageBroker
2025-11-22 02:50:28.342 [INF] HttpServer: Database query executed in 2765ms
2025-11-22 02:50:33.018 [INF] Metrics: Scheduled job BackupJob started
2025-11-22 02:50:34.788 [INF] MessageQueue: Database query executed in 746ms
2025-11-22 02:50:38.872 [INF] ApiGateway: Request bfa7e435 completed in 147ms
2025-11-22 02:50:41.048 [INF] Cache: POST /api/v1/orders completed in 37ms
2025-11-22 02:50:43.537 [INF] Auth: Message consumed from orders in 4361ms
2025-11-22 02:50:46.043 [TRC] Auth: Loop iteration 69 of 1098
2025-11-22 02:50:50.413 [INF] Auth: POST /api/v1/orders completed in 618ms
2025-11-22 02:50:53.866 [DBG] Config: Parsed configuration: {"timeout": 30, "retries": 3}
2025-11-22 02:50:57.754 [INF] Auth: Configuration reloaded
2025-11-22 02:51:02.751 [INF] ApiGateway: Message published to orders
2025-11-22 02:51:03.291 [INF] ApiGateway: Connected to database mysql://db:3306/app
2025-11-22 02:51:07.513 [INF] Auth: Cache hit for key cache:config:f900d534
2025-11-22 02:51:10.462 [DBG] FileProcessor: Query execution plan generated
2025-11-22 02:51:14.650 [INF] Cache: Message consumed from tasks in 200ms
2025-11-22 02:51:15.028 [ERR] Metrics: File not found: data_aafe0a50.csv
2025-11-22 02:51:17.651 [INF] Cache: GET /api/v1/users/user_5353 completed in 590ms
2025-11-22 02:51:20.803 [WRN] FileProcessor: Certificate expires in 1 days
2025-11-22 02:51:21.801 [INF] Metrics: Message consumed from events in 934ms
2025-11-22 02:51:25.926 [INF] Cache: GET /api/v1/products?page=94 completed in 3ms
2025-11-22 02:51:29.656 [INF] MessageQueue: Database query executed in 26ms
2025-11-22 02:51:32.855 [INF] Database: User user_8115 authenticated successfully
2025-11-22 02:51:36.275 [INF] FileProcessor: Health check passed
2025-11-22 02:51:37.397 [DBG] HttpServer: Query execution plan generated
2025-11-22 02:51:38.361 [FTL] Config: Critical resource unavailable: Database
2025-11-22 02:51:41.132 [INF] Scheduler: File export_d53a17e2.csv processed, 5738 records
2025-11-22 02:51:42.918 [INF] Config: GET /api/v1/users/user_6148 completed in 2659ms
2025-11-22 02:51:47.591 [INF] Cache: Database query executed in 123ms
2025-11-22 02:51:48.934 [INF] FileProcessor: Database query executed in 49ms
2025-11-22 02:51:53.833 [DBG] Database: Connection pool status: 5/20 active
2025-11-22 02:51:54.515 [INF] Config: Message published to tasks
2025-11-22 02:51:57.967 [INF] FileProcessor: Message consumed from orders in 66ms
2025-11-22 02:52:02.838 [INF] Scheduler: Connected to database mysql://db:3306/app
2025-11-22 02:52:02.867 [INF] Config: Configuration reloaded
2025-11-22 02:52:07.712 [INF] Auth: Request 41959103 completed in 168ms
2025-11-22 02:52:11.364 [DBG] ApiGateway: Query execution plan generated
2025-11-22 02:52:14.870 [INF] MessageQueue: Configuration reloaded
2025-11-22 02:52:16.104 [WRN] Auth: Connection pool exhausted, waiting for available connection
2025-11-22 02:52:17.322 [INF] Auth: Configuration reloaded
2025-11-22 02:52:20.878 [WRN] Cache: Slow query detected: 377ms for SELECT * FROM users WHERE...
2025-11-22 02:52:22.824 [INF] Database: Scheduled job DataSync started
2025-11-22 02:52:24.126 [INF] HttpServer: PUT /api/v1/users/user_4651/profile completed in 17ms
2025-11-22 02:52:28.788 [INF] Config: Message published to tasks
2025-11-22 02:52:32.655 [WRN] FileProcessor: Deprecated API endpoint called: /api/v1/users
2025-11-22 02:52:36.169 [WRN] Cache: Rate limit approaching for client client_f20d32c3
2025-11-22 02:52:36.745 [INF] Metrics: Database query executed in 11ms
2025-11-22 02:52:39.161 [INF] Database: GET /api/v1/users/user_6725 completed in 3486ms
2025-11-22 02:52:41.905 [INF] FileProcessor: Request 88e2bfe3 completed in 1000ms
2025-11-22 02:52:46.128 [DBG] Metrics: Cache lookup for key cache:config:423e00c7
2025-11-22 02:52:46.416 [INF] MessageQueue: Connected to database mysql://db:3306/app
2025-11-22 02:52:47.690 [INF] ApiGateway: Outbound HTTP call to UserService completed in 681ms
2025-11-22 02:52:48.708 [INF] FileProcessor: Scheduled job DataSync completed in 404ms
2025-11-22 02:52:49.962 [INF] Scheduler: POST /api/v1/orders completed in 726ms
2025-11-22 02:52:50.979 [INF] ApiGateway: POST /api/v1/orders completed in 4ms
2025-11-22 02:52:52.664 [INF] Config: GET /api/v1/users/user_2750 completed in 33ms
2025-11-22 02:52:57.248 [INF] Metrics: GET /api/v1/users/user_7799 completed in 125ms
2025-11-22 02:52:58.854 [INF] FileProcessor: User user_5391 authenticated successfully
2025-11-22 02:53:00.395 [INF] Auth: Outbound HTTP call to NotificationService completed in 266ms
2025-11-22 02:53:04.123 [INF] MessageQueue: DELETE /api/v1/sessions/95323f81 completed in 621ms
2025-11-22 02:53:06.268 [WRN] ApiGateway: Retry attempt 3 for operation ProcessPayment
2025-11-22 02:53:08.177 [INF] Config: Configuration reloaded
2025-11-22 02:53:08.662 [INF] ApiGateway: Connected to database postgres://db:5432/app
2025-11-22 02:53:09.609 [WRN] Config: Slow query detected: 417ms for SELECT * FROM users WHERE...
2025-11-22 02:53:11.889 [DBG] Scheduler: Query execution plan generated
2025-11-22 02:53:16.783 [INF] Metrics: Batch processing completed: 172/1068 items
2025-11-22 02:53:21.471 [INF] Auth: PUT /api/v1/users/user_2740/profile completed in 4878ms
2025-11-22 02:53:25.613 [DBG] Database: Cache lookup for key cache:config:b2bc7b88
2025-11-22 02:53:29.609 [INF] MessageQueue: Health check passed
2025-11-22 02:53:32.417 [INF] Metrics: Batch processing completed: 708/1052 items
2025-11-22 02:53:34.859 [ERR] FileProcessor: Timeout waiting for response from UserService
2025-11-22 02:53:37.845 [INF] ApiGateway: File export_dfd2aa30.csv processed, 6771 records
2025-11-22 02:53:40.733 [INF] FileProcessor: Message published to orders
2025-11-22 02:53:45.364 [INF] MessageQueue: Database query executed in 169ms
2025-11-22 02:53:46.794 [DBG] ApiGateway: Cache lookup for key cache:config:876542aa
2025-11-22 02:53:50.805 [INF] Metrics: Health check passed
2025-11-22 02:53:50.938 [INF] Scheduler: Service started on port 9000
2025-11-22 02:53:52.020 [DBG] ApiGateway: Query execution plan generated
2025-11-22 02:53:53.502 [INF] FileProcessor: User user_8212 authenticated successfully
2025-11-22 02:53:55.392 [TRC] FileProcessor: Loop iteration 2 of 1040
2025-11-22 02:53:57.299 [WRN] Scheduler: Deprecated API endpoint called: /api/v1/legacy
2025-11-22 02:53:59.632 [INF] Metrics: GET /api/v1/users/user_7642 completed in 9ms
2025-11-22 02:54:03.329 [INF] Metrics: Outbound HTTP call to UserService completed in 599ms
2025-11-22 02:54:04.520 [INF] Cache: Message consumed from orders in 503ms
2025-11-22 02:54:08.476 [INF] Scheduler: Database query executed in 41ms
2025-11-22 02:54:12.927 [INF] Metrics: File import_fc92b80a.csv processed, 2614 records
2025-11-22 02:54:16.672 [INF] FileProcessor: Batch processing completed: 251/1028 items
2025-11-22 02:54:18.448 [INF] MessageQueue: Scheduled job ReportGenerator started
2025-11-22 02:54:19.344 [INF] Metrics: Database query executed in 2732ms
2025-11-22 02:54:21.432 [DBG] HttpServer: Processing request a85fdda8
2025-11-22 02:54:22.480 [INF] ApiGateway: Cache hit for key cache:config:49ace2df
2025-11-22 02:54:26.583 [INF] Cache: POST /api/v1/orders completed in 1758ms
2025-11-22 02:54:28.531 [INF] Database: Outbound HTTP call to UserService completed in 1755ms
2025-11-22 02:54:33.518 [INF] FileProcessor: Connected to database mysql://db:3306/app
2025-11-22 02:54:37.911 [WRN] ApiGateway: Connection pool exhausted, waiting for available connection
2025-11-22 02:54:38.760 [INF] HttpServer: POST /api/v1/orders completed in 62ms
2025-11-22 02:54:40.906 [DBG] ApiGateway: Connection pool status: 15/20 active
2025-11-22 02:54:41.764 [DBG] FileProcessor: Query execution plan generated
2025-11-22 02:54:43.462 [INF] Database: Outbound HTTP call to NotificationService completed in 160ms
2025-11-22 02:54:45.604 [INF] FileProcessor: PUT /api/v1/users/user_5755/profile completed in 4158ms
2025-11-22 02:54:49.815 [TRC] Scheduler: Loop iteration 96 of 1010
2025-11-22 02:54:54.139 [INF] HttpServer: DELETE /api/v1/sessions/690904c3 completed in 867ms
2025-11-22 02:54:58.681 [INF] FileProcessor: Scheduled job CleanupJob started
2025-11-22 02:55:02.332 [INF] Config: PUT /api/v1/users/user_1846/profile completed in 61ms
2025-11-22 02:55:02.867 [INF] Config: Batch processing completed: 946/1064 items
2025-11-22 02:55:07.516 [INF] ApiGateway: Outbound HTTP call to NotificationService completed in 2834ms
2025-11-22 02:55:09.921 [TRC] Database: Entering method ValidateInput with parameters {id: 123, type: "full"}
2025-11-22 02:55:11.497 [DBG] Scheduler: Query execution plan generated
2025-11-22 02:55:15.393 [DBG] Config: Processing request 30aa8516
2025-11-22 02:55:20.363 [WRN] Config: Slow query detected: 155ms for SELECT * FROM users WHERE...
2025-11-22 02:55:24.723 [DBG] MessageQueue: Connection pool status: 9/20 active
2025-11-22 02:55:28.823 [DBG] ApiGateway: Connection pool status: 8/20 active
2025-11-22 02:55:32.269 [INF] Scheduler: Outbound HTTP call to PaymentService completed in 10ms
2025-11-22 02:55:32.419 [DBG] Cache: Query execution plan generated
2025-11-22 02:55:33.425 [INF] ApiGateway: Cache hit for key cache:user:c71d662a
2025-11-22 02:55:37.502 [TRC] Auth: Loop iteration 40 of 1028
2025-11-22 02:55:41.002 [INF] FileProcessor: Message consumed from notifications in 2995ms
2025-11-22 02:55:44.730 [ERR] MessageQueue: Unhandled exception in Metrics: Invalid token
2025-11-22 02:55:47.989 [INF] Database: Batch processing completed: 549/1035 items
2025-11-22 02:55:50.493 [INF] Config: Scheduled job ReportGenerator completed in 36ms
2025-11-22 02:55:51.425 [INF] Config: Cache hit for key cache:session:9f0df183
2025-11-22 02:55:51.868 [INF] Auth: Scheduled job CleanupJob completed in 254ms
2025-11-22 02:55:53.897 [INF] Metrics: GET /api/v1/users/user_3329 completed in 72ms
2025-11-22 02:55:58.377 [DBG] Auth: Connection pool status: 10/20 active
2025-11-22 02:55:59.834 [DBG] Cache: Cache lookup for key cache:config:48f79051
2025-11-22 02:56:00.211 [INF] Database: Scheduled job CleanupJob started
2025-11-22 02:56:03.858 [DBG] ApiGateway: Connection pool status: 15/20 active
2025-11-22 02:56:07.642 [INF] Metrics: PUT /api/v1/users/user_7191/profile completed in 813ms
2025-11-22 02:56:10.192 [INF] Config: Service started on port 5000
2025-11-22 02:56:12.254 [INF] ApiGateway: GET /api/v1/products?page=26 completed in 1040ms
2025-11-22 02:56:13.187 [INF] Database: Batch processing completed: 381/1030 items
2025-11-22 02:56:13.747 [INF] Database: Connected to database mysql://db:3306/app
2025-11-22 02:56:15.139 [INF] Cache: Health check passed
2025-11-22 02:56:16.490 [INF] Metrics: User user_9045 authenticated successfully
2025-11-22 02:56:18.760 [INF] ApiGateway: Health check passed
2025-11-22 02:56:19.527 [INF] Config: Batch processing completed: 230/1052 items
2025-11-22 02:56:21.238 [INF] Metrics: POST /api/v1/orders completed in 29ms
2025-11-22 02:56:24.364 [DBG] FileProcessor: Cache lookup for key cache:config:1949cb2b
2025-11-22 02:56:26.808 [DBG] MessageQueue: Parsed configuration: {"timeout": 30, "retries": 3}
2025-11-22 02:56:27.651 [DBG] ApiGateway: Connection pool status: 16/20 active
2025-11-22 02:56:29.049 [INF] Database: Scheduled job DataSync started
2025-11-22 02:56:33.316 [INF] Config: Connected to database mysql://db:3306/app
2025-11-22 02:56:35.867 [WRN] FileProcessor: Connection pool exhausted, waiting for available connection
2025-11-22 02:56:38.343 [INF] Metrics: Scheduled job ReportGenerator started
2025-11-22 02:56:38.990 [INF] Auth: GET /api/v1/products?page=81 completed in 4798ms
2025-11-22 02:56:40.281 [INF] FileProcessor: Scheduled job DataSync completed in 787ms
2025-11-22 02:56:41.926 [INF] HttpServer: Scheduled job DataSync started
2025-11-22 02:56:43.308 [FTL] Auth: Data corruption detected in orders
2025-11-22 02:56:43.428 [WRN] FileProcessor: Memory usage at 94%
2025-11-22 02:56:44.284 [INF] Database: Message published to tasks
2025-11-22 02:56:45.849 [INF] MessageQueue: Message consumed from orders in 3164ms
2025-11-22 02:56:46.851 [INF] Database: Scheduled job CleanupJob started
2025-11-22 02:56:51.707 [INF] ApiGateway: Configuration reloaded
2025-11-22 02:56:56.611 [INF] Metrics: Message consumed from events in 368ms
2025-11-22 02:56:58.850 [INF] Metrics: Service started on port 9000
2025-11-22 02:57:01.702 [DBG] MessageQueue: Query execution plan generated
2025-11-22 02:57:05.246 [DBG] FileProcessor: Processing request 306b92ec
2025-11-22 02:57:08.047 [ERR] MessageQueue: Failed to process request f92f9e2e: Timeout exceeded
2025-11-22 02:57:09.063 [INF] Cache: Batch processing completed: 445/1028 items
2025-11-22 02:57:10.787 [INF] MessageQueue: Message consumed from tasks in 256ms
2025-11-22 02:57:12.167 [ERR] Cache: Failed to process request ac1c43cf: Invalid token
2025-11-22 02:57:14.826 [INF] Config: GET /api/v1/products?page=39 completed in 4101ms
2025-11-22 02:57:18.422 [INF] ApiGateway: Request 40a59cd0 completed in 17ms
2025-11-22 02:57:21.135 [ERR] HttpServer: Invalid message format: Unexpected field "foo" at position 42
2025-11-22 02:57:24.327 [INF] Config: GET /api/v1/products?page=82 completed in 3760ms
2025-11-22 02:57:25.167 [INF] Database: Message published to tasks
2025-11-22 02:57:29.300 [DBG] Database: Parsed configuration: {"timeout": 30, "retries": 3}
2025-11-22 02:57:31.588 [DBG] FileProcessor: Parsed configuration: {"timeout": 30, "retries": 3}
2025-11-22 02:57:35.305 [INF] MessageQueue: Message published to tasks
2025-11-22 02:57:37.437 [INF] Scheduler: GET /api/v1/users/user_4501 completed in 970ms
2025-11-22 02:57:37.521 [INF] Metrics: Cache hit for key cache:session:1a02588a
2025-11-22 02:57:38.185 [FTL] ApiGateway: Unrecoverable error, shutting down
2025-11-22 02:57:39.348 [WRN] HttpServer: Deprecated API endpoint called: /api/v1/legacy
2025-11-22 02:57:43.984 [ERR] Database: Timeout waiting for response from PaymentService
2025-11-22 02:57:47.472 [INF] Metrics: Connected to database mysql://db:3306/app
2025-11-22 02:57:49.725 [INF] Cache: Outbound HTTP call to PaymentService completed in 845ms
2025-11-22 02:57:53.226 [INF] HttpServer: GET /api/v1/users/user_4783 completed in 182ms
2025-11-22 02:57:54.321 [INF] FileProcessor: File import_e4264bf3.csv processed, 4906 records
2025-11-22 02:57:54.860 [DBG] Database: Query execution plan generated
2025-11-22 02:57:59.191 [DBG] Metrics: Cache lookup for key cache:config:85737558
2025-11-22 02:58:01.252 [DBG] HttpServer: Query execution plan generated
2025-11-22 02:58:05.622 [INF] Database: Service started on port 3000
2025-11-22 02:58:06.729 [TRC] Database: Loop iteration 94 of 1074
2025-11-22 02:58:10.177 [WRN] MessageQueue: Deprecated API endpoint called: /api/v1/legacy
2025-11-22 02:58:12.382 [INF] Config: File report_856d0357.csv processed, 9663 records
2025-11-22 02:58:13.076 [DBG] MessageQueue: Query execution plan generated
2025-11-22 02:58:17.304 [INF] Config: GET /api/v1/users/user_5561 completed in 809ms
2025-11-22 02:58:20.760 [DBG] Metrics: Connection pool status: 5/20 active
2025-11-22 02:58:24.436 [ERR] Cache: Database connection failed: Permission denied
2025-11-22 02:58:28.191 [INF] Config: DELETE /api/v1/sessions/6cd36a0f completed in 391ms
2025-11-22 02:58:29.909 [DBG] MessageQueue: Parsed configuration: {"timeout": 30, "retries": 3}
2025-11-22 02:58:31.562 [DBG] FileProcessor: Cache lookup for key cache:session:b760ac33
2025-11-22 02:58:35.740 [INF] Config: Scheduled job CleanupJob completed in 1307ms
2025-11-22 02:58:36.814 [INF] Cache: Message published to events
2025-11-22 02:58:40.232 [INF] MessageQueue: DELETE /api/v1/sessions/12cf121d completed in 2078ms
2025-11-22 02:58:42.226 [DBG] Cache: Cache lookup for key cache:config:a2ab0716
2025-11-22 02:58:44.370 [INF] HttpServer: Connected to database postgres://db:5432/app
2025-11-22 02:58:45.178 [INF] FileProcessor: Service started on port 9000
2025-11-22 02:58:50.024 [INF] Auth: Configuration reloaded
2025-11-22 02:58:53.476 [DBG] HttpServer: Query execution plan generated
2025-11-22 02:58:56.005 [INF] Metrics: Connected to database postgres://db:5432/app
2025-11-22 02:58:56.654 [INF] ApiGateway: Message consumed from orders in 466ms
2025-11-22 02:58:58.212 [INF] Scheduler: Connected to database mysql://db:3306/app
2025-11-22 02:59:00.276 [INF] Metrics: Message published to orders
2025-11-22 02:59:04.766 [DBG] Metrics: Processing request 46ebe3a6
2025-11-22 02:59:08.723 [INF] Auth: Batch processing completed: 667/1003 items
2025-11-22 02:59:13.080 [INF] Metrics: Health check passed
2025-11-22 02:59:14.418 [FTL] Metrics: Application startup failed: Timeout exceeded
2025-11-22 02:59:18.354 [INF] Auth: Service started on port 3000
2025-11-22 02:59:21.120 [WRN] Database: Certificate expires in 27 days
2025-11-22 02:59:25.759 [INF] HttpServer: Database query executed in 789ms
2025-11-22 02:59:30.106 [INF] ApiGateway: Service started on port 5000
2025-11-22 02:59:30.870 [INF] MessageQueue: POST /api/v1/orders completed in 379ms
2025-11-22 02:59:34.816 [INF] Cache: PUT /api/v1/users/user_8045/profile completed in 2488ms
2025-11-22 02:59:39.485 [DBG] ApiGateway: Parsed configuration: {"timeout": 30, "retries": 3}
2025-11-22 02:59:43.087 [INF] HttpServer: Scheduled job ReportGenerator started
2025-11-22 02:59:46.658 [INF] Config: GET /api/v1/products?page=11 completed in 51ms
2025-11-22 02:59:50.575 [INF] Cache: Scheduled job CleanupJob started
2025-11-22 02:59:55.512 [INF] Metrics: Configuration reloaded
2025-11-22 02:59:57.819 [WRN] Metrics: Connection pool exhausted, waiting for available connection
2025-11-22 03:00:00.260 [INF] Database: GET /api/v1/products?page=4 completed in 1927ms
2025-11-22 03:00:03.339 [INF] Metrics: Request f596b564 completed in 508ms
2025-11-22 03:00:07.324 [INF] Cache: Scheduled job DataSync completed in 31ms
2025-11-22 03:00:11.622 [INF] Database: Configuration reloaded
2025-11-22 03:00:14.376 [ERR] ApiGateway: Unhandled exception in Config: Timeout exceeded
2025-11-22 03:00:14.997 [INF] ApiGateway: Request 99722cf0 completed in 1679ms
2025-11-22 03:00:18.838 [TRC] ApiGateway: Entering method ProcessOrder with parameters {id: 123, type: "full"}
2025-11-22 03:00:22.881 [DBG] Metrics: Query execution plan generated
2025-11-22 03:00:25.362 [INF] Auth: Batch processing completed: 577/1000 items
2025-11-22 03:00:29.936 [INF] Metrics: File data_4b2c15f8.csv processed, 1986 records
2025-11-22 03:00:33.665 [DBG] Database: Cache lookup for key cache:session:1c163733
2025-11-22 03:00:36.373 [FTL] FileProcessor: Data corruption detected in transactions
2025-11-22 03:00:37.158 [INF] MessageQueue: Health check passed
2025-11-22 03:00:42.047 [WRN] FileProcessor: Connection pool exhausted, waiting for available connection
2025-11-22 03:00:45.965 [INF] Scheduler: Configuration reloaded
2025-11-22 03:00:50.128 [TRC] ApiGateway: Variable state: {counter: 42, flag: true}
2025-11-22 03:00:52.161 [DBG] FileProcessor: Cache lookup for key cache:session:98abe627
2025-11-22 03:00:56.691 [INF] Database: DELETE /api/v1/sessions/bf2f73c7 completed in 3551ms
2025-11-22 03:00:59.866 [DBG] Config: Processing request 2effd372
2025-11-22 03:01:00.607 [INF] ApiGateway: Cache hit for key cache:user:cd659d60
2025-11-22 03:01:04.183 [DBG] Cache: Cache lookup for key cache:user:d2424de9
2025-11-22 03:01:06.745 [ERR] MessageQueue: Database connection failed: Invalid token
2025-11-22 03:01:11.724 [DBG] Database: Parsed configuration: {"timeout": 30, "retries": 3}
2025-11-22 03:01:11.860 [INF] Metrics: Outbound HTTP call to NotificationService completed in 657ms
2025-11-22 03:01:15.135 [INF] MessageQueue: GET /api/v1/users/user_5061 completed in 23ms
2025-11-22 03:01:16.313 [INF] Auth: User user_2269 authenticated successfully
2025-11-22 03:01:21.067 [INF] Scheduler: DELETE /api/v1/sessions/74da20c5 completed in 219ms
2025-11-22 03:01:24.443 [INF] Config: User user_3695 authenticated successfully
2025-11-22 03:01:27.660 [INF] Cache: User user_6102 authenticated successfully
2025-11-22 03:01:30.264 [INF] Metrics: DELETE /api/v1/sessions/a9550c36 completed in 35ms
2025-11-22 03:01:32.448 [INF] HttpServer: PUT /api/v1/users/user_1591/profile completed in 22ms
2025-11-22 03:01:33.682 [ERR] MessageQueue: Authentication failed for user user_6395
2025-11-22 03:01:34.779 [INF] Auth: Cache hit for key cache:config:15dba9d6
2025-11-22 03:01:39.227 [INF] HttpServer: Configuration reloaded
2025-11-22 03:01:43.506 [ERR] HttpServer: File not found: export_ad187e90.csv
2025-11-22 03:01:46.330 [DBG] Scheduler: Cache lookup for key cache:user:4ac73a15
2025-11-22 03:01:50.391 [INF] Metrics: Message consumed from notifications in 954ms
2025-11-22 03:01:53.373 [INF] Config: PUT /api/v1/users/user_3814/profile completed in 1531ms
2025-11-22 03:01:54.031 [WRN] HttpServer: Slow query detected: 47ms for SELECT * FROM users WHERE...
2025-11-22 03:01:58.058 [ERR] Scheduler: Timeout waiting for response from PaymentService
2025-11-22 03:02:03.042 [INF] Database: Service started on port 8080
2025-11-22 03:02:03.216 [FTL] FileProcessor: Data corruption detected in orders
2025-11-22 03:02:04.641 [DBG] Metrics: Processing request 4f7b0527
2025-11-22 03:02:05.343 [INF] ApiGateway: Message consumed from tasks in 586ms
2025-11-22 03:02:09.517 [INF] MessageQueue: Scheduled job CleanupJob completed in 57ms
2025-11-22 03:02:11.299 [INF] FileProcessor: User user_9684 authenticated successfully
2025-11-22 03:02:11.577 [DBG] MessageQueue: Processing request eb454239
2025-11-22 03:02:15.869 [INF] HttpServer: GET /api/v1/products?page=2 completed in 4639ms
2025-11-22 03:02:19.969 [INF] Metrics: Message published to events
2025-11-22 03:02:21.565 [INF] Config: Cache hit for key cache:user:b6278840
2025-11-22 03:02:24.854 [INF] MessageQueue: User user_5247 authenticated successfully
2025-11-22 03:02:27.867 [INF] MessageQueue: Connected to database postgres://db:5432/app
2025-11-22 03:02:28.224 [INF] Auth: Scheduled job CleanupJob completed in 70ms
2025-11-22 03:02:28.512 [WRN] MessageQueue: Connection pool exhausted, waiting for available connection
2025-11-22 03:02:31.886 [DBG] Scheduler: Cache lookup for key cache:config:743c4da1
2025-11-22 03:02:35.061 [ERR] FileProcessor: Timeout waiting for response from NotificationService
2025-11-22 03:02:39.574 [DBG] Config: Processing request 159c92a8
2025-11-22 03:02:40.625 [DBG] Scheduler: Parsed configuration: {"timeout": 30, "retries": 3}
2025-11-22 03:02:45.029 [INF] HttpServer: Service started on port 9000
2025-11-22 03:02:49.590 [DBG] Config: Cache lookup for key cache:user:ad3fd3d5
2025-11-22 03:02:52.145 [INF] Config: Health check passed
2025-11-22 03:02:52.727 [DBG] Cache: Parsed configuration: {"timeout": 30, "retries": 3}
2025-11-22 03:02:54.519 [ERR] MessageQueue: Timeout waiting for response from UserService
2025-11-22 03:02:55.399 [INF] Database: Message consumed from orders in 30ms
2025-11-22 03:02:55.477 [DBG] Auth: Query execution plan generated
2025-11-22 03:02:55.876 [DBG] Config: Cache lookup for key cache:config:f186beaf
2025-11-22 03:02:56.389 [INF] Scheduler: User user_1305 authenticated successfully
2025-11-22 03:03:00.379 [INF] MessageQueue: Database query executed in 312ms
2025-11-22 03:03:04.132 [DBG] FileProcessor: Connection pool status: 10/20 active
2025-11-22 03:03:08.316 [INF] Config: Outbound HTTP call to PaymentService completed in 14ms
2025-11-22 03:03:10.133 [DBG] Metrics: Parsed configuration: {"timeout": 30, "retries": 3}
2025-11-22 03:03:14.143 [INF] ApiGateway: Scheduled job DataSync started
2025-11-22 03:03:16.797 [INF] MessageQueue: GET /api/v1/products?page=78 completed in 436ms
2025-11-22 03:03:20.073 [INF] HttpServer: Request 09f008ce completed in 3ms
2025-11-22 03:03:22.085 [WRN] Config: Connection pool exhausted, waiting for available connection
2025-11-22 03:03:26.525 [INF] HttpServer: File import_6a58ed0d.csv processed, 1574 records
2025-11-22 03:03:29.048 [INF] Config: Scheduled job ReportGenerator completed in 149ms
2025-11-22 03:03:32.532 [INF] Database: Outbound HTTP call to PaymentService completed in 164ms
2025-11-22 03:03:33.840 [INF] FileProcessor: POST /api/v1/orders completed in 2306ms
2025-11-22 03:03:34.658 [INF] MessageQueue: Cache hit for key cache:user:2dd7e66f
2025-11-22 03:03:34.726 [INF] Scheduler: Request d54b80fd completed in 425ms
2025-11-22 03:03:37.092 [INF] Auth: Request e522d519 completed in 88ms
2025-11-22 03:03:40.266 [WRN] Auth: Retry attempt 5 for operation SyncData
2025-11-22 03:03:41.070 [INF] Cache: Health check passed
2025-11-22 03:03:41.508 [INF] Cache: User user_3812 authenticated successfully
2025-11-22 03:03:44.305 [INF] Cache: Request 669711c5 completed in 150ms
2025-11-22 03:03:47.046 [WRN] Scheduler: Connection pool exhausted, waiting for available connection
2025-11-22 03:03:49.014 [WRN] HttpServer: Connection pool exhausted, waiting for available connection
2025-11-22 03:03:50.377 [DBG] ApiGateway: Processing request c4378274
2025-11-22 03:03:51.053 [DBG] ApiGateway: Connection pool status: 12/20 active
2025-11-22 03:03:51.937 [INF] Database: PUT /api/v1/users/user_6567/profile completed in 407ms
2025-11-22 03:03:55.260 [DBG] MessageQueue: Connection pool status: 12/20 active
2025-11-22 03:03:57.414 [INF] Cache: GET /api/v1/products?page=46 completed in 121ms
2025-11-22 03:04:00.315 [INF] HttpServer: Scheduled job ReportGenerator started
2025-11-22 03:04:00.529 [INF] ApiGateway: GET /api/v1/products?page=23 completed in 599ms
2025-11-22 03:04:03.229 [INF] Cache: Configuration reloaded
2025-11-22 03:04:03.634 [WRN] Scheduler: Connection pool exhausted, waiting for available connection
2025-11-22 03:04:07.904 [INF] Config: Database query executed in 2042ms
2025-11-22 03:04:10.643 [INF] Scheduler: POST /api/v1/orders completed in 3648ms
2025-11-22 03:04:14.766 [INF] HttpServer: Request 34eacd05 completed in 111ms
2025-11-22 03:04:15.111 [INF] HttpServer: Request 8ba4b2c9 completed in 143ms
2025-11-22 03:04:19.922 [INF] Metrics: User user_8490 authenticated successfully
2025-11-22 03:04:23.034 [INF] Database: DELETE /api/v1/sessions/cf285578 completed in 11ms
2025-11-22 03:04:27.922 [INF] Cache: Connected to database mysql://db:3306/app
2025-11-22 03:04:31.005 [DBG] Database: Parsed configuration: {"timeout": 30, "retries": 3}
2025-11-22 03:04:34.146 [INF] FileProcessor: DELETE /api/v1/sessions/0455a511 completed in 593ms
2025-11-22 03:04:36.307 [DBG] Auth: Parsed configuration: {"timeout": 30, "retries": 3}
2025-11-22 03:04:40.442 [INF] Auth: Outbound HTTP call to UserService completed in 515ms
2025-11-22 03:04:43.696 [WRN] FileProcessor: Slow query detected: 7ms for SELECT * FROM users WHERE...
2025-11-22 03:04:44.073 [INF] Metrics: DELETE /api/v1/sessions/841f7ca1 completed in 2542ms
2025-11-22 03:04:45.925 [INF] Auth: Scheduled job ReportGenerator completed in 311ms
2025-11-22 03:04:46.294 [INF] Metrics: Cache hit for key cache:session:64a6449e
2025-11-22 03:04:50.582 [INF] MessageQueue: Message published to events
2025-11-22 03:04:52.538 [INF] FileProcessor: Cache hit for key cache:session:959e6bb9
2025-11-22 03:04:57.246 [INF] Auth: Database query executed in 4685ms
2025-11-22 03:04:58.625 [INF] ApiGateway: DELETE /api/v1/sessions/843efb8a completed in 191ms
2025-11-22 03:05:02.047 [INF] ApiGateway: POST /api/v1/orders completed in 875ms
2025-11-22 03:05:02.721 [INF] HttpServer: Service started on port 5000
2025-11-22 03:05:04.457 [ERR] HttpServer: Invalid message format: Unexpected field "foo" at position 42
2025-11-22 03:05:06.155 [INF] Auth: Outbound HTTP call to NotificationService completed in 872ms
2025-11-22 03:05:06.696 [DBG] Auth: Query execution plan generated
2025-11-22 03:05:09.385 [DBG] Cache: Processing request c80da2b7
2025-11-22 03:05:09.888 [DBG] ApiGateway: Parsed configuration: {"timeout": 30, "retries": 3}
2025-11-22 03:05:10.558 [INF] MessageQueue: Cache hit for key cache:user:4bea1cb9
2025-11-22 03:05:14.051 [WRN] Cache: Retry attempt 5 for operation ProcessPayment
2025-11-22 03:05:14.589 [INF] Config: Cache hit for key cache:session:4bc5d8bf
2025-11-22 03:05:15.127 [TRC] Database: Variable state: {counter: 42, flag: true}
2025-11-22 03:05:19.436 [DBG] HttpServer: Query execution plan generated
2025-11-22 03:05:24.057 [INF] Auth: Connected to database postgres://db:5432/app
2025-11-22 03:05:26.550 [WRN] Database: Memory usage at 78%
2025-11-22 03:05:30.161 [INF] Config: User user_7903 authenticated successfully
2025-11-22 03:05:32.407 [INF] HttpServer: Message consumed from notifications in 17ms
2025-11-22 03:05:35.066 [INF] ApiGateway: Database query executed in 194ms
2025-11-22 03:05:38.753 [WRN] ApiGateway: Rate limit approaching for client client_1c584b1c
2025-11-22 03:05:40.319 [DBG] Cache: Connection pool status: 2/20 active
2025-11-22 03:05:41.977 [INF] MessageQueue: Scheduled job CleanupJob completed in 413ms
2025-11-22 03:05:42.218 [INF] Metrics: POST /api/v1/orders completed in 196ms
2025-11-22 03:05:45.671 [INF] Cache: POST /api/v1/orders completed in 2720ms
2025-11-22 03:05:48.681 [DBG] Config: Parsed configuration: {"timeout": 30, "retries": 3}
2025-11-22 03:05:52.329 [INF] Metrics: Connected to database mysql://db:3306/app
2025-11-22 03:05:52.859 [INF] ApiGateway: Cache hit for key cache:session:4dfd9b48
2025-11-22 03:05:55.237 [WRN] Config: Certificate expires in 11 days
2025-11-22 03:05:55.288 [DBG] ApiGateway: Connection pool status: 2/20 active
2025-11-22 03:05:58.412 [INF] Config: Service started on port 5000
2025-11-22 03:06:02.785 [INF] Database: GET /api/v1/products?page=64 completed in 21ms
2025-11-22 03:06:04.478 [INF] Auth: GET /api/v1/users/user_8684 completed in 193ms
2025-11-22 03:06:04.541 [INF] Auth: Request 47f80b76 completed in 572ms
2025-11-22 03:06:08.461 [INF] Scheduler: Cache hit for key cache:session:1f3dd064
2025-11-22 03:06:11.259 [DBG] MessageQueue: Parsed configuration: {"timeout": 30, "retries": 3}
2025-11-22 03:06:15.335 [INF] Auth: Scheduled job ReportGenerator completed in 113ms
2025-11-22 03:06:16.694 [INF] Scheduler: Request 180aba9c completed in 21ms
2025-11-22 03:06:20.766 [DBG] ApiGateway: Processing request f3a0bc4a
2025-11-22 03:06:21.941 [INF] MessageQueue: Health check passed
2025-11-22 03:06:24.683 [INF] FileProcessor: Connected to database postgres://db:5432/app
2025-11-22 03:06:29.089 [DBG] MessageQueue: Connection pool status: 13/20 active
2025-11-22 03:06:32.180 [DBG] Metrics: Parsed configuration: {"timeout": 30, "retries": 3}
2025-11-22 03:06:34.342 [INF] Database: File data_df22d33e.csv processed, 9444 records
2025-11-22 03:06:38.718 [DBG] Scheduler: Cache lookup for key cache:session:c84901bc
2025-11-22 03:06:40.132 [WRN] Database: Deprecated API endpoint called: /api/v1/users
2025-11-22 03:06:42.381 [INF] Auth: DELETE /api/v1/sessions/94dd2ee0 completed in 81ms
2025-11-22 03:06:44.206 [INF] ApiGateway: DELETE /api/v1/sessions/c4b839ad completed in 91ms
2025-11-22 03:06:44.947 [WRN] Config: Retry attempt 2 for operation SyncData
2025-11-22 03:06:49.783 [INF] Auth: GET /api/v1/products?page=87 completed in 483ms
2025-11-22 03:06:53.078 [INF] HttpServer: Message published to events
2025-11-22 03:06:55.552 [INF] Metrics: Message consumed from orders in 18ms
2025-11-22 03:06:55.786 [ERR] ApiGateway: Invalid message format: Unexpected field "foo" at position 42
2025-11-22 03:06:57.862 [WRN] FileProcessor: Connection pool exhausted, waiting for available connection
2025-11-22 03:06:58.722 [TRC] FileProcessor: Entering method ProcessOrder with parameters {id: 123, type: "full"}
2025-11-22 03:07:03.618 [WRN] Database: Rate limit approaching for client client_b3e5ffea
2025-11-22 03:07:04.509 [WRN] MessageQueue: Rate limit approaching for client client_2c0e2213
2025-11-22 03:07:04.607 [INF] Scheduler: Database query executed in 3833ms
2025-11-22 03:07:06.280 [INF] Database: User user_9763 authenticated successfully
2025-11-22 03:07:08.504 [INF] MessageQueue: Scheduled job BackupJob started
2025-11-22 03:07:12.258 [INF] Metrics: PUT /api/v1/users/user_9356/profile completed in 415ms
2025-11-22 03:07:14.118 [ERR] MessageQueue: Failed to process request 4767042b: Connection refused
2025-11-22 03:07:16.964 [INF] Scheduler: User user_9155 authenticated successfully
2025-11-22 03:07:18.418 [DBG] Cache: Processing request 76ac0947
2025-11-22 03:07:23.202 [ERR] FileProcessor: Unhandled exception in Database: Connection refused
2025-11-22 03:07:24.140 [INF] Scheduler: Connected to database postgres://db:5432/app
2025-11-22 03:07:28.601 [INF] Scheduler: Configuration reloaded
2025-11-22 03:07:33.213 [WRN] MessageQueue: Slow query detected: 70ms for SELECT * FROM users WHERE...
2025-11-22 03:07:37.013 [DBG] Auth: Connection pool status: 17/20 active
2025-11-22 03:07:37.566 [WRN] Scheduler: Certificate expires in 7 days
2025-11-22 03:07:40.404 [INF] Metrics: Request f0856f43 completed in 2075ms
2025-11-22 03:07:42.977 [INF] MessageQueue: POST /api/v1/orders completed in 2595ms
2025-11-22 03:07:47.657 [INF] Database: Service started on port 3000
2025-11-22 03:07:49.757 [DBG] FileProcessor: Processing request 2e789583
2025-11-22 03:07:54.280 [DBG] Auth: Connection pool status: 14/20 active
2025-11-22 03:07:55.115 [INF] Scheduler: Scheduled job DataSync completed in 144ms
2025-11-22 03:07:57.749 [DBG] Config: Connection pool status: 5/20 active
2025-11-22 03:08:02.741 [INF] Config: Scheduled job ReportGenerator completed in 3951ms
2025-11-22 03:08:04.134 [INF] Database: DELETE /api/v1/sessions/99d51806 completed in 43ms
2025-11-22 03:08:08.766 [INF] MessageQueue: Message published to orders
2025-11-22 03:08:10.137 [DBG] MessageQueue: Processing request a1805890
2025-11-22 03:08:14.740 [INF] ApiGateway: User user_2127 authenticated successfully
2025-11-22 03:08:18.259 [INF] Auth: Database query executed in 250ms
2025-11-22 03:08:18.840 [INF] Metrics: GET /api/v1/users/user_7005 completed in 1879ms
2025-11-22 03:08:21.480 [DBG] MessageQueue: Cache lookup for key cache:user:b39bb43b
2025-11-22 03:08:21.504 [INF] Scheduler: Scheduled job BackupJob completed in 521ms
2025-11-22 03:08:22.337 [INF] Metrics: GET /api/v1/users/user_3476 completed in 18ms
2025-11-22 03:08:23.663 [INF] Database: Request 7a0980cd completed in 11ms
2025-11-22 03:08:27.867 [INF] Scheduler: Message consumed from notifications in 76ms
2025-11-22 03:08:28.408 [INF] HttpServer: Health check passed
2025-11-22 03:08:31.969 [INF] Metrics: GET /api/v1/users/user_6150 completed in 117ms
2025-11-22 03:08:33.643 [INF] HttpServer: Service started on port 5000
2025-11-22 03:08:36.105 [INF] Config: Connected to database postgres://db:5432/app
2025-11-22 03:08:37.943 [INF] MessageQueue: Message published to orders
2025-11-22 03:08:38.082 [INF] Config: DELETE /api/v1/sessions/a78abcf3 completed in 131ms
2025-11-22 03:08:42.084 [DBG] Cache: Connection pool status: 12/20 active
2025-11-22 03:08:43.907 [DBG] Auth: Parsed configuration: {"timeout": 30, "retries": 3}
2025-11-22 03:08:48.573 [DBG] Database: Query execution plan generated
2025-11-22 03:08:49.103 [DBG] Cache: Connection pool status: 8/20 active
2025-11-22 03:08:52.494 [INF] Cache: Batch processing completed: 591/1065 items
2025-11-22 03:08:54.316 [INF] Metrics: Batch processing completed: 877/1010 items
2025-11-22 03:08:54.893 [DBG] Metrics: Processing request 0a2f9576
2025-11-22 03:08:57.183 [INF] Scheduler: GET /api/v1/products?page=68 completed in 869ms
2025-11-22 03:09:00.262 [INF] Database: GET /api/v1/products?page=54 completed in 437ms
2025-11-22 03:09:04.144 [TRC] MessageQueue: Loop iteration 18 of 1097
2025-11-22 03:09:05.653 [TRC] Scheduler: Entering method ValidateInput with parameters {id: 123, type: "full"}
2025-11-22 03:09:06.979 [DBG] Auth: Cache lookup for key cache:config:770e6690
2025-11-22 03:09:11.275 [INF] Metrics: Service started on port 9000
2025-11-22 03:09:13.547 [INF] Auth: Cache hit for key cache:config:e27692f0
2025-11-22 03:09:16.214 [INF] ApiGateway: Outbound HTTP call to UserService completed in 50ms
2025-11-22 03:09:18.939 [INF] Cache: Health check passed
2025-11-22 03:09:21.706 [INF] Scheduler: Cache hit for key cache:config:6352435d
2025-11-22 03:09:25.276 [DBG] HttpServer: Cache lookup for key cache:session:5715d887
2025-11-22 03:09:27.159 [INF] Scheduler: Service started on port 9000
2025-11-22 03:09:31.456 [INF] Scheduler: Health check passed
2025-11-22 03:09:33.851 [INF] Database: Cache hit for key cache:session:3d15f58b
2025-11-22 03:09:36.537 [INF] MessageQueue: Outbound HTTP call to NotificationService completed in 6ms
2025-11-22 03:09:39.616 [DBG] Cache: Query execution plan generated
2025-11-22 03:09:44.351 [DBG] Metrics: Cache lookup for key cache:config:de5ed53f
2025-11-22 03:09:47.542 [WRN] Config: Rate limit approaching for client client_bed0c6d0
2025-11-22 03:09:48.141 [WRN] Cache: Slow query detected: 28ms for SELECT * FROM users WHERE...
2025-11-22 03:09:49.727 [INF] HttpServer: Message consumed from tasks in 3991ms
2025-11-22 03:09:53.540 [INF] Scheduler: File export_fbc29307.csv processed, 723 records
2025-11-22 03:09:57.279 [INF] Cache: Message published to notifications
2025-11-22 03:10:00.216 [INF] HttpServer: Configuration reloaded
2025-11-22 03:10:02.660 [INF] Database: Configuration reloaded
2025-11-22 03:10:05.170 [INF] FileProcessor: Message consumed from tasks in 160ms
2025-11-22 03:10:07.471 [WRN] MessageQueue: Rate limit approaching for client client_f25a0556
2025-11-22 03:10:10.750 [INF] Config: Scheduled job DataSync started
2025-11-22 03:10:15.717 [INF] FileProcessor: Outbound HTTP call to NotificationService completed in 170ms
2025-11-22 03:10:18.915 [INF] MessageQueue: Message consumed from orders in 164ms
2025-11-22 03:10:20.805 [DBG] Cache: Processing request d74152f1
2025-11-22 03:10:23.865 [FTL] Metrics: Unrecoverable error, shutting down
2025-11-22 03:10:27.278 [INF] Cache: Message consumed from events in 92ms
2025-11-22 03:10:29.905 [WRN] Scheduler: Connection pool exhausted, waiting for available connection
2025-11-22 03:10:31.150 [DBG] ApiGateway: Connection pool status: 6/20 active
2025-11-22 03:10:32.467 [DBG] Scheduler: Query execution plan generated
2025-11-22 03:10:33.296 [INF] Cache: Cache hit for key cache:user:117e887a
2025-11-22 03:10:34.010 [DBG] Config: Cache lookup for key cache:session:6edac8c9
2025-11-22 03:10:35.801 [INF] MessageQueue: Scheduled job ReportGenerator started
2025-11-22 03:10:38.443 [DBG] MessageQueue: Connection pool status: 18/20 active
2025-11-22 03:10:42.869 [INF] Config: DELETE /api/v1/sessions/2c3a2d68 completed in 33ms
2025-11-22 03:10:44.609 [DBG] Metrics: Cache lookup for key cache:user:30ac247e
2025-11-22 03:10:48.950 [ERR] FileProcessor: File not found: export_94410ebb.csv
2025-11-22 03:10:53.627 [INF] Config: GET /api/v1/products?page=42 completed in 94ms
2025-11-22 03:10:55.806 [INF] Database: Scheduled job ReportGenerator completed in 142ms
2025-11-22 03:10:57.005 [INF] ApiGateway: DELETE /api/v1/sessions/57e0c313 completed in 22ms
2025-11-22 03:11:01.322 [TRC] Scheduler: Variable state: {counter: 42, flag: true}
2025-11-22 03:11:03.207 [WRN] Config: Slow query detected: 26ms for SELECT * FROM users WHERE...
2025-11-22 03:11:04.894 [INF] Scheduler: Connected to database mysql://db:3306/app
2025-11-22 03:11:05.977 [INF] Metrics: Scheduled job CleanupJob completed in 4ms
2025-11-22 03:11:06.525 [INF] Scheduler: Scheduled job CleanupJob completed in 82ms
2025-11-22 03:11:08.925 [INF] MessageQueue: File data_a5c13ed0.csv processed, 3827 records
2025-11-22 03:11:09.110 [INF] Database: Health check passed
2025-11-22 03:11:13.106 [INF] ApiGateway: Cache hit for key cache:session:98697301
2025-11-22 03:11:17.848 [INF] MessageQueue: Message published to orders
2025-11-22 03:11:20.679 [INF] HttpServer: Message consumed from notifications in 246ms
2025-11-22 03:11:25.534 [DBG] MessageQueue: Connection pool status: 7/20 active
2025-11-22 03:11:28.677 [ERR] Scheduler: Invalid message format: Unexpected field "foo" at position 42
2025-11-22 03:11:30.367 [DBG] HttpServer: Query execution plan generated
2025-11-22 03:11:33.761 [INF] FileProcessor: GET /api/v1/users/user_8742 completed in 33ms
2025-11-22 03:11:36.437 [INF] MessageQueue: Batch processing completed: 150/1077 items
2025-11-22 03:11:37.387 [INF] Scheduler: POST /api/v1/orders completed in 21ms
2025-11-22 03:11:39.688 [DBG] ApiGateway: Parsed configuration: {"timeout": 30, "retries": 3}
2025-11-22 03:11:44.389 [INF] Auth: GET /api/v1/users/user_8563 completed in 184ms
2025-11-22 03:11:48.086 [INF] Auth: User user_9280 authenticated successfully
2025-11-22 03:11:52.598 [INF] Metrics: Connected to database postgres://db:5432/app
2025-11-22 03:11:56.285 [DBG] Config: Processing request dbe6e2d6
2025-11-22 03:12:01.277 [DBG] ApiGateway: Query execution plan generated
2025-11-22 03:12:04.062 [DBG] ApiGateway: Parsed configuration: {"timeout": 30, "retries": 3}
2025-11-22 03:12:05.849 [DBG] Auth: Parsed configuration: {"timeout": 30, "retries": 3}
2025-11-22 03:12:06.784 [DBG] HttpServer: Query execution plan generated
2025-11-22 03:12:11.176 [DBG] HttpServer: Cache lookup for key cache:config:8da2cb9a
2025-11-22 03:12:15.399 [INF] Database: DELETE /api/v1/sessions/0fe232dc completed in 51ms
2025-11-22 03:12:18.660 [INF] Metrics: Outbound HTTP call to NotificationService completed in 83ms
2025-11-22 03:12:21.598 [INF] Cache: Batch processing completed: 566/1096 items
2025-11-22 03:12:24.566 [INF] Auth: GET /api/v1/users/user_2488 completed in 13ms
2025-11-22 03:12:26.749 [INF] MessageQueue: Cache hit for key cache:config:e6c6b0eb
2025-11-22 03:12:31.108 [DBG] Cache: Query execution plan generated
2025-11-22 03:12:31.844 [INF] ApiGateway: Health check passed
2025-11-22 03:12:34.814 [INF] FileProcessor: GET /api/v1/users/user_3277 completed in 779ms
2025-11-22 03:12:38.330 [INF] FileProcessor: Batch processing completed: 185/1004 items
2025-11-22 03:12:39.083 [WRN] Config: Memory usage at 87%
2025-11-22 03:12:43.633 [INF] MessageQueue: GET /api/v1/users/user_6519 completed in 4347ms
2025-11-22 03:12:46.083 [ERR] Cache: File not found: import_3ed4524d.csv
2025-11-22 03:12:47.490 [DBG] Metrics: Connection pool status: 8/20 active
2025-11-22 03:12:48.438 [INF] Scheduler: Request 72a95b2b completed in 49ms
2025-11-22 03:12:48.804 [DBG] Config: Connection pool status: 16/20 active
2025-11-22 03:12:53.332 [INF] HttpServer: PUT /api/v1/users/user_4449/profile completed in 27ms
2025-11-22 03:12:56.118 [INF] FileProcessor: PUT /api/v1/users/user_4964/profile completed in 216ms
2025-11-22 03:12:58.462 [DBG] FileProcessor: Cache lookup for key cache:config:a0347f4b
2025-11-22 03:12:58.669 [DBG] Database: Cache lookup for key cache:user:3581e000
2025-11-22 03:13:03.251 [DBG] Metrics: Cache lookup for key cache:config:e0e06121
2025-11-22 03:13:06.414 [INF] Database: Message consumed from notifications in 117ms
2025-11-22 03:13:10.457 [DBG] Auth: Query execution plan generated
2025-11-22 03:13:13.509 [INF] Database: Database query executed in 610ms
2025-11-22 03:13:17.554 [ERR] Auth: Failed to process request 9a2ae4b9: Connection refused
2025-11-22 03:13:22.228 [DBG] FileProcessor: Connection pool status: 7/20 active
2025-11-22 03:13:25.918 [INF] Auth: User user_5276 authenticated successfully
2025-11-22 03:13:29.360 [INF] HttpServer: Message published to tasks
2025-11-22 03:13:30.200 [DBG] Config: Parsed configuration: {"timeout": 30, "retries": 3}
2025-11-22 03:13:31.559 [INF] Config: Outbound HTTP call to PaymentService completed in 47ms
2025-11-22 03:13:35.522 [WRN] Config: Memory usage at 82%
2025-11-22 03:13:37.656 [INF] MessageQueue: Scheduled job CleanupJob started
2025-11-22 03:13:39.717 [WRN] ApiGateway: Retry attempt 4 for operation SendEmail
2025-11-22 03:13:44.313 [DBG] Cache: Connection pool status: 20/20 active
2025-11-22 03:13:44.864 [WRN] Auth: Deprecated API endpoint called: /api/v1/users
2025-11-22 03:13:46.952 [INF] Cache: Scheduled job BackupJob completed in 123ms
2025-11-22 03:13:47.620 [ERR] Auth: Unhandled exception in Database: Timeout exceeded
2025-11-22 03:13:49.288 [INF] Config: Batch processing completed: 539/1029 items
2025-11-22 03:13:54.073 [DBG] Cache: Query execution plan generated
2025-11-22 03:13:56.606 [DBG] Database: Query execution plan generated
2025-11-22 03:13:56.661 [INF] Config: Message consumed from orders in 167ms
2025-11-22 03:13:56.726 [WRN] Cache: Certificate expires in 6 days
2025-11-22 03:13:57.548 [INF] ApiGateway: PUT /api/v1/users/user_6732/profile completed in 49ms
2025-11-22 03:14:01.952 [INF] Metrics: Configuration reloaded
2025-11-22 03:14:02.822 [INF] Scheduler: PUT /api/v1/users/user_5913/profile completed in 3166ms
2025-11-22 03:14:07.415 [INF] ApiGateway: Outbound HTTP call to UserService completed in 4248ms
2025-11-22 03:14:11.832 [FTL] Scheduler: Application startup failed: Permission denied
2025-11-22 03:14:15.267 [INF] MessageQueue: Connected to database postgres://db:5432/app
2025-11-22 03:14:16.728 [INF] MessageQueue: Message consumed from events in 178ms
2025-11-22 03:14:20.447 [INF] Config: PUT /api/v1/users/user_5240/profile completed in 233ms
2025-11-22 03:14:22.769 [DBG] ApiGateway: Processing request 6a390159
2025-11-22 03:14:24.174 [DBG] Database: Processing request 2da7531c
2025-11-22 03:14:26.559 [INF] FileProcessor: Request be439e93 completed in 36ms
2025-11-22 03:14:28.003 [INF] HttpServer: Connected to database mysql://db:3306/app
2025-11-22 03:14:29.292 [INF] FileProcessor: DELETE /api/v1/sessions/5a30c92c completed in 2262ms
2025-11-22 03:14:30.319 [WRN] Config: Connection pool exhausted, waiting for available connection
2025-11-22 03:14:31.978 [INF] MessageQueue: Batch processing completed: 504/1072 items
2025-11-22 03:14:34.207 [DBG] MessageQueue: Connection pool status: 18/20 active
2025-11-22 03:14:35.948 [INF] Scheduler: PUT /api/v1/users/user_3108/profile completed in 24ms
2025-11-22 03:14:39.557 [DBG] Metrics: Parsed configuration: {"timeout": 30, "retries": 3}
2025-11-22 03:14:41.727 [WRN] FileProcessor: Deprecated API endpoint called: /api/v1/users
2025-11-22 03:14:44.787 [WRN] Config: Certificate expires in 30 days
2025-11-22 03:14:47.815 [INF] Database: Outbound HTTP call to PaymentService completed in 712ms
2025-11-22 03:14:50.393 [INF] Metrics: Connected to database postgres://db:5432/app
2025-11-22 03:14:50.465 [INF] MessageQueue: Database query executed in 2993ms
2025-11-22 03:14:51.737 [DBG] Scheduler: Connection pool status: 15/20 active
2025-11-22 03:14:56.637 [TRC] MessageQueue: Loop iteration 62 of 1001
2025-11-22 03:15:01.041 [WRN] Cache: Memory usage at 70%
2025-11-22 03:15:05.013 [DBG] Scheduler: Connection pool status: 12/20 active
2025-11-22 03:15:06.654 [INF] FileProcessor: File import_22a6a8c7.csv processed, 8215 records
2025-11-22 03:15:08.988 [INF] Auth: Request e8f4397e completed in 57ms
2025-11-22 03:15:10.629 [INF] Database: Configuration reloaded
2025-11-22 03:15:14.419 [INF] Auth: Scheduled job BackupJob completed in 27ms
2025-11-22 03:15:17.866 [INF] HttpServer: File report_9f834b7c.csv processed, 8935 records
2025-11-22 03:15:18.270 [INF] Scheduler: GET /api/v1/users/user_9611 completed in 701ms
2025-11-22 03:15:22.856 [DBG] Scheduler: Cache lookup for key cache:config:ffdd69ac
2025-11-22 03:15:27.103 [INF] Cache: Message published to orders
2025-11-22 03:15:29.469 [DBG] Scheduler: Query execution plan generated
2025-11-22 03:15:31.043 [WRN] Auth: Certificate expires in 26 days
2025-11-22 03:15:32.836 [DBG] MessageQueue: Query execution plan generated
2025-11-22 03:15:37.834 [ERR] Metrics: Failed to process request e562a8e1: Invalid token
2025-11-22 03:15:41.228 [INF] ApiGateway: Connected to database postgres://db:5432/app
2025-11-22 03:15:45.960 [INF] ApiGateway: Scheduled job BackupJob started
2025-11-22 03:15:48.671 [INF] ApiGateway: Configuration reloaded
2025-11-22 03:15:50.068 [INF] Metrics: GET /api/v1/products?page=46 completed in 1203ms
2025-11-22 03:15:52.790 [DBG] HttpServer: Parsed configuration: {"timeout": 30, "retries": 3}
2025-11-22 03:15:53.279 [INF] Cache: DELETE /api/v1/sessions/3eb8cd94 completed in 809ms
2025-11-22 03:15:58.266 [DBG] Metrics: Query execution plan generated
2025-11-22 03:15:59.688 [INF] ApiGateway: GET /api/v1/users/user_3240 completed in 37ms
2025-11-22 03:16:01.687 [TRC] Scheduler: Entering method Transform with parameters {id: 123, type: "full"}
2025-11-22 03:16:06.250 [DBG] Auth: Connection pool status: 12/20 active
2025-11-22 03:16:08.249 [INF] Auth: Message consumed from notifications in 35ms
2025-11-22 03:16:09.631 [DBG] ApiGateway: Processing request 1cb2a6ca
2025-11-22 03:16:09.741 [INF] Database: Service started on port 3000
2025-11-22 03:16:12.470 [INF] MessageQueue: Database query executed in 332ms
2025-11-22 03:16:15.713 [INF] HttpServer: File data_21e489bb.csv processed, 7161 records
2025-11-22 03:16:16.433 [ERR] Cache: Authentication failed for user user_8842
2025-11-22 03:16:20.435 [INF] Auth: POST /api/v1/orders completed in 3624ms
2025-11-22 03:16:20.752 [INF] Cache: Message consumed from tasks in 4116ms
2025-11-22 03:16:24.821 [DBG] ApiGateway: Processing request 6369a3c7
2025-11-22 03:16:29.816 [INF] FileProcessor: PUT /api/v1/users/user_4598/profile completed in 412ms
2025-11-22 03:16:31.884 [INF] ApiGateway: Message published to notifications
2025-11-22 03:16:34.193 [INF] ApiGateway: GET /api/v1/users/user_3800 completed in 2627ms
2025-11-22 03:16:38.402 [INF] Auth: DELETE /api/v1/sessions/f18cae6b completed in 42ms
2025-11-22 03:16:42.145 [INF] ApiGateway: Message consumed from notifications in 818ms
2025-11-22 03:16:43.055 [INF] Config: Outbound HTTP call to UserService completed in 95ms
2025-11-22 03:16:46.212 [INF] HttpServer: Message consumed from tasks in 147ms
2025-11-22 03:16:48.091 [DBG] Config: Query execution plan generated
2025-11-22 03:16:50.497 [INF] Scheduler: Configuration reloaded
2025-11-22 03:16:54.885 [DBG] Scheduler: Parsed configuration: {"timeout": 30, "retries": 3}
2025-11-22 03:16:55.384 [INF] FileProcessor: GET /api/v1/users/user_6791 completed in 156ms
2025-11-22 03:16:56.182 [INF] Auth: Configuration reloaded
2025-11-22 03:16:59.466 [TRC] ApiGateway: Variable state: {counter: 42, flag: true}
2025-11-22 03:17:01.006 [DBG] Config: Parsed configuration: {"timeout": 30, "retries": 3}
2025-11-22 03:17:04.362 [INF] ApiGateway: Scheduled job ReportGenerator started
2025-11-22 03:17:06.601 [INF] MessageQueue: User user_1475 authenticated successfully
2025-11-22 03:17:08.942 [DBG] MessageQueue: Parsed configuration: {"timeout": 30, "retries": 3}
2025-11-22 03:17:13.484 [INF] Cache: Health check passed
2025-11-22 03:17:15.546 [DBG] Database: Parsed configuration: {"timeout": 30, "retries": 3}
2025-11-22 03:17:16.972 [DBG] Scheduler: Parsed configuration: {"timeout": 30, "retries": 3}
2025-11-22 03:17:17.479 [ERR] Metrics: Authentication failed for user user_8440
2025-11-22 03:17:22.437 [DBG] ApiGateway: Parsed configuration: {"timeout": 30, "retries": 3}
2025-11-22 03:17:25.238 [DBG] Metrics: Parsed configuration: {"timeout": 30, "retries": 3}
2025-11-22 03:17:29.666 [WRN] Metrics: Slow query detected: 891ms for SELECT * FROM users WHERE...
2025-11-22 03:17:29.930 [INF] Cache: Scheduled job DataSync started
2025-11-22 03:17:34.775 [INF] ApiGateway: File export_933796a1.csv processed, 8067 records
2025-11-22 03:17:35.432 [DBG] Scheduler: Query execution plan generated
2025-11-22 03:17:36.738 [WRN] Scheduler: Memory usage at 81%
2025-11-22 03:17:41.706 [INF] Metrics: Scheduled job BackupJob completed in 491ms
2025-11-22 03:17:43.107 [DBG] Scheduler: Query execution plan generated
2025-11-22 03:17:44.756 [FTL] Metrics: Unrecoverable error, shutting down
2025-11-22 03:17:47.395 [INF] MessageQueue: Outbound HTTP call to UserService completed in 57ms
2025-11-22 03:17:52.129 [INF] Auth: DELETE /api/v1/sessions/9e5b3f4a completed in 125ms
2025-11-22 03:17:53.950 [DBG] Cache: Processing request d78097b9
2025-11-22 03:17:56.543 [DBG] Cache: Query execution plan generated
2025-11-22 03:18:00.954 [INF] HttpServer: Service started on port 5000
2025-11-22 03:18:03.367 [WRN] Config: Connection pool exhausted, waiting for available connection
2025-11-22 03:18:05.652 [INF] Auth: Connected to database mysql://db:3306/app
2025-11-22 03:18:05.746 [TRC] HttpServer: Loop iteration 84 of 1023
2025-11-22 03:18:08.885 [INF] ApiGateway: Configuration reloaded
2025-11-22 03:18:11.644 [INF] Metrics: Database query executed in 594ms
2025-11-22 03:18:13.532 [WRN] Auth: Certificate expires in 13 days
2025-11-22 03:18:17.693 [INF] MessageQueue: Scheduled job DataSync completed in 115ms
2025-11-22 03:18:18.394 [INF] Auth: User user_4989 authenticated successfully
2025-11-22 03:18:20.213 [INF] Cache: Outbound HTTP call to NotificationService completed in 99ms
2025-11-22 03:18:20.673 [INF] Scheduler: File import_67a4a4f1.csv processed, 5701 records
2025-11-22 03:18:21.016 [DBG] MessageQueue: Processing request eb6272d2
2025-11-22 03:18:24.987 [TRC] Scheduler: Loop iteration 64 of 1013
2025-11-22 03:18:27.676 [DBG] Scheduler: Connection pool status: 8/20 active
2025-11-22 03:18:28.313 [INF] Config: Scheduled job CleanupJob started
2025-11-22 03:18:30.960 [INF] HttpServer: GET /api/v1/products?page=48 completed in 2716ms
2025-11-22 03:18:35.352 [INF] ApiGateway: Service started on port 8080
2025-11-22 03:18:39.752 [WRN] HttpServer: Deprecated API endpoint called: /api/v1/legacy
2025-11-22 03:18:42.285 [INF] Metrics: User user_9109 authenticated successfully
2025-11-22 03:18:46.635 [INF] Scheduler: Message consumed from tasks in 35ms
2025-11-22 03:18:50.597 [INF] Metrics: File import_993437db.csv processed, 1272 records
2025-11-22 03:18:55.536 [INF] Cache: DELETE /api/v1/sessions/5e14e0da completed in 1682ms
2025-11-22 03:18:56.293 [INF] Config: Database query executed in 558ms
2025-11-22 03:19:00.725 [INF] Config: Service started on port 9000
2025-11-22 03:19:02.499 [INF] HttpServer: Scheduled job BackupJob started
2025-11-22 03:19:04.880 [INF] HttpServer: Configuration reloaded
2025-11-22 03:19:08.592 [DBG] Metrics: Connection pool status: 12/20 active
2025-11-22 03:19:10.043 [INF] FileProcessor: Message consumed from notifications in 935ms
2025-11-22 03:19:13.513 [DBG] Auth: Query execution plan generated
2025-11-22 03:19:15.350 [WRN] Scheduler: Slow query detected: 3567ms for SELECT * FROM users WHERE...
2025-11-22 03:19:18.659 [INF] MessageQueue: Message consumed from events in 2039ms
2025-11-22 03:19:22.198 [DBG] Auth: Parsed configuration: {"timeout": 30, "retries": 3}
2025-11-22 03:19:22.582 [INF] ApiGateway: GET /api/v1/users/user_6712 completed in 4218ms
2025-11-22 03:19:26.807 [INF] Database: Message published to orders
2025-11-22 03:19:30.556 [ERR] Scheduler: Timeout waiting for response from UserService
2025-11-22 03:19:34.061 [TRC] Cache: Entering method ProcessOrder with parameters {id: 123, type: "full"}
2025-11-22 03:19:34.208 [DBG] Database: Parsed configuration: {"timeout": 30, "retries": 3}
2025-11-22 03:19:38.285 [INF] MessageQueue: Outbound HTTP call to NotificationService completed in 941ms
2025-11-22 03:19:39.916 [INF] Database: POST /api/v1/orders completed in 22ms
2025-11-22 03:19:41.150 [DBG] Cache: Processing request 6bb9152c
2025-11-22 03:19:41.457 [INF] MessageQueue: GET /api/v1/users/user_5626 completed in 408ms
2025-11-22 03:19:46.416 [INF] HttpServer: Configuration reloaded
2025-11-22 03:19:49.517 [DBG] Database: Parsed configuration: {"timeout": 30, "retries": 3}
2025-11-22 03:19:50.995 [INF] HttpServer: Database query executed in 3716ms
2025-11-22 03:19:54.009 [INF] Metrics: Message published to events
2025-11-22 03:19:55.711 [INF] Auth: Request 4f9c8013 completed in 4647ms
2025-11-22 03:19:58.858 [INF] Cache: Connected to database mysql://db:3306/app
2025-11-22 03:20:01.726 [INF] Database: User user_9789 authenticated successfully
2025-11-22 03:20:02.424 [ERR] Metrics: Database connection failed: Connection refused
2025-11-22 03:20:05.326 [WRN] Database: Retry attempt 1 for operation ProcessPayment
2025-11-22 03:20:06.044 [DBG] ApiGateway: Connection pool status: 14/20 active
2025-11-22 03:20:09.612 [DBG] Database: Parsed configuration: {"timeout": 30, "retries": 3}
2025-11-22 03:20:12.746 [DBG] Cache: Cache lookup for key cache:session:aa8038f7
2025-11-22 03:20:17.431 [WRN] HttpServer: Slow query detected: 89ms for SELECT * FROM users WHERE...
2025-11-22 03:20:18.710 [DBG] ApiGateway: Processing request cfca6a0e
2025-11-22 03:20:18.722 [DBG] Config: Parsed configuration: {"timeout": 30, "retries": 3}
2025-11-22 03:20:21.493 [INF] Database: Request 0a69c9f8 completed in 12ms
2025-11-22 03:20:24.419 [DBG] FileProcessor: Parsed configuration: {"timeout": 30, "retries": 3}
2025-11-22 03:20:25.336 [DBG] Cache: Connection pool status: 11/20 active
2025-11-22 03:20:26.129 [INF] ApiGateway: Request 02b239ae completed in 146ms
2025-11-22 03:20:27.026 [TRC] ApiGateway: Variable state: {counter: 42, flag: true}
2025-11-22 03:20:31.090 [INF] Scheduler: User user_4789 authenticated successfully
2025-11-22 03:20:35.114 [INF] Scheduler: POST /api/v1/orders completed in 2344ms
2025-11-22 03:20:35.648 [INF] HttpServer: GET /api/v1/users/user_8864 completed in 957ms
2025-11-22 03:20:36.203 [WRN] ApiGateway: Certificate expires in 3 days
2025-11-22 03:20:40.916 [ERR] Database: Database connection failed: Timeout exceeded
2025-11-22 03:20:44.802 [INF] HttpServer: File data_1d5aa8b4.csv processed, 8968 records
2025-11-22 03:20:45.394 [INF] Auth: DELETE /api/v1/sessions/f085049d completed in 4880ms
2025-11-22 03:20:46.555 [WRN] Database: Memory usage at 89%
2025-11-22 03:20:49.984 [INF] Auth: Cache hit for key cache:config:2a4983be
2025-11-22 03:20:51.622 [INF] Scheduler: Outbound HTTP call to NotificationService completed in 133ms
2025-11-22 03:20:53.990 [INF] HttpServer: Database query executed in 616ms
2025-11-22 03:20:55.012 [DBG] Config: Connection pool status: 10/20 active
2025-11-22 03:20:55.211 [INF] MessageQueue: User user_3719 authenticated successfully
2025-11-22 03:20:56.110 [DBG] HttpServer: Cache lookup for key cache:user:c1faa9fb
2025-11-22 03:20:57.438 [INF] HttpServer: Scheduled job CleanupJob started
2025-11-22 03:21:02.036 [INF] Auth: Message consumed from events in 753ms
2025-11-22 03:21:03.428 [DBG] ApiGateway: Parsed configuration: {"timeout": 30, "retries": 3}
2025-11-22 03:21:07.786 [DBG] Config: Connection pool status: 4/20 active
2025-11-22 03:21:10.172 [INF] Auth: Database query executed in 4ms
2025-11-22 03:21:10.529 [WRN] HttpServer: Certificate expires in 11 days
2025-11-22 03:21:13.546 [INF] HttpServer: File data_4a055253.csv processed, 9735 records
2025-11-22 03:21:18.031 [ERR] HttpServer: File not found: report_c085d962.csv
2025-11-22 03:21:19.828 [DBG] Auth: Cache lookup for key cache:config:cf7c91d8
2025-11-22 03:21:20.910 [INF] HttpServer: GET /api/v1/products?page=47 completed in 54ms
2025-11-22 03:21:22.598 [DBG] Metrics: Query execution plan generated
2025-11-22 03:21:25.237 [INF] Database: Health check passed
2025-11-22 03:21:26.394 [INF] MessageQueue: Outbound HTTP call to NotificationService completed in 115ms
2025-11-22 03:21:30.068 [DBG] Cache: Cache lookup for key cache:user:af913d08
2025-11-22 03:21:30.104 [DBG] MessageQueue: Cache lookup for key cache:session:6527a100
2025-11-22 03:21:31.349 [WRN] Config: Slow query detected: 2ms for SELECT * FROM users WHERE...
2025-11-22 03:21:36.180 [INF] Config: Connected to database mysql://db:3306/app
2025-11-22 03:21:38.955 [INF] Auth: Service started on port 8080
2025-11-22 03:21:41.365 [INF] FileProcessor: GET /api/v1/users/user_6352 completed in 2161ms
2025-11-22 03:21:44.137 [DBG] Auth: Processing request 8bb9396b
2025-11-22 03:21:49.127 [INF] FileProcessor: Health check passed
2025-11-22 03:21:53.517 [DBG] Auth: Cache lookup for key cache:session:c5d2b4eb
2025-11-22 03:21:57.270 [INF] Auth: Scheduled job ReportGenerator completed in 115ms
2025-11-22 03:21:58.023 [INF] ApiGateway: Scheduled job BackupJob started
2025-11-22 03:22:02.436 [FTL] Auth: Unrecoverable error, shutting down
2025-11-22 03:22:03.116 [DBG] FileProcessor: Connection pool status: 10/20 active
2025-11-22 03:22:03.174 [DBG] Database: Connection pool status: 6/20 active
2025-11-22 03:22:06.330 [INF] Cache: Message consumed from tasks in 18ms
2025-11-22 03:22:07.823 [INF] Metrics: Scheduled job ReportGenerator completed in 1959ms
2025-11-22 03:22:10.844 [DBG] Auth: Cache lookup for key cache:config:78d4d68d
2025-11-22 03:22:13.997 [INF] ApiGateway: Request 3380b54f completed in 311ms
2025-11-22 03:22:16.969 [INF] Scheduler: Cache hit for key cache:session:8fc5be66
2025-11-22 03:22:20.521 [DBG] Scheduler: Parsed configuration: {"timeout": 30, "retries": 3}
2025-11-22 03:22:20.686 [INF] Scheduler: GET /api/v1/products?page=72 completed in 33ms
2025-11-22 03:22:24.617 [INF] Auth: GET /api/v1/products?page=28 completed in 34ms
2025-11-22 03:22:26.215 [INF] MessageQueue: Message published to events
2025-11-22 03:22:28.458 [DBG] Config: Parsed configuration: {"timeout": 30, "retries": 3}
2025-11-22 03:22:31.817 [WRN] Auth: Certificate expires in 10 days
2025-11-22 03:22:35.970 [DBG] Scheduler: Query execution plan generated
2025-11-22 03:22:39.630 [INF] HttpServer: Database query executed in 138ms
2025-11-22 03:22:43.777 [INF] Database: Outbound HTTP call to NotificationService completed in 676ms
2025-11-22 03:22:44.464 [INF] Config: GET /api/v1/users/user_9946 completed in 598ms
2025-11-22 03:22:44.932 [FTL] Cache: Unrecoverable error, shutting down
2025-11-22 03:22:47.328 [DBG] Database: Processing request 58f65025
2025-11-22 03:22:51.068 [INF] Metrics: Health check passed
2025-11-22 03:22:51.742 [DBG] Metrics: Processing request f54fc169
2025-11-22 03:22:55.615 [DBG] FileProcessor: Query execution plan generated
2025-11-22 03:22:58.266 [DBG] ApiGateway: Connection pool status: 9/20 active
2025-11-22 03:22:59.664 [INF] Auth: Configuration reloaded
2025-11-22 03:23:02.818 [INF] Scheduler: Health check passed
2025-11-22 03:23:05.328 [INF] HttpServer: GET /api/v1/products?page=61 completed in 4146ms
2025-11-22 03:23:07.061 [WRN] ApiGateway: Certificate expires in 10 days
2025-11-22 03:23:11.465 [INF] ApiGateway: File import_f6da807b.csv processed, 404 records
2025-11-22 03:23:14.344 [DBG] Database: Connection pool status: 14/20 active
2025-11-22 03:23:17.418 [WRN] ApiGateway: Deprecated API endpoint called: /api/v1/orders
2025-11-22 03:23:21.473 [DBG] MessageQueue: Parsed configuration: {"timeout": 30, "retries": 3}
2025-11-22 03:23:23.049 [INF] Config: DELETE /api/v1/sessions/6bbe1172 completed in 4797ms
2025-11-22 03:23:24.798 [DBG] Database: Cache lookup for key cache:session:44d9732b
2025-11-22 03:23:27.633 [INF] HttpServer: Health check passed
2025-11-22 03:23:27.789 [INF] FileProcessor: User user_2760 authenticated successfully
2025-11-22 03:23:29.787 [INF] Auth: Database query executed in 23ms
2025-11-22 03:23:33.844 [WRN] Metrics: Retry attempt 3 for operation SendEmail
2025-11-22 03:23:36.824 [DBG] MessageQueue: Connection pool status: 17/20 active
2025-11-22 03:23:39.681 [WRN] Metrics: Certificate expires in 19 days
2025-11-22 03:23:43.307 [INF] Cache: Message published to orders
2025-11-22 03:23:45.391 [INF] MessageQueue: Configuration reloaded
2025-11-22 03:23:45.839 [INF] Metrics: Scheduled job ReportGenerator completed in 35ms
2025-11-22 03:23:47.779 [INF] Cache: Message published to tasks
2025-11-22 03:23:49.699 [INF] FileProcessor: GET /api/v1/users/user_5880 completed in 888ms
2025-11-22 03:23:50.261 [INF] Metrics: Request 886580e8 completed in 30ms
2025-11-22 03:23:55.249 [INF] Scheduler: PUT /api/v1/users/user_5898/profile completed in 43ms
2025-11-22 03:23:58.014 [INF] Database: Database query executed in 1ms
2025-11-22 03:24:01.028 [DBG] Config: Query execution plan generated
2025-11-22 03:24:01.636 [INF] Auth: Message published to orders
2025-11-22 03:24:05.697 [DBG] HttpServer: Connection pool status: 16/20 active
2025-11-22 03:24:06.140 [INF] MessageQueue: Configuration reloaded
2025-11-22 03:24:09.664 [TRC] Scheduler: Entering method ProcessOrder with parameters {id: 123, type: "full"}
2025-11-22 03:24:09.815 [INF] Metrics: GET /api/v1/products?page=58 completed in 42ms
2025-11-22 03:24:14.599 [INF] FileProcessor: GET /api/v1/users/user_5630 completed in 3379ms
2025-11-22 03:24:14.675 [ERR] ApiGateway: Authentication failed for user user_8575
2025-11-22 03:24:15.948 [INF] ApiGateway: Batch processing completed: 641/1070 items
2025-11-22 03:24:18.733 [INF] ApiGateway: Configuration reloaded
2025-11-22 03:24:21.061 [DBG] Cache: Parsed configuration: {"timeout": 30, "retries": 3}
2025-11-22 03:24:24.959 [INF] Metrics: Scheduled job ReportGenerator completed in 112ms
2025-11-22 03:24:27.385 [INF] Cache: Cache hit for key cache:user:ed58c2bb
2025-11-22 03:24:27.523 [INF] HttpServer: File data_df7fde70.csv processed, 9143 records
2025-11-22 03:24:30.384 [WRN] Config: Certificate expires in 9 days
2025-11-22 03:24:31.553 [INF] HttpServer: File report_06c94be2.csv processed, 339 records
2025-11-22 03:24:35.241 [INF] Cache: Message published to tasks
2025-11-22 03:24:36.757 [INF] Metrics: Scheduled job CleanupJob started
2025-11-22 03:24:40.920 [DBG] Auth: Processing request 3721fcab
2025-11-22 03:24:42.575 [INF] Auth: File data_fb7a6dd6.csv processed, 8562 records
2025-11-22 03:24:45.294 [DBG] FileProcessor: Cache lookup for key cache:session:a1f5f820
2025-11-22 03:24:47.379 [DBG] Database: Query execution plan generated
2025-11-22 03:24:50.856 [DBG] Auth: Connection pool status: 1/20 active
2025-11-22 03:24:53.691 [INF] Metrics: Scheduled job DataSync started
2025-11-22 03:24:55.860 [INF] FileProcessor: User user_1349 authenticated successfully
2025-11-22 03:25:00.751 [TRC] Database: Entering method ValidateInput with parameters {id: 123, type: "full"}
2025-11-22 03:25:04.367 [DBG] ApiGateway: Processing request 3523459b
2025-11-22 03:25:08.093 [INF] Auth: Request 83e135fd completed in 1ms
2025-11-22 03:25:08.956 [INF] HttpServer: DELETE /api/v1/sessions/afafb42a completed in 43ms
2025-11-22 03:25:11.197 [INF] ApiGateway: File data_f3ec8bdc.csv processed, 3497 records
2025-11-22 03:25:12.384 [ERR] FileProcessor: File not found: data_e020f04e.csv
2025-11-22 03:25:16.359 [INF] Database: Scheduled job CleanupJob started
2025-11-22 03:25:18.401 [DBG] Scheduler: Cache lookup for key cache:config:c10aec33
2025-11-22 03:25:19.396 [INF] HttpServer: Scheduled job ReportGenerator completed in 946ms
2025-11-22 03:25:21.466 [INF] Metrics: Connected to database mysql://db:3306/app
2025-11-22 03:25:22.606 [INF] Auth: Request b7ed9848 completed in 106ms
2025-11-22 03:25:24.028 [INF] Metrics: File report_74f5c3be.csv processed, 8945 records
2025-11-22 03:25:28.695 [INF] Database: Service started on port 3000
2025-11-22 03:25:30.164 [INF] Database: Scheduled job CleanupJob started
2025-11-22 03:25:31.735 [DBG] Config: Query execution plan generated
2025-11-22 03:25:34.174 [DBG] Auth: Processing request 8efbd2f2
2025-11-22 03:25:39.078 [INF] FileProcessor: Scheduled job DataSync completed in 772ms
2025-11-22 03:25:42.753 [INF] FileProcessor: Message consumed from events in 2787ms
2025-11-22 03:25:43.110 [WRN] Auth: Slow query detected: 51ms for SELECT * FROM users WHERE...
2025-11-22 03:25:47.855 [DBG] Config: Query execution plan generated
2025-11-22 03:25:51.972 [DBG] Database: Processing request 73b61f28
2025-11-22 03:25:54.153 [INF] Database: Message consumed from tasks in 17ms
2025-11-22 03:25:57.052 [INF] Auth: Database query executed in 29ms
2025-11-22 03:26:01.945 [INF] ApiGateway: Database query executed in 12ms
2025-11-22 03:26:04.781 [INF] ApiGateway: GET /api/v1/products?page=12 completed in 1057ms
2025-11-22 03:26:08.198 [TRC] ApiGateway: Entering method ProcessOrder with parameters {id: 123, type: "full"}
2025-11-22 03:26:08.580 [INF] HttpServer: Batch processing completed: 388/1008 items
2025-11-22 03:26:12.432 [WRN] FileProcessor: Certificate expires in 27 days
2025-11-22 03:26:16.742 [INF] Metrics: Service started on port 443
2025-11-22 03:26:18.621 [INF] FileProcessor: POST /api/v1/orders completed in 18ms
2025-11-22 03:26:21.004 [INF] Auth: POST /api/v1/orders completed in 270ms
2025-11-22 03:26:22.214 [DBG] Scheduler: Processing request 46b1e5e1
2025-11-22 03:26:24.974 [INF] Scheduler: Request 6d570048 completed in 22ms
2025-11-22 03:26:29.100 [DBG] Database: Cache lookup for key cache:session:53c94bcd
2025-11-22 03:26:29.424 [INF] Database: POST /api/v1/orders completed in 1550ms
2025-11-22 03:26:32.098 [WRN] Config: Certificate expires in 19 days
2025-11-22 03:26:34.946 [INF] Config: GET /api/v1/products?page=47 completed in 53ms
2025-11-22 03:26:38.088 [DBG] MessageQueue: Connection pool status: 8/20 active
2025-11-22 03:26:39.288 [INF] Metrics: Batch processing completed: 220/1055 items
2025-11-22 03:26:40.993 [DBG] ApiGateway: Query execution plan generated
2025-11-22 03:26:44.855 [INF] HttpServer: Request 9146c6cc completed in 533ms
2025-11-22 03:26:46.789 [TRC] HttpServer: Entering method ProcessOrder with parameters {id: 123, type: "full"}
2025-11-22 03:26:46.973 [INF] Cache: Request 2adf7a03 completed in 68ms
2025-11-22 03:26:47.140 [DBG] FileProcessor: Parsed configuration: {"timeout": 30, "retries": 3}
2025-11-22 03:26:47.738 [ERR] ApiGateway: Unhandled exception in MessageQueue: Invalid token
2025-11-22 03:26:47.919 [DBG] Config: Processing request a9da8b78
2025-11-22 03:26:52.430 [INF] FileProcessor: File export_34fcfeb1.csv processed, 6383 records
2025-11-22 03:26:53.679 [INF] Cache: Connected to database postgres://db:5432/app
2025-11-22 03:26:54.882 [WRN] FileProcessor: Retry attempt 3 for operation SendEmail
2025-11-22 03:26:56.458 [INF] Scheduler: GET /api/v1/users/user_3663 completed in 3ms
2025-11-22 03:26:58.928 [DBG] MessageQueue: Query execution plan generated
2025-11-22 03:27:03.035 [DBG] FileProcessor: Query execution plan generated
2025-11-22 03:27:05.234 [TRC] Auth: Variable state: {counter: 42, flag: true}
2025-11-22 03:27:08.723 [WRN] FileProcessor: Connection pool exhausted, waiting for available connection
2025-11-22 03:27:09.134 [INF] FileProcessor: Scheduled job CleanupJob completed in 1891ms
2025-11-22 03:27:13.315 [INF] MessageQueue: GET /api/v1/users/user_6770 completed in 764ms
2025-11-22 03:27:14.625 [INF] Metrics: Scheduled job ReportGenerator completed in 913ms
2025-11-22 03:27:15.902 [INF] FileProcessor: Configuration reloaded
2025-11-22 03:27:16.965 [WRN] Cache: Certificate expires in 17 days
2025-11-22 03:27:17.378 [INF] HttpServer: Request e453c030 completed in 93ms
2025-11-22 03:27:21.976 [DBG] Cache: Processing request 5b71b078
2025-11-22 03:27:24.389 [INF] Config: Request 42fd6cec completed in 140ms
2025-11-22 03:27:29.028 [INF] Metrics: PUT /api/v1/users/user_5895/profile completed in 127ms
2025-11-22 03:27:30.702 [DBG] Cache: Cache lookup for key cache:config:385e294e
2025-11-22 03:27:33.937 [INF] Auth: File data_0caa56ad.csv processed, 8973 records
2025-11-22 03:27:36.589 [INF] Config: DELETE /api/v1/sessions/b94f9f66 completed in 1064ms
2025-11-22 03:27:40.532 [INF] Auth: Message published to tasks
2025-11-22 03:27:43.104 [DBG] MessageQueue: Cache lookup for key cache:config:99cd0a10
2025-11-22 03:27:47.086 [INF] Database: File data_289c886f.csv processed, 4351 records
2025-11-22 03:27:50.601 [INF] Cache: GET /api/v1/users/user_8039 completed in 47ms
2025-11-22 03:27:53.409 [DBG] Auth: Cache lookup for key cache:config:456c2f74
2025-11-22 03:27:56.753 [DBG] Cache: Processing request a332497d
2025-11-22 03:28:00.669 [INF] Config: Scheduled job CleanupJob started
2025-11-22 03:28:04.610 [DBG] Auth: Parsed configuration: {"timeout": 30, "retries": 3}
2025-11-22 03:28:05.180 [INF] Scheduler: Scheduled job ReportGenerator completed in 33ms
2025-11-22 03:28:07.421 [INF] Auth: PUT /api/v1/users/user_6228/profile completed in 285ms
2025-11-22 03:28:08.359 [INF] Auth: PUT /api/v1/users/user_1797/profile completed in 358ms
2025-11-22 03:28:12.838 [DBG] Scheduler: Parsed configuration: {"timeout": 30, "retries": 3}
2025-11-22 03:28:13.104 [DBG] Config: Parsed configuration: {"timeout": 30, "retries": 3}
2025-11-22 03:28:17.535 [DBG] Scheduler: Cache lookup for key cache:config:eeb4cc5e
2025-11-22 03:28:22.426 [INF] HttpServer: Request 69068a4d completed in 401ms
2025-11-22 03:28:25.316 [INF] ApiGateway: DELETE /api/v1/sessions/c81bf21c completed in 162ms
2025-11-22 03:28:25.664 [INF] FileProcessor: File report_a6b21cf3.csv processed, 4049 records
2025-11-22 03:28:28.334 [DBG] Cache: Processing request c6aae538
2025-11-22 03:28:32.365 [INF] Database: Batch processing completed: 602/1048 items
2025-11-22 03:28:33.027 [DBG] Auth: Query execution plan generated
2025-11-22 03:28:33.809 [INF] Cache: User user_9531 authenticated successfully
2025-11-22 03:28:35.316 [DBG] Metrics: Connection pool status: 16/20 active
2025-11-22 03:28:38.053 [DBG] FileProcessor: Processing request 1fff690c
2025-11-22 03:28:40.805 [FTL] Cache: Critical resource unavailable: MessageBroker
2025-11-22 03:28:44.734 [INF] Database: Service started on port 5000
2025-11-22 03:28:47.161 [WRN] Scheduler: Memory usage at 92%
2025-11-22 03:28:51.313 [DBG] MessageQueue: Parsed configuration: {"timeout": 30, "retries": 3}
2025-11-22 03:28:55.141 [DBG] Metrics: Query execution plan generated
2025-11-22 03:28:59.356 [INF] MessageQueue: Request 699d0ad4 completed in 9ms
2025-11-22 03:29:00.719 [INF] ApiGateway: Batch processing completed: 845/1092 items
2025-11-22 03:29:01.755 [DBG] MessageQueue: Parsed configuration: {"timeout": 30, "retries": 3}
2025-11-22 03:29:04.050 [DBG] Metrics: Connection pool status: 2/20 active
2025-11-22 03:29:05.789 [WRN] HttpServer: Memory usage at 87%
2025-11-22 03:29:06.781 [DBG] Metrics: Parsed configuration: {"timeout": 30, "retries": 3}
2025-11-22 03:29:10.104 [DBG] HttpServer: Cache lookup for key cache:config:0084630e
2025-11-22 03:29:14.573 [INF] Database: GET /api/v1/users/user_9163 completed in 356ms
2025-11-22 03:29:17.417 [INF] Metrics: Message consumed from events in 179ms
2025-11-22 03:29:19.973 [INF] ApiGateway: Database query executed in 138ms
2025-11-22 03:29:21.686 [INF] Config: Cache hit for key cache:user:2c9a31ef
2025-11-22 03:29:23.736 [DBG] ApiGateway: Processing request c1ba143c
2025-11-22 03:29:24.573 [WRN] Cache: Retry attempt 5 for operation SendEmail
2025-11-22 03:29:25.693 [INF] Metrics: PUT /api/v1/users/user_3816/profile completed in 599ms
2025-11-22 03:29:30.334 [WRN] Metrics: Rate limit approaching for client client_03e23abc
2025-11-22 03:29:33.648 [INF] Auth: GET /api/v1/products?page=68 completed in 434ms
2025-11-22 03:29:34.509 [INF] FileProcessor: Message published to orders
2025-11-22 03:29:39.064 [INF] HttpServer: Message published to events
2025-11-22 03:29:39.498 [INF] HttpServer: User user_4471 authenticated successfully
2025-11-22 03:29:41.686 [ERR] Cache: File not found: import_9294b806.csv
2025-11-22 03:29:43.933 [INF] Metrics: User user_1165 authenticated successfully
2025-11-22 03:29:46.511 [DBG] Cache: Cache lookup for key cache:user:809e4f2a
2025-11-22 03:29:47.918 [INF] MessageQueue: File report_dd64b110.csv processed, 5397 records
2025-11-22 03:29:49.700 [INF] Scheduler: Scheduled job DataSync completed in 4667ms
2025-11-22 03:29:50.755 [INF] HttpServer: GET /api/v1/users/user_5788 completed in 3103ms
2025-11-22 03:29:55.383 [WRN] Scheduler: Memory usage at 81%
2025-11-22 03:29:56.727 [INF] FileProcessor: PUT /api/v1/users/user_4748/profile completed in 3339ms
2025-11-22 03:29:58.433 [INF] Cache: POST /api/v1/orders completed in 713ms
2025-11-22 03:29:58.575 [INF] Auth: Message published to notifications
2025-11-22 03:30:02.878 [INF] Scheduler: Outbound HTTP call to PaymentService completed in 51ms
2025-11-22 03:30:07.551 [INF] Auth: Request b11a29df completed in 110ms
2025-11-22 03:30:09.498 [INF] HttpServer: POST /api/v1/orders completed in 36ms
2025-11-22 03:30:10.324 [TRC] ApiGateway: Entering method ValidateInput with parameters {id: 123, type: "full"}
2025-11-22 03:30:12.250 [INF] Auth: Health check passed
2025-11-22 03:30:15.319 [INF] Metrics: Scheduled job BackupJob completed in 39ms
2025-11-22 03:30:18.771 [INF] Database: Service started on port 5000
2025-11-22 03:30:19.984 [WRN] Cache: Memory usage at 92%
2025-11-22 03:30:21.575 [INF] Metrics: DELETE /api/v1/sessions/81738e2a completed in 44ms
2025-11-22 03:30:21.779 [DBG] Scheduler: Cache lookup for key cache:user:b0b37b01
2025-11-22 03:30:25.402 [INF] MessageQueue: PUT /api/v1/users/user_2202/profile completed in 43ms
2025-11-22 03:30:27.724 [INF] MessageQueue: Scheduled job ReportGenerator completed in 1318ms
2025-11-22 03:30:27.753 [INF] FileProcessor: Message published to orders
2025-11-22 03:30:29.422 [INF] MessageQueue: GET /api/v1/products?page=81 completed in 104ms
2025-11-22 03:30:32.536 [INF] Cache: User user_3013 authenticated successfully
2025-11-22 03:30:37.065 [TRC] ApiGateway: Loop iteration 4 of 1070
2025-11-22 03:30:37.271 [WRN] Database: Memory usage at 85%
2025-11-22 03:30:37.445 [DBG] HttpServer: Processing request ff2532e3
2025-11-22 03:30:40.890 [INF] HttpServer: PUT /api/v1/users/user_7299/profile completed in 96ms
2025-11-22 03:30:41.612 [INF] Scheduler: Scheduled job BackupJob started
2025-11-22 03:30:46.286 [INF] FileProcessor: Service started on port 443
2025-11-22 03:30:47.059 [INF] Config: Batch processing completed: 854/1035 items
2025-11-22 03:30:51.416 [DBG] FileProcessor: Processing request ba099202
2025-11-22 03:30:52.273 [INF] FileProcessor: Batch processing completed: 299/1018 items
2025-11-22 03:30:54.247 [TRC] Scheduler: Loop iteration 81 of 1010
2025-11-22 03:30:58.924 [DBG] Auth: Cache lookup for key cache:config:2c3a3fbc
2025-11-22 03:31:01.618 [INF] ApiGateway: Health check passed
2025-11-22 03:31:05.671 [INF] Config: PUT /api/v1/users/user_1376/profile completed in 719ms
2025-11-22 03:31:08.683 [INF] Scheduler: Batch processing completed: 185/1080 items
2025-11-22 03:31:11.966 [DBG] Auth: Connection pool status: 9/20 active
2025-11-22 03:31:14.692 [INF] Metrics: Request 8e5ac692 completed in 3938ms
2025-11-22 03:31:14.808 [INF] ApiGateway: Scheduled job BackupJob started
2025-11-22 03:31:16.870 [ERR] Database: Invalid message format: Unexpected field "foo" at position 42
2025-11-22 03:31:19.232 [DBG] Cache: Cache lookup for key cache:user:d399ab6d
2025-11-22 03:31:21.194 [INF] Config: PUT /api/v1/users/user_2678/profile completed in 49ms
2025-11-22 03:31:25.860 [DBG] FileProcessor: Parsed configuration: {"timeout": 30, "retries": 3}
2025-11-22 03:31:30.658 [INF] Metrics: GET /api/v1/products?page=99 completed in 2ms
2025-11-22 03:31:33.331 [DBG] MessageQueue: Query execution plan generated
2025-11-22 03:31:37.454 [INF] Metrics: GET /api/v1/users/user_1109 completed in 1545ms
2025-11-22 03:31:38.869 [INF] Metrics: Service started on port 443
2025-11-22 03:31:41.746 [DBG] HttpServer: Cache lookup for key cache:config:bf956b2c
2025-11-22 03:31:44.364 [INF] FileProcessor: Cache hit for key cache:config:06f2a158
2025-11-22 03:31:48.131 [INF] Auth: PUT /api/v1/users/user_1172/profile completed in 1302ms
2025-11-22 03:31:49.834 [INF] FileProcessor: Request 9a690c7a completed in 140ms
2025-11-22 03:31:50.346 [INF] Cache: Health check passed
2025-11-22 03:31:52.071 [DBG] Scheduler: Processing request aa6f4b08
2025-11-22 03:31:55.810 [DBG] FileProcessor: Processing request 5b07402a
2025-11-22 03:31:59.807 [DBG] MessageQueue: Parsed configuration: {"timeout": 30, "retries": 3}
2025-11-22 03:32:00.689 [WRN] Metrics: Rate limit approaching for client client_6cc85fcd
2025-11-22 03:32:05.662 [INF] Config: GET /api/v1/users/user_6760 completed in 39ms
2025-11-22 03:32:05.841 [DBG] ApiGateway: Cache lookup for key cache:user:3c04554c
2025-11-22 03:32:07.934 [WRN] FileProcessor: Rate limit approaching for client client_83c5e1cf
2025-11-22 03:32:12.566 [INF] Config: Request 9c81d4a1 completed in 45ms
2025-11-22 03:32:12.858 [DBG] FileProcessor: Query execution plan generated
2025-11-22 03:32:14.712 [DBG] FileProcessor: Cache lookup for key cache:config:138a64f9
2025-11-22 03:32:17.666 [INF] HttpServer: Outbound HTTP call to PaymentService completed in 1780ms
2025-11-22 03:32:18.465 [WRN] Auth: Deprecated API endpoint called: /api/v1/users
2025-11-22 03:32:20.098 [WRN] Metrics: Deprecated API endpoint called: /api/v1/legacy
2025-11-22 03:32:21.272 [INF] Cache: Connected to database postgres://db:5432/app
2025-11-22 03:32:23.033 [INF] Cache: GET /api/v1/users/user_3220 completed in 416ms
2025-11-22 03:32:25.575 [INF] Database: Health check passed
2025-11-22 03:32:30.545 [INF] Scheduler: GET /api/v1/products?page=48 completed in 109ms
2025-11-22 03:32:34.583 [INF] Cache: PUT /api/v1/users/user_8374/profile completed in 37ms
2025-11-22 03:32:35.785 [INF] Metrics: GET /api/v1/users/user_3382 completed in 3052ms
2025-11-22 03:32:38.727 [DBG] Cache: Processing request 6246815b
2025-11-22 03:32:43.658 [ERR] ApiGateway: Timeout waiting for response from UserService
2025-11-22 03:32:48.538 [TRC] Metrics: Variable state: {counter: 42, flag: true}
2025-11-22 03:32:52.511 [INF] HttpServer: GET /api/v1/users/user_7758 completed in 44ms
2025-11-22 03:32:53.594 [ERR] Config: Authentication failed for user user_9244
2025-11-22 03:32:55.784 [DBG] MessageQueue: Connection pool status: 12/20 active
2025-11-22 03:32:58.400 [DBG] ApiGateway: Parsed configuration: {"timeout": 30, "retries": 3}
2025-11-22 03:33:02.450 [INF] Database: Cache hit for key cache:config:36968057
2025-11-22 03:33:05.839 [INF] Config: User user_4094 authenticated successfully
2025-11-22 03:33:08.507 [INF] FileProcessor: Batch processing completed: 531/1059 items
2025-11-22 03:33:08.733 [WRN] Scheduler: Deprecated API endpoint called: /api/v1/users
2025-11-22 03:33:10.562 [TRC] Auth: Loop iteration 78 of 1067
2025-11-22 03:33:12.706 [INF] HttpServer: Scheduled job BackupJob started
2025-11-22 03:33:16.666 [INF] Cache: Connected to database postgres://db:5432/app
2025-11-22 03:33:18.206 [ERR] ApiGateway: Invalid message format: Unexpected field "foo" at position 42
2025-11-22 03:33:19.636 [INF] ApiGateway: PUT /api/v1/users/user_7617/profile completed in 1ms
2025-11-22 03:33:20.923 [INF] FileProcessor: GET /api/v1/users/user_6048 completed in 47ms
2025-11-22 03:33:23.451 [INF] Metrics: Message consumed from orders in 318ms
2025-11-22 03:33:27.202 [WRN] MessageQueue: Retry attempt 5 for operation SyncData
2025-11-22 03:33:30.767 [INF] Auth: Message consumed from events in 27ms
2025-11-22 03:33:35.609 [INF] MessageQueue: Cache hit for key cache:config:d4902476
2025-11-22 03:33:36.716 [DBG] FileProcessor: Connection pool status: 2/20 active
2025-11-22 03:33:41.011 [INF] Database: Service started on port 3000
2025-11-22 03:33:41.582 [INF] Cache: GET /api/v1/products?page=76 completed in 2870ms
2025-11-22 03:33:43.606 [DBG] MessageQueue: Connection pool status: 2/20 active
2025-11-22 03:33:44.259 [WRN] Metrics: Rate limit approaching for client client_b9f45a70
2025-11-22 03:33:44.878 [INF] MessageQueue: Scheduled job CleanupJob completed in 49ms
2025-11-22 03:33:47.115 [INF] Auth: Message published to notifications
2025-11-22 03:33:50.769 [INF] ApiGateway: Database query executed in 4302ms
2025-11-22 03:33:55.111 [WRN] Database: Slow query detected: 2405ms for SELECT * FROM users WHERE...
2025-11-22 03:33:59.711 [DBG] Metrics: Processing request 5e9adc6f
2025-11-22 03:33:59.962 [INF] ApiGateway: Message consumed from orders in 3407ms
2025-11-22 03:34:04.856 [INF] Config: Batch processing completed: 499/1011 items
2025-11-22 03:34:05.754 [INF] Scheduler: GET /api/v1/users/user_5407 completed in 36ms
2025-11-22 03:34:07.217 [ERR] HttpServer: File not found: report_f4d347a4.csv
2025-11-22 03:34:10.982 [DBG] ApiGateway: Cache lookup for key cache:session:572f80b7
2025-11-22 03:34:12.537 [DBG] FileProcessor: Cache lookup for key cache:user:cfd81c31
2025-11-22 03:34:12.837 [INF] Metrics: Message published to events
2025-11-22 03:34:17.703 [WRN] FileProcessor: Slow query detected: 295ms for SELECT * FROM users WHERE...
2025-11-22 03:34:20.687 [DBG] Cache: Query execution plan generated
2025-11-22 03:34:21.466 [INF] Database: Message consumed from tasks in 67ms
2025-11-22 03:34:23.514 [TRC] Scheduler: Variable state: {counter: 42, flag: true}
2025-11-22 03:34:24.132 [DBG] ApiGateway: Cache lookup for key cache:user:65e6c568
2025-11-22 03:34:25.450 [INF] HttpServer: Batch processing completed: 190/1018 items
2025-11-22 03:34:25.663 [DBG] HttpServer: Processing request 7661c97f
2025-11-22 03:34:29.398 [ERR] Auth: Authentication failed for user user_7100
2025-11-22 03:34:34.287 [DBG] Cache: Query execution plan generated
2025-11-22 03:34:37.639 [DBG] Cache: Processing request 94d05886
2025-11-22 03:34:39.709 [INF] Database: GET /api/v1/products?page=27 completed in 4995ms
2025-11-22 03:34:41.491 [INF] Metrics: DELETE /api/v1/sessions/a4ea54b6 completed in 3038ms
2025-11-22 03:34:44.199 [DBG] ApiGateway: Parsed configuration: {"timeout": 30, "retries": 3}
2025-11-22 03:34:44.448 [INF] Auth: GET /api/v1/users/user_3531 completed in 961ms
2025-11-22 03:34:48.179 [INF] ApiGateway: Message published to tasks
2025-11-22 03:34:50.577 [INF] ApiGateway: Batch processing completed: 245/1002 items
2025-11-22 03:34:50.940 [INF] Database: Health check passed
2025-11-22 03:34:53.813 [INF] Auth: Health check passed
2025-11-22 03:34:53.998 [INF] Cache: Batch processing completed: 861/1006 items
2025-11-22 03:34:54.934 [INF] Config: Scheduled job CleanupJob started
2025-11-22 03:34:56.416 [INF] ApiGateway: File export_8d7e98c9.csv processed, 4918 records
2025-11-22 03:34:58.581 [INF] HttpServer: Message consumed from events in 40ms
2025-11-22 03:35:02.169 [DBG] FileProcessor: Connection pool status: 2/20 active
2025-11-22 03:35:05.295 [INF] Config: Cache hit for key cache:config:0cc8965d
2025-11-22 03:35:05.570 [DBG] ApiGateway: Connection pool status: 16/20 active
2025-11-22 03:35:05.857 [INF] Config: Request c83e3ab4 completed in 392ms
2025-11-22 03:35:06.184 [INF] Config: Configuration reloaded
2025-11-22 03:35:07.377 [INF] Cache: Scheduled job ReportGenerator completed in 33ms
2025-11-22 03:35:10.238 [INF] ApiGateway: Batch processing completed: 960/1027 items
2025-11-22 03:35:13.328 [DBG] MessageQueue: Cache lookup for key cache:user:2652d4c9
2025-11-22 03:35:17.183 [INF] FileProcessor: File report_7ced8c89.csv processed, 5358 records
2025-11-22 03:35:20.066 [TRC] Database: Variable state: {counter: 42, flag: true}
2025-11-22 03:35:20.511 [ERR] ApiGateway: Failed to process request bc394990: Timeout exceeded
2025-11-22 03:35:20.971 [ERR] Scheduler: Timeout waiting for response from UserService
2025-11-22 03:35:24.434 [INF] HttpServer: File import_11329b40.csv processed, 6282 records
2025-11-22 03:35:26.713 [INF] MessageQueue: Health check passed
2025-11-22 03:35:27.526 [INF] Database: Health check passed
2025-11-22 03:35:28.394 [INF] Cache: Configuration reloaded
2025-11-22 03:35:28.882 [INF] MessageQueue: Configuration reloaded
2025-11-22 03:35:31.932 [INF] Auth: GET /api/v1/products?page=34 completed in 61ms
2025-11-22 03:35:35.723 [DBG] Cache: Parsed configuration: {"timeout": 30, "retries": 3}
2025-11-22 03:35:38.582 [INF] FileProcessor: DELETE /api/v1/sessions/535b5229 completed in 2657ms
2025-11-22 03:35:42.216 [INF] HttpServer: Scheduled job CleanupJob started
2025-11-22 03:35:46.906 [INF] Scheduler: User user_3319 authenticated successfully
2025-11-22 03:35:50.255 [INF] FileProcessor: Cache hit for key cache:config:3489f0c2
2025-11-22 03:35:52.595 [INF] Scheduler: User user_3948 authenticated successfully
2025-11-22 03:35:55.352 [INF] Config: Message consumed from tasks in 18ms
2025-11-22 03:35:56.409 [INF] Database: GET /api/v1/products?page=75 completed in 161ms
2025-11-22 03:36:00.115 [DBG] MessageQueue: Parsed configuration: {"timeout": 30, "retries": 3}
2025-11-22 03:36:01.211 [DBG] FileProcessor: Cache lookup for key cache:config:bba8f7ff
2025-11-22 03:36:03.156 [DBG] Cache: Query execution plan generated
2025-11-22 03:36:07.614 [DBG] FileProcessor: Parsed configuration: {"timeout": 30, "retries": 3}
2025-11-22 03:36:08.041 [DBG] HttpServer: Cache lookup for key cache:session:c6cc4754
2025-11-22 03:36:11.908 [INF] MessageQueue: Database query executed in 31ms
2025-11-22 03:36:15.034 [INF] Auth: GET /api/v1/products?page=84 completed in 2940ms
2025-11-22 03:36:16.635 [DBG] FileProcessor: Cache lookup for key cache:config:8cbf783b
2025-11-22 03:36:19.486 [INF] Database: Message published to notifications
2025-11-22 03:36:22.586 [INF] Auth: Request 4816cedf completed in 36ms
2025-11-22 03:36:27.303 [INF] HttpServer: Health check passed
2025-11-22 03:36:27.700 [INF] Scheduler: Health check passed
2025-11-22 03:36:32.278 [INF] Metrics: PUT /api/v1/users/user_3070/profile completed in 187ms
2025-11-22 03:36:35.875 [INF] MessageQueue: Batch processing completed: 834/1082 items
2025-11-22 03:36:40.429 [INF] Metrics: Outbound HTTP call to PaymentService completed in 50ms
2025-11-22 03:36:40.475 [TRC] FileProcessor: Variable state: {counter: 42, flag: true}
2025-11-22 03:36:45.161 [INF] HttpServer: Outbound HTTP call to PaymentService completed in 2533ms
2025-11-22 03:36:48.696 [WRN] Config: Slow query detected: 4476ms for SELECT * FROM users WHERE...
2025-11-22 03:36:52.337 [DBG] Config: Cache lookup for key cache:user:d7264b5f
2025-11-22 03:36:54.025 [INF] Scheduler: Scheduled job DataSync started
2025-11-22 03:36:55.503 [INF] MessageQueue: User user_7770 authenticated successfully
2025-11-22 03:37:00.448 [DBG] Metrics: Parsed configuration: {"timeout": 30, "retries": 3}
2025-11-22 03:37:04.656 [WRN] Scheduler: Retry attempt 4 for operation SyncData
2025-11-22 03:37:06.741 [DBG] HttpServer: Connection pool status: 2/20 active
2025-11-22 03:37:11.316 [ERR] Config: File not found: data_5e561ff6.csv
2025-11-22 03:37:15.754 [DBG] Scheduler: Parsed configuration: {"timeout": 30, "retries": 3}
2025-11-22 03:37:16.650 [INF] HttpServer: User user_1097 authenticated successfully
2025-11-22 03:37:19.636 [DBG] MessageQueue: Query execution plan generated
2025-11-22 03:37:20.335 [INF] Metrics: Service started on port 8080
2025-11-22 03:37:21.718 [DBG] MessageQueue: Processing request d6de1f2f
2025-11-22 03:37:23.244 [DBG] Auth: Connection pool status: 9/20 active
2025-11-22 03:37:24.226 [INF] Cache: Service started on port 3000
2025-11-22 03:37:26.422 [INF] MessageQueue: Message consumed from orders in 864ms
2025-11-22 03:37:30.755 [DBG] MessageQueue: Connection pool status: 8/20 active
2025-11-22 03:37:31.847 [INF] Scheduler: GET /api/v1/users/user_5803 completed in 3ms
2025-11-22 03:37:32.200 [INF] Cache: Batch processing completed: 449/1000 items
2025-11-22 03:37:34.921 [DBG] Cache: Processing request fc9277f2
2025-11-22 03:37:35.145 [INF] MessageQueue: DELETE /api/v1/sessions/c1de1279 completed in 43ms
2025-11-22 03:37:39.467 [DBG] MessageQueue: Query execution plan generated
2025-11-22 03:37:44.078 [WRN] Metrics: Slow query detected: 66ms for SELECT * FROM users WHERE...
2025-11-22 03:37:48.656 [INF] FileProcessor: Message published to events
2025-11-22 03:37:50.030 [INF] HttpServer: File data_67d7bf5b.csv processed, 4981 records
2025-11-22 03:37:50.092 [DBG] Metrics: Parsed configuration: {"timeout": 30, "retries": 3}
2025-11-22 03:37:53.603 [WRN] HttpServer: Deprecated API endpoint called: /api/v1/orders
2025-11-22 03:37:55.837 [INF] Scheduler: POST /api/v1/orders completed in 185ms
2025-11-22 03:37:59.043 [INF] MessageQueue: PUT /api/v1/users/user_6699/profile completed in 158ms
2025-11-22 03:38:03.051 [INF] ApiGateway: Health check passed
2025-11-22 03:38:04.506 [DBG] Auth: Cache lookup for key cache:config:4e8a62a7
2025-11-22 03:38:08.089 [WRN] Config: Deprecated API endpoint called: /api/v1/legacy
2025-11-22 03:38:12.440 [DBG] HttpServer: Processing request 292bf5f4
2025-11-22 03:38:13.182 [DBG] HttpServer: Processing request ccfa89d6
2025-11-22 03:38:16.345 [INF] Auth: Message consumed from tasks in 153ms
2025-11-22 03:38:18.280 [WRN] ApiGateway: Retry attempt 5 for operation ProcessPayment
2025-11-22 03:38:18.799 [INF] Auth: Scheduled job ReportGenerator started
2025-11-22 03:38:23.709 [INF] FileProcessor: Database query executed in 763ms
2025-11-22 03:38:26.968 [WRN] FileProcessor: Memory usage at 88%
2025-11-22 03:38:31.726 [INF] ApiGateway: Configuration reloaded
2025-11-22 03:38:32.711 [WRN] Config: Memory usage at 94%
2025-11-22 03:38:37.027 [INF] Cache: Scheduled job ReportGenerator started
2025-11-22 03:38:37.346 [DBG] Auth: Processing request d83d9ee4
2025-11-22 03:38:40.693 [TRC] MessageQueue: Loop iteration 14 of 1005
2025-11-22 03:38:41.142 [WRN] Database: Slow query detected: 358ms for SELECT * FROM users WHERE...
2025-11-22 03:38:42.076 [TRC] Auth: Loop iteration 94 of 1004
2025-11-22 03:38:42.328 [INF] FileProcessor: PUT /api/v1/users/user_5300/profile completed in 129ms
2025-11-22 03:38:46.465 [INF] HttpServer: Health check passed
2025-11-22 03:38:48.101 [INF] Config: Outbound HTTP call to NotificationService completed in 45ms
2025-11-22 03:38:50.915 [INF] MessageQueue: PUT /api/v1/users/user_4735/profile completed in 979ms
2025-11-22 03:38:52.964 [INF] Database: File report_357d1ed6.csv processed, 3690 records
2025-11-22 03:38:56.251 [INF] ApiGateway: File data_2e46df3d.csv processed, 7774 records
2025-11-22 03:38:57.212 [INF] Scheduler: Batch processing completed: 937/1040 items
2025-11-22 03:39:01.707 [WRN] Database: Deprecated API endpoint called: /api/v1/users
2025-11-22 03:39:03.185 [INF] ApiGateway: POST /api/v1/orders completed in 8ms
2025-11-22 03:39:05.318 [INF] Metrics: PUT /api/v1/users/user_6738/profile completed in 36ms
2025-11-22 03:39:07.570 [INF] Config: Outbound HTTP call to UserService completed in 15ms
2025-11-22 03:39:09.021 [INF] Cache: File report_9292090e.csv processed, 1330 records
2025-11-22 03:39:12.036 [DBG] Auth: Parsed configuration: {"timeout": 30, "retries": 3}
2025-11-22 03:39:12.636 [DBG] FileProcessor: Query execution plan generated
2025-11-22 03:39:13.763 [INF] HttpServer: Request 199ad100 completed in 2ms
2025-11-22 03:39:18.510 [DBG] Config: Connection pool status: 11/20 active
2025-11-22 03:39:20.772 [INF] Cache: File import_d808ddc1.csv processed, 7942 records
2025-11-22 03:39:25.440 [TRC] Scheduler: Loop iteration 76 of 1090
2025-11-22 03:39:29.380 [INF] HttpServer: Scheduled job ReportGenerator completed in 39ms
2025-11-22 03:39:33.807 [INF] HttpServer: Connected to database mysql://db:3306/app
2025-11-22 03:39:35.723 [INF] ApiGateway: GET /api/v1/users/user_3858 completed in 4329ms
2025-11-22 03:39:40.292 [WRN] Metrics: Slow query detected: 2704ms for SELECT * FROM users WHERE...
2025-11-22 03:39:40.513 [DBG] Database: Parsed configuration: {"timeout": 30, "retries": 3}
2025-11-22 03:39:42.082 [DBG] MessageQueue: Query execution plan generated
2025-11-22 03:39:44.729 [WRN] Metrics: Slow query detected: 86ms for SELECT * FROM users WHERE...
2025-11-22 03:39:44.981 [DBG] HttpServer: Connection pool status: 12/20 active
2025-11-22 03:39:48.822 [INF] HttpServer: Batch processing completed: 800/1019 items
2025-11-22 03:39:52.230 [INF] Config: Request 6ca01602 completed in 28ms
2025-11-22 03:39:52.815 [DBG] Metrics: Processing request 600e3cb5
2025-11-22 03:39:56.638 [INF] Scheduler: Health check passed
2025-11-22 03:39:59.365 [INF] ApiGateway: Message consumed from orders in 27ms
2025-11-22 03:40:00.441 [INF] Config: GET /api/v1/products?page=57 completed in 172ms
2025-11-22 03:40:04.255 [DBG] Config: Connection pool status: 12/20 active
2025-11-22 03:40:05.409 [DBG] Database: Processing request 8c9f11ef
2025-11-22 03:40:05.859 [INF] Auth: Service started on port 8080
2025-11-22 03:40:09.703 [INF] Database: Request b591d966 completed in 287ms
2025-11-22 03:40:09.985 [INF] HttpServer: Database query executed in 811ms
2025-11-22 03:40:14.849 [INF] MessageQueue: POST /api/v1/orders completed in 673ms
2025-11-22 03:40:17.675 [INF] FileProcessor: GET /api/v1/users/user_3595 completed in 2174ms
2025-11-22 03:40:19.230 [DBG] Config: Parsed configuration: {"timeout": 30, "retries": 3}
2025-11-22 03:40:21.249 [INF] MessageQueue: Request cc49b7fa completed in 1300ms
2025-11-22 03:40:24.286 [INF] Scheduler: Request 078d4b31 completed in 197ms
2025-11-22 03:40:26.780 [DBG] FileProcessor: Query execution plan generated
2025-11-22 03:40:27.301 [WRN] Metrics: Retry attempt 4 for operation ProcessPayment
2025-11-22 03:40:30.804 [DBG] Database: Connection pool status: 7/20 active
2025-11-22 03:40:35.441 [INF] Database: Connected to database mysql://db:3306/app
2025-11-22 03:40:36.953 [WRN] HttpServer: Slow query detected: 221ms for SELECT * FROM users WHERE...
2025-11-22 03:40:41.471 [INF] Scheduler: Connected to database postgres://db:5432/app
2025-11-22 03:40:43.362 [DBG] Config: Connection pool status: 14/20 active
2025-11-22 03:40:47.814 [INF] ApiGateway: Outbound HTTP call to NotificationService completed in 2157ms
2025-11-22 03:40:49.046 [DBG] Database: Connection pool status: 1/20 active
2025-11-22 03:40:53.606 [INF] Cache: Health check passed
2025-11-22 03:40:56.938 [DBG] Config: Processing request 2abe1ebd
2025-11-22 03:41:01.264 [INF] ApiGateway: Health check passed
2025-11-22 03:41:05.774 [INF] Auth: Cache hit for key cache:config:b6c9d9ee
2025-11-22 03:41:08.780 [INF] Auth: GET /api/v1/users/user_4754 completed in 15ms
2025-11-22 03:41:10.882 [INF] FileProcessor: Scheduled job DataSync completed in 995ms
2025-11-22 03:41:15.608 [INF] FileProcessor: Request 410d1da4 completed in 638ms
2025-11-22 03:41:19.023 [INF] Scheduler: Message published to events
2025-11-22 03:41:21.220 [WRN] Config: Slow query detected: 585ms for SELECT * FROM users WHERE...
2025-11-22 03:41:25.651 [TRC] Config: Entering method ValidateInput with parameters {id: 123, type: "full"}
2025-11-22 03:41:26.612 [DBG] MessageQueue: Processing request cc2469c7
2025-11-22 03:41:29.404 [INF] Cache: Message consumed from orders in 1604ms
2025-11-22 03:41:29.612 [WRN] Auth: Connection pool exhausted, waiting for available connection
2025-11-22 03:41:31.208 [INF] Auth: File data_3f47b513.csv processed, 6368 records
2025-11-22 03:41:34.342 [INF] ApiGateway: Batch processing completed: 911/1057 items
2025-11-22 03:41:38.266 [INF] Cache: Configuration reloaded
2025-11-22 03:41:38.748 [INF] Scheduler: Configuration reloaded
2025-11-22 03:41:39.305 [DBG] Config: Parsed configuration: {"timeout": 30, "retries": 3}
2025-11-22 03:41:43.923 [INF] Auth: PUT /api/v1/users/user_6813/profile completed in 46ms
2025-11-22 03:41:46.690 [TRC] Scheduler: Loop iteration 76 of 1019
2025-11-22 03:41:48.219 [DBG] Scheduler: Cache lookup for key cache:config:a2326ff3
2025-11-22 03:41:53.024 [INF] Cache: Batch processing completed: 542/1059 items
2025-11-22 03:41:54.100 [WRN] Metrics: Certificate expires in 6 days
2025-11-22 03:41:55.496 [DBG] ApiGateway: Connection pool status: 11/20 active
2025-11-22 03:41:59.420 [INF] Config: Message consumed from events in 5ms
2025-11-22 03:42:02.728 [INF] MessageQueue: POST /api/v1/orders completed in 2641ms
2025-11-22 03:42:06.112 [INF] HttpServer: Scheduled job ReportGenerator started
2025-11-22 03:42:09.072 [DBG] Auth: Connection pool status: 14/20 active
2025-11-22 03:42:11.545 [DBG] Auth: Cache lookup for key cache:session:93af361d
2025-11-22 03:42:13.522 [INF] Database: GET /api/v1/products?page=22 completed in 699ms
2025-11-22 03:42:18.423 [DBG] Config: Query execution plan generated
2025-11-22 03:42:21.154 [INF] Database: User user_6310 authenticated successfully
2025-11-22 03:42:24.585 [INF] MessageQueue: Health check passed
2025-11-22 03:42:25.802 [INF] ApiGateway: Scheduled job BackupJob started
2025-11-22 03:42:30.722 [DBG] FileProcessor: Processing request 1b7303db
2025-11-22 03:42:31.818 [INF] HttpServer: Health check passed
2025-11-22 03:42:34.176 [DBG] ApiGateway: Query execution plan generated
2025-11-22 03:42:37.306 [DBG] Cache: Cache lookup for key cache:config:3ef5ffc9
2025-11-22 03:42:39.298 [DBG] MessageQueue: Query execution plan generated
2025-11-22 03:42:43.309 [INF] HttpServer: Message consumed from notifications in 64ms
2025-11-22 03:42:44.565 [INF] Scheduler: Scheduled job ReportGenerator completed in 31ms
2025-11-22 03:42:45.903 [DBG] Config: Cache lookup for key cache:user:d1aa67b6
2025-11-22 03:42:48.065 [INF] Database: Outbound HTTP call to NotificationService completed in 4939ms
2025-11-22 03:42:51.790 [INF] FileProcessor: User user_3499 authenticated successfully
2025-11-22 03:42:54.141 [DBG] Metrics: Cache lookup for key cache:session:a7950ba6
2025-11-22 03:42:56.598 [INF] ApiGateway: Outbound HTTP call to UserService completed in 119ms
2025-11-22 03:42:58.161 [INF] Database: GET /api/v1/products?page=14 completed in 458ms
2025-11-22 03:42:58.658 [DBG] FileProcessor: Cache lookup for key cache:session:b3b32a09
2025-11-22 03:43:00.928 [INF] Scheduler: Batch processing completed: 812/1013 items
2025-11-22 03:43:03.754 [TRC] Cache: Variable state: {counter: 42, flag: true}
2025-11-22 03:43:07.266 [INF] Cache: Connected to database mysql://db:3306/app
2025-11-22 03:43:10.192 [DBG] Auth: Connection pool status: 17/20 active
2025-11-22 03:43:10.730 [INF] Database: GET /api/v1/users/user_4480 completed in 63ms
2025-11-22 03:43:14.656 [INF] ApiGateway: GET /api/v1/users/user_7424 completed in 569ms
2025-11-22 03:43:19.275 [DBG] ApiGateway: Processing request fc7747e4
2025-11-22 03:43:21.144 [INF] HttpServer: PUT /api/v1/users/user_6298/profile completed in 14ms
2025-11-22 03:43:24.174 [INF] Cache: Configuration reloaded
2025-11-22 03:43:25.038 [DBG] ApiGateway: Cache lookup for key cache:session:79b4b2ff
2025-11-22 03:43:29.367 [INF] Cache: PUT /api/v1/users/user_9423/profile completed in 1005ms
2025-11-22 03:43:29.536 [INF] ApiGateway: Connected to database postgres://db:5432/app
2025-11-22 03:43:33.025 [FTL] Config: Data corruption detected in transactions
2025-11-22 03:43:34.191 [INF] ApiGateway: Cache hit for key cache:session:1b22346a
2025-11-22 03:43:37.328 [DBG] Database: Processing request 91c1c068
2025-11-22 03:43:41.631 [INF] Scheduler: Cache hit for key cache:session:b54b34ab
2025-11-22 03:43:44.150 [DBG] Metrics: Query execution plan generated
2025-11-22 03:43:47.546 [INF] Config: Health check passed
2025-11-22 03:43:49.843 [INF] Cache: DELETE /api/v1/sessions/089a11c1 completed in 2414ms
2025-11-22 03:43:53.246 [INF] Scheduler: PUT /api/v1/users/user_6379/profile completed in 74ms
2025-11-22 03:43:55.850 [WRN] MessageQueue: Certificate expires in 26 days
2025-11-22 03:43:56.652 [INF] Metrics: Scheduled job CleanupJob completed in 2027ms
2025-11-22 03:43:57.341 [DBG] FileProcessor: Parsed configuration: {"timeout": 30, "retries": 3}
2025-11-22 03:43:58.452 [INF] Database: Service started on port 3000
2025-11-22 03:44:01.770 [DBG] ApiGateway: Processing request 9ca8b9d6
2025-11-22 03:44:02.004 [FTL] FileProcessor: Unrecoverable error, shutting down
2025-11-22 03:44:02.939 [INF] HttpServer: Request bc720c7e completed in 41ms
2025-11-22 03:44:05.475 [TRC] Database: Variable state: {counter: 42, flag: true}
2025-11-22 03:44:06.421 [ERR] Database: Authentication failed for user user_5793
2025-11-22 03:44:09.305 [WRN] Scheduler: Retry attempt 1 for operation ProcessPayment
2025-11-22 03:44:13.172 [TRC] HttpServer: Variable state: {counter: 42, flag: true}
2025-11-22 03:44:15.564 [INF] Config: Outbound HTTP call to UserService completed in 112ms
2025-11-22 03:44:18.257 [INF] ApiGateway: POST /api/v1/orders completed in 764ms
2025-11-22 03:44:22.483 [ERR] Config: Invalid message format: Unexpected field "foo" at position 42
2025-11-22 03:44:26.802 [INF] ApiGateway: Service started on port 8080
2025-11-22 03:44:28.604 [DBG] Config: Parsed configuration: {"timeout": 30, "retries": 3}
2025-11-22 03:44:32.512 [INF] Cache: Request f5679a0e completed in 1065ms
2025-11-22 03:44:37.488 [WRN] Database: Connection pool exhausted, waiting for available connection
2025-11-22 03:44:42.218 [INF] MessageQueue: Message published to tasks
2025-11-22 03:44:45.360 [INF] Auth: User user_9761 authenticated successfully
2025-11-22 03:44:48.336 [INF] FileProcessor: Service started on port 9000
2025-11-22 03:44:50.144 [INF] Metrics: GET /api/v1/users/user_9316 completed in 11ms
2025-11-22 03:44:54.020 [DBG] HttpServer: Connection pool status: 17/20 active
2025-11-22 03:44:58.553 [INF] MessageQueue: POST /api/v1/orders completed in 38ms
2025-11-22 03:44:59.357 [DBG] Scheduler: Query execution plan generated
2025-11-22 03:45:00.088 [INF] Config: Service started on port 8080
2025-11-22 03:45:01.299 [WRN] Cache: Connection pool exhausted, waiting for available connection
2025-11-22 03:45:01.349 [INF] Config: PUT /api/v1/users/user_1796/profile completed in 90ms
2025-11-22 03:45:05.308 [INF] HttpServer: Database query executed in 24ms
2025-11-22 03:45:05.318 [WRN] FileProcessor: Deprecated API endpoint called: /api/v1/orders
2025-11-22 03:45:08.562 [INF] Cache: Outbound HTTP call to NotificationService completed in 1012ms
2025-11-22 03:45:12.608 [INF] FileProcessor: Request df350e08 completed in 124ms
2025-11-22 03:45:15.002 [DBG] FileProcessor: Cache lookup for key cache:config:6edd09a9
2025-11-22 03:45:17.646 [DBG] Cache: Parsed configuration: {"timeout": 30, "retries": 3}
2025-11-22 03:45:18.026 [WRN] Metrics: Rate limit approaching for client client_82abbd7c
2025-11-22 03:45:19.268 [INF] Cache: Database query executed in 362ms
2025-11-22 03:45:20.742 [DBG] FileProcessor: Connection pool status: 6/20 active
2025-11-22 03:45:21.057 [INF] Auth: DELETE /api/v1/sessions/098e641a completed in 47ms
2025-11-22 03:45:25.083 [INF] FileProcessor: PUT /api/v1/users/user_6622/profile completed in 240ms
2025-11-22 03:45:29.799 [TRC] Metrics: Loop iteration 72 of 1062
2025-11-22 03:45:31.224 [INF] MessageQueue: PUT /api/v1/users/user_2009/profile completed in 11ms
2025-11-22 03:45:31.689 [DBG] MessageQueue: Query execution plan generated
2025-11-22 03:45:34.876 [DBG] Metrics: Processing request 9d221da4
2025-11-22 03:45:38.002 [TRC] Auth: Variable state: {counter: 42, flag: true}
2025-11-22 03:45:41.660 [WRN] ApiGateway: Certificate expires in 10 days
2025-11-22 03:45:41.905 [INF] ApiGateway: Health check passed
2025-11-22 03:45:45.923 [INF] Scheduler: Scheduled job DataSync started
2025-11-22 03:45:50.607 [WRN] MessageQueue: Deprecated API endpoint called: /api/v1/users
2025-11-22 03:45:54.444 [INF] Cache: Health check passed
2025-11-22 03:45:58.697 [DBG] Config: Cache lookup for key cache:config:1b2b2764
2025-11-22 03:46:01.324 [DBG] MessageQueue: Processing request 456350e0
2025-11-22 03:46:01.836 [DBG] Auth: Parsed configuration: {"timeout": 30, "retries": 3}
2025-11-22 03:46:03.249 [INF] Database: Batch processing completed: 701/1007 items
2025-11-22 03:46:07.833 [INF] ApiGateway: Request f2a90507 completed in 1689ms
2025-11-22 03:46:09.086 [INF] Config: Scheduled job CleanupJob completed in 466ms
2025-11-22 03:46:11.180 [DBG] Database: Cache lookup for key cache:user:d5922633
2025-11-22 03:46:12.859 [INF] Cache: DELETE /api/v1/sessions/d430ea9b completed in 377ms
2025-11-22 03:46:16.035 [INF] HttpServer: Cache hit for key cache:user:162eaebc
2025-11-22 03:46:20.866 [DBG] MessageQueue: Parsed configuration: {"timeout": 30, "retries": 3}
2025-11-22 03:46:23.829 [WRN] Config: Memory usage at 84%
2025-11-22 03:46:26.695 [INF] Auth: Cache hit for key cache:config:678816ba
2025-11-22 03:46:29.433 [INF] Database: Service started on port 443
2025-11-22 03:46:29.771 [DBG] Auth: Query execution plan generated
2025-11-22 03:46:32.210 [WRN] Metrics: Certificate expires in 15 days
2025-11-22 03:46:33.669 [INF] Config: POST /api/v1/orders completed in 5ms
2025-11-22 03:46:36.561 [INF] ApiGateway: User user_1514 authenticated successfully
2025-11-22 03:46:41.275 [INF] MessageQueue: Scheduled job DataSync started
2025-11-22 03:46:46.056 [DBG] FileProcessor: Processing request 45351e0d
2025-11-22 03:46:48.979 [INF] Config: GET /api/v1/users/user_6725 completed in 27ms
2025-11-22 03:46:51.329 [DBG] MessageQueue: Connection pool status: 5/20 active
2025-11-22 03:46:53.630 [DBG] MessageQueue: Query execution plan generated
2025-11-22 03:46:55.770 [INF] Database: Connected to database postgres://db:5432/app
2025-11-22 03:46:57.474 [DBG] HttpServer: Cache lookup for key cache:session:9ecca173
2025-11-22 03:46:58.786 [WRN] Metrics: Certificate expires in 29 days
2025-11-22 03:46:59.679 [DBG] Metrics: Connection pool status: 4/20 active
2025-11-22 03:47:03.312 [INF] Database: Scheduled job DataSync completed in 4414ms
2025-11-22 03:47:06.540 [INF] HttpServer: POST /api/v1/orders completed in 15ms
2025-11-22 03:47:09.850 [TRC] ApiGateway: Loop iteration 82 of 1049
2025-11-22 03:47:11.429 [INF] Metrics: File report_1d57c328.csv processed, 3862 records
2025-11-22 03:47:13.578 [INF] HttpServer: Message consumed from events in 177ms
2025-11-22 03:47:17.789 [WRN] Metrics: Connection pool exhausted, waiting for available connection
2025-11-22 03:47:17.929 [INF] Config: Service started on port 5000
2025-11-22 03:47:20.700 [DBG] FileProcessor: Processing request 32967438
2025-11-22 03:47:22.606 [INF] ApiGateway: User user_3546 authenticated successfully
2025-11-22 03:47:22.771 [INF] Config: File import_14f78e2b.csv processed, 3018 records
2025-11-22 03:47:24.704 [DBG] Database: Query execution plan generated
2025-11-22 03:47:25.808 [INF] HttpServer: Database query executed in 3440ms
2025-11-22 03:47:30.059 [INF] HttpServer: Health check passed
2025-11-22 03:47:31.889 [INF] Database: Batch processing completed: 822/1011 items
2025-11-22 03:47:35.678 [DBG] Metrics: Processing request bb4c58ac
2025-11-22 03:47:40.023 [DBG] ApiGateway: Connection pool status: 19/20 active
2025-11-22 03:47:43.727 [FTL] FileProcessor: Critical resource unavailable: Redis
2025-11-22 03:47:44.181 [ERR] Metrics: File not found: report_1b47c4e1.csv
2025-11-22 03:47:45.217 [INF] Cache: File import_32eb0e3a.csv processed, 6904 records
2025-11-22 03:47:48.359 [INF] Auth: Batch processing completed: 927/1019 items
2025-11-22 03:47:50.873 [TRC] Scheduler: Variable state: {counter: 42, flag: true}
2025-11-22 03:47:51.390 [INF] ApiGateway: Service started on port 5000
2025-11-22 03:47:54.848 [INF] ApiGateway: Configuration reloaded
2025-11-22 03:47:57.626 [INF] MessageQueue: POST /api/v1/orders completed in 35ms
2025-11-22 03:48:00.796 [DBG] Metrics: Query execution plan generated
2025-11-22 03:48:02.676 [DBG] Config: Processing request 2e15eada
2025-11-22 03:48:06.120 [WRN] Config: Connection pool exhausted, waiting for available connection
2025-11-22 03:48:10.965 [DBG] Cache: Query execution plan generated
2025-11-22 03:48:15.190 [DBG] MessageQueue: Query execution plan generated
2025-11-22 03:48:15.520 [INF] Config: Message consumed from notifications in 21ms
2025-11-22 03:48:18.295 [INF] HttpServer: Connected to database mysql://db:3306/app
2025-11-22 03:48:22.622 [INF] Database: DELETE /api/v1/sessions/7cc81aeb completed in 437ms
2025-11-22 03:48:26.680 [INF] Auth: Scheduled job ReportGenerator started
2025-11-22 03:48:28.159 [DBG] ApiGateway: Query execution plan generated
2025-11-22 03:48:28.257 [INF] FileProcessor: POST /api/v1/orders completed in 43ms
2025-11-22 03:48:30.201 [ERR] FileProcessor: File not found: export_fc0efc07.csv
2025-11-22 03:48:31.546 [INF] Database: Request 0776098c completed in 186ms
2025-11-22 03:48:32.508 [INF] Cache: File data_aebb3ab1.csv processed, 4390 records
2025-11-22 03:48:35.489 [DBG] Metrics: Connection pool status: 7/20 active
2025-11-22 03:48:36.909 [WRN] Cache: Memory usage at 80%
2025-11-22 03:48:40.521 [DBG] FileProcessor: Cache lookup for key cache:config:bee3ae1f
2025-11-22 03:48:40.958 [INF] Metrics: Connected to database postgres://db:5432/app
2025-11-22 03:48:42.809 [DBG] Auth: Cache lookup for key cache:session:bbc4ddd8
2025-11-22 03:48:44.594 [INF] Cache: Request 8d9348fd completed in 136ms
2025-11-22 03:48:44.681 [INF] Auth: File report_dc64384d.csv processed, 1917 records
2025-11-22 03:48:46.314 [DBG] Auth: Connection pool status: 10/20 active
2025-11-22 03:48:46.582 [INF] ApiGateway: Health check passed
2025-11-22 03:48:46.927 [DBG] MessageQueue: Connection pool status: 6/20 active
2025-11-22 03:48:47.080 [DBG] ApiGateway: Connection pool status: 8/20 active
2025-11-22 03:48:50.006 [DBG] Cache: Parsed configuration: {"timeout": 30, "retries": 3}
2025-11-22 03:48:51.161 [INF] Config: Request ba5d24b0 completed in 44ms
2025-11-22 03:48:52.581 [INF] HttpServer: Connected to database postgres://db:5432/app
2025-11-22 03:48:53.534 [DBG] HttpServer: Processing request 3c4e1ab7
2025-11-22 03:48:57.171 [DBG] Metrics: Parsed configuration: {"timeout": 30, "retries": 3}
2025-11-22 03:48:59.913 [INF] FileProcessor: Request ce36a696 completed in 3469ms
2025-11-22 03:49:02.572 [DBG] Scheduler: Connection pool status: 6/20 active
2025-11-22 03:49:05.708 [INF] Metrics: Health check passed
2025-11-22 03:49:08.003 [INF] HttpServer: User user_1049 authenticated successfully
2025-11-22 03:49:10.017 [INF] Auth: User user_7377 authenticated successfully
2025-11-22 03:49:14.579 [INF] Config: GET /api/v1/products?page=53 completed in 3923ms
2025-11-22 03:49:17.279 [INF] Cache: File report_8744d73d.csv processed, 5168 records
2025-11-22 03:49:20.199 [INF] Cache: Scheduled job ReportGenerator completed in 3412ms
2025-11-22 03:49:23.924 [INF] Cache: Database query executed in 45ms
2025-11-22 03:49:28.414 [DBG] Config: Query execution plan generated
2025-11-22 03:49:28.734 [INF] Auth: Configuration reloaded
2025-11-22 03:49:30.441 [INF] FileProcessor: DELETE /api/v1/sessions/d7a5c123 completed in 17ms
2025-11-22 03:49:33.094 [INF] HttpServer: GET /api/v1/products?page=65 completed in 42ms
2025-11-22 03:49:37.218 [INF] FileProcessor: GET /api/v1/products?page=25 completed in 2636ms
2025-11-22 03:49:40.371 [DBG] Scheduler: Query execution plan generated
2025-11-22 03:49:45.075 [INF] Config: Database query executed in 808ms
2025-11-22 03:49:49.987 [INF] Cache: Outbound HTTP call to UserService completed in 149ms
2025-11-22 03:49:50.322 [INF] Scheduler: POST /api/v1/orders completed in 2118ms
2025-11-22 03:49:50.793 [INF] MessageQueue: File export_b1d5e07f.csv processed, 5822 records
2025-11-22 03:49:55.254 [INF] Metrics: Database query executed in 4547ms
2025-11-22 03:49:58.036 [DBG] Auth: Connection pool status: 5/20 active
2025-11-22 03:50:00.621 [DBG] Metrics: Processing request 3857470e
2025-11-22 03:50:01.266 [INF] HttpServer: Request b40867ab completed in 212ms
2025-11-22 03:50:01.734 [DBG] ApiGateway: Parsed configuration: {"timeout": 30, "retries": 3}
2025-11-22 03:50:04.341 [INF] Config: DELETE /api/v1/sessions/45851055 completed in 648ms
2025-11-22 03:50:04.710 [INF] FileProcessor: Message published to tasks
2025-11-22 03:50:06.691 [INF] ApiGateway: Connected to database mysql://db:3306/app
2025-11-22 03:50:08.285 [WRN] Auth: Slow query detected: 34ms for SELECT * FROM users WHERE...
2025-11-22 03:50:11.824 [ERR] Auth: Timeout waiting for response from NotificationService
2025-11-22 03:50:15.654 [WRN] Database: Deprecated API endpoint called: /api/v1/orders
2025-11-22 03:50:17.339 [DBG] HttpServer: Query execution plan generated
2025-11-22 03:50:20.935 [INF] Cache: DELETE /api/v1/sessions/0ccdeeea completed in 31ms
2025-11-22 03:50:24.446 [DBG] Scheduler: Connection pool status: 19/20 active
2025-11-22 03:50:26.412 [INF] HttpServer: GET /api/v1/users/user_2790 completed in 162ms
2025-11-22 03:50:29.963 [DBG] Metrics: Query execution plan generated
2025-11-22 03:50:30.814 [INF] FileProcessor: Message published to notifications
2025-11-22 03:50:31.039 [INF] Scheduler: Connected to database mysql://db:3306/app
2025-11-22 03:50:33.264 [INF] Config: Configuration reloaded
2025-11-22 03:50:34.046 [INF] Auth: Scheduled job CleanupJob started
2025-11-22 03:50:36.771 [DBG] FileProcessor: Processing request 8b5dc129
2025-11-22 03:50:40.247 [INF] Config: POST /api/v1/orders completed in 4198ms
2025-11-22 03:50:44.774 [INF] HttpServer: Message published to events
2025-11-22 03:50:48.723 [INF] Metrics: Message published to tasks
2025-11-22 03:50:53.395 [INF] Scheduler: PUT /api/v1/users/user_5697/profile completed in 2210ms
2025-11-22 03:50:57.840 [TRC] Cache: Variable state: {counter: 42, flag: true}
2025-11-22 03:50:58.786 [WRN] FileProcessor: Connection pool exhausted, waiting for available connection
2025-11-22 03:51:02.237 [DBG] ApiGateway: Query execution plan generated
2025-11-22 03:51:02.398 [WRN] FileProcessor: Slow query detected: 4549ms for SELECT * FROM users WHERE...
2025-11-22 03:51:02.599 [INF] HttpServer: Service started on port 9000
2025-11-22 03:51:06.567 [INF] Scheduler: Configuration reloaded
2025-11-22 03:51:09.762 [DBG] Scheduler: Cache lookup for key cache:session:b6278750
2025-11-22 03:51:10.913 [WRN] HttpServer: Rate limit approaching for client client_5eb446a6
2025-11-22 03:51:14.689 [DBG] Cache: Connection pool status: 3/20 active
2025-11-22 03:51:15.209 [DBG] FileProcessor: Parsed configuration: {"timeout": 30, "retries": 3}
2025-11-22 03:51:15.667 [DBG] Database: Parsed configuration: {"timeout": 30, "retries": 3}
2025-11-22 03:51:16.167 [INF] MessageQueue: Message consumed from orders in 3827ms
2025-11-22 03:51:16.370 [WRN] Database: Certificate expires in 7 days
2025-11-22 03:51:21.108 [INF] Scheduler: GET /api/v1/users/user_1676 completed in 152ms
2025-11-22 03:51:23.733 [DBG] Scheduler: Processing request 541a402c
2025-11-22 03:51:24.706 [INF] Config: DELETE /api/v1/sessions/cdfccec8 completed in 5ms
2025-11-22 03:51:26.439 [WRN] Auth: Retry attempt 3 for operation SendEmail
2025-11-22 03:51:29.900 [INF] Cache: Batch processing completed: 786/1020 items
2025-11-22 03:51:31.998 [ERR] Database: Authentication failed for user user_5553
2025-11-22 03:51:32.755 [INF] HttpServer: Request 19bb14a0 completed in 760ms
2025-11-22 03:51:36.272 [INF] FileProcessor: Connected to database postgres://db:5432/app
2025-11-22 03:51:40.592 [WRN] FileProcessor: Connection pool exhausted, waiting for available connection
2025-11-22 03:51:44.536 [INF] ApiGateway: GET /api/v1/users/user_1698 completed in 4972ms
2025-11-22 03:51:47.735 [INF] MessageQueue: Message published to notifications
2025-11-22 03:51:49.440 [DBG] HttpServer: Connection pool status: 5/20 active
2025-11-22 03:51:52.774 [INF] Auth: Health check passed
2025-11-22 03:51:55.745 [INF] ApiGateway: File report_61ea94fa.csv processed, 4820 records
2025-11-22 03:51:59.574 [INF] HttpServer: Scheduled job CleanupJob completed in 113ms
2025-11-22 03:52:03.748 [INF] FileProcessor: DELETE /api/v1/sessions/1de19664 completed in 235ms
2025-11-22 03:52:03.876 [WRN] HttpServer: Certificate expires in 29 days
2025-11-22 03:52:06.470 [INF] FileProcessor: Scheduled job DataSync completed in 752ms
2025-11-22 03:52:09.036 [WRN] Cache: Memory usage at 91%
2025-11-22 03:52:13.243 [DBG] Auth: Cache lookup for key cache:config:0c09512c
2025-11-22 03:52:17.810 [INF] Config: DELETE /api/v1/sessions/3c09fb47 completed in 133ms
2025-11-22 03:52:18.521 [ERR] Scheduler: Database connection failed: Resource not found
2025-11-22 03:52:23.207 [WRN] MessageQueue: Memory usage at 71%
2025-11-22 03:52:24.283 [INF] Scheduler: Message consumed from orders in 779ms
2025-11-22 03:52:27.371 [WRN] Metrics: Connection pool exhausted, waiting for available connection
2025-11-22 03:52:32.342 [INF] ApiGateway: Database query executed in 246ms
2025-11-22 03:52:36.892 [DBG] Cache: Parsed configuration: {"timeout": 30, "retries": 3}
2025-11-22 03:52:39.617 [ERR] Database: Invalid message format: Unexpected field "foo" at position 42
2025-11-22 03:52:42.598 [DBG] Scheduler: Processing request efad606d
2025-11-22 03:52:45.282 [INF] Config: Service started on port 5000
2025-11-22 03:52:45.510 [INF] Cache: Connected to database mysql://db:3306/app
2025-11-22 03:52:46.796 [INF] Metrics: Batch processing completed: 135/1085 items
2025-11-22 03:52:47.724 [WRN] Config: Slow query detected: 161ms for SELECT * FROM users WHERE...
2025-11-22 03:52:49.825 [DBG] Auth: Query execution plan generated
2025-11-22 03:52:52.897 [INF] Metrics: Scheduled job CleanupJob started
2025-11-22 03:52:56.005 [DBG] Config: Connection pool status: 11/20 active
2025-11-22 03:52:58.319 [INF] Database: Health check passed
2025-11-22 03:52:59.735 [DBG] Metrics: Parsed configuration: {"timeout": 30, "retries": 3}
2025-11-22 03:53:00.682 [DBG] Scheduler: Parsed configuration: {"timeout": 30, "retries": 3}
2025-11-22 03:53:02.812 [INF] HttpServer: Health check passed
2025-11-22 03:53:05.705 [INF] FileProcessor: Cache hit for key cache:config:c5e372bc
2025-11-22 03:53:06.085 [TRC] MessageQueue: Loop iteration 77 of 1014
2025-11-22 03:53:09.674 [INF] Auth: User user_7500 authenticated successfully
2025-11-22 03:53:11.300 [INF] Cache: Scheduled job DataSync completed in 27ms
2025-11-22 03:53:12.149 [INF] MessageQueue: Cache hit for key cache:user:d4361f32
2025-11-22 03:53:13.783 [INF] Database: Health check passed
2025-11-22 03:53:18.520 [INF] Scheduler: Configuration reloaded
2025-11-22 03:53:22.177 [INF] Auth: Scheduled job DataSync started
2025-11-22 03:53:22.975 [INF] Scheduler: GET /api/v1/products?page=4 completed in 691ms
2025-11-22 03:53:25.870 [WRN] ApiGateway: Slow query detected: 163ms for SELECT * FROM users WHERE...
2025-11-22 03:53:30.411 [DBG] FileProcessor: Cache lookup for key cache:user:7f74ad2f
2025-11-22 03:53:31.717 [INF] Scheduler: POST /api/v1/orders completed in 95ms
2025-11-22 03:53:34.244 [INF] Auth: DELETE /api/v1/sessions/ea0d5c69 completed in 863ms
2025-11-22 03:53:37.352 [INF] HttpServer: Message consumed from notifications in 39ms
2025-11-22 03:53:40.035 [INF] ApiGateway: Message published to tasks
2025-11-22 03:53:41.589 [INF] Auth: Connected to database mysql://db:3306/app
2025-11-22 03:53:43.193 [DBG] ApiGateway: Cache lookup for key cache:config:15893a73
2025-11-22 03:53:46.515 [INF] MessageQueue: GET /api/v1/products?page=47 completed in 2877ms
2025-11-22 03:53:46.560 [INF] Database: Cache hit for key cache:user:a721af47
2025-11-22 03:53:48.574 [INF] Auth: Configuration reloaded
2025-11-22 03:53:52.147 [INF] MessageQueue: Request 4a354f69 completed in 2418ms
2025-11-22 03:53:52.619 [WRN] Config: Memory usage at 78%
2025-11-22 03:53:55.832 [INF] Cache: Health check passed
2025-11-22 03:53:58.496 [INF] Metrics: PUT /api/v1/users/user_8307/profile completed in 50ms
2025-11-22 03:53:59.889 [DBG] Scheduler: Processing request d30c1d82
2025-11-22 03:54:04.782 [INF] ApiGateway: User user_2088 authenticated successfully
2025-11-22 03:54:08.848 [INF] Metrics: DELETE /api/v1/sessions/0428a328 completed in 535ms
2025-11-22 03:54:12.290 [INF] Auth: Configuration reloaded
2025-11-22 03:54:13.305 [INF] FileProcessor: Scheduled job CleanupJob started
2025-11-22 03:54:13.339 [DBG] Metrics: Parsed configuration: {"timeout": 30, "retries": 3}
2025-11-22 03:54:13.399 [INF] Metrics: Service started on port 8080
2025-11-22 03:54:17.775 [WRN] Config: Slow query detected: 2159ms for SELECT * FROM users WHERE...
2025-11-22 03:54:18.052 [INF] Auth: Service started on port 5000
2025-11-22 03:54:22.891 [DBG] Scheduler: Connection pool status: 10/20 active
2025-11-22 03:54:25.859 [INF] Metrics: Message published to events
2025-11-22 03:54:26.852 [INF] Scheduler: POST /api/v1/orders completed in 138ms
2025-11-22 03:54:29.097 [INF] HttpServer: Request 9781178e completed in 647ms
2025-11-22 03:54:30.461 [ERR] Scheduler: Authentication failed for user user_8611
2025-11-22 03:54:31.627 [WRN] Metrics: Deprecated API endpoint called: /api/v1/orders
2025-11-22 03:54:32.157 [INF] Config: Cache hit for key cache:user:a16e7378
2025-11-22 03:54:36.352 [INF] FileProcessor: Configuration reloaded
2025-11-22 03:54:38.576 [INF] Scheduler: GET /api/v1/users/user_8409 completed in 84ms
2025-11-22 03:54:41.305 [INF] Database: GET /api/v1/users/user_9120 completed in 16ms
2025-11-22 03:54:44.243 [INF] Scheduler: Health check passed
2025-11-22 03:54:45.363 [INF] Auth: Message published to events
2025-11-22 03:54:50.299 [INF] Metrics: Database query executed in 1224ms
2025-11-22 03:54:55.128 [INF] Cache: Scheduled job BackupJob started
2025-11-22 03:54:59.716 [DBG] Cache: Connection pool status: 19/20 active
2025-11-22 03:55:00.401 [DBG] Metrics: Parsed configuration: {"timeout": 30, "retries": 3}
2025-11-22 03:55:01.983 [WRN] Auth: Memory usage at 86%
2025-11-22 03:55:04.348 [INF] Database: Outbound HTTP call to PaymentService completed in 4899ms
2025-11-22 03:55:07.672 [INF] Auth: Message published to notifications
2025-11-22 03:55:08.872 [INF] Database: Connected to database mysql://db:3306/app
2025-11-22 03:55:09.437 [INF] Metrics: POST /api/v1/orders completed in 2753ms
2025-11-22 03:55:14.291 [INF] HttpServer: Message consumed from tasks in 997ms
2025-11-22 03:55:14.999 [INF] Config: GET /api/v1/products?page=38 completed in 596ms
2025-11-22 03:55:16.254 [INF] HttpServer: Service started on port 443
2025-11-22 03:55:16.283 [WRN] ApiGateway: Connection pool exhausted, waiting for available connection
2025-11-22 03:55:18.966 [DBG] Auth: Parsed configuration: {"timeout": 30, "retries": 3}
2025-11-22 03:55:21.535 [INF] HttpServer: Outbound HTTP call to PaymentService completed in 7ms
2025-11-22 03:55:22.236 [DBG] FileProcessor: Processing request 5f0797f3
2025-11-22 03:55:22.246 [DBG] ApiGateway: Processing request d5eeea81
2025-11-22 03:55:22.556 [INF] Config: Health check passed
2025-11-22 03:55:26.713 [INF] Cache: Cache hit for key cache:config:8f81f056
2025-11-22 03:55:30.148 [INF] HttpServer: Configuration reloaded
2025-11-22 03:55:30.795 [INF] HttpServer: Service started on port 9000
2025-11-22 03:55:34.530 [DBG] Auth: Query execution plan generated
2025-11-22 03:55:38.586 [INF] Config: Configuration reloaded
2025-11-22 03:55:41.856 [WRN] Scheduler: Certificate expires in 18 days
2025-11-22 03:55:44.956 [DBG] Scheduler: Processing request e36a2909
2025-11-22 03:55:49.061 [ERR] Database: Database connection failed: Timeout exceeded
2025-11-22 03:55:50.684 [INF] Scheduler: User user_6195 authenticated successfully
2025-11-22 03:55:53.781 [INF] Metrics: POST /api/v1/orders completed in 4034ms
2025-11-22 03:55:56.974 [DBG] Database: Cache lookup for key cache:user:42d9c8df
2025-11-22 03:55:57.465 [INF] Cache: Scheduled job ReportGenerator completed in 50ms
2025-11-22 03:56:02.401 [INF] MessageQueue: Request b1354c39 completed in 3100ms
2025-11-22 03:56:05.316 [INF] Scheduler: Outbound HTTP call to UserService completed in 3ms
2025-11-22 03:56:08.629 [INF] Metrics: GET /api/v1/users/user_7891 completed in 142ms
2025-11-22 03:56:09.962 [DBG] ApiGateway: Cache lookup for key cache:user:f4b3b63d
2025-11-22 03:56:11.804 [ERR] Auth: Authentication failed for user user_2697
2025-11-22 03:56:13.584 [INF] Database: GET /api/v1/users/user_7580 completed in 2245ms
2025-11-22 03:56:15.321 [ERR] Auth: File not found: report_99fb1cb7.csv
2025-11-22 03:56:19.337 [INF] Metrics: File export_dd676568.csv processed, 4429 records
2025-11-22 03:56:21.357 [WRN] Config: Rate limit approaching for client client_c0de60d3
2025-11-22 03:56:24.559 [DBG] MessageQueue: Connection pool status: 2/20 active
2025-11-22 03:56:26.878 [INF] Database: Configuration reloaded
2025-11-22 03:56:29.422 [INF] ApiGateway: GET /api/v1/users/user_2385 completed in 2689ms
2025-11-22 03:56:32.358 [WRN] Database: Connection pool exhausted, waiting for available connection
2025-11-22 03:56:33.661 [INF] Cache: Configuration reloaded
2025-11-22 03:56:34.941 [INF] Database: Scheduled job BackupJob completed in 85ms
2025-11-22 03:56:36.224 [WRN] FileProcessor: Certificate expires in 9 days
2025-11-22 03:56:38.565 [INF] HttpServer: Connected to database mysql://db:3306/app
2025-11-22 03:56:40.610 [INF] FileProcessor: POST /api/v1/orders completed in 4467ms
2025-11-22 03:56:44.095 [INF] Config: Message consumed from orders in 1972ms
2025-11-22 03:56:46.955 [INF] Cache: Health check passed
2025-11-22 03:56:48.950 [INF] Auth: Request 51fc8c83 completed in 86ms
2025-11-22 03:56:50.585 [DBG] Scheduler: Query execution plan generated
2025-11-22 03:56:53.786 [INF] Cache: Connected to database mysql://db:3306/app
2025-11-22 03:56:56.385 [WRN] HttpServer: Deprecated API endpoint called: /api/v1/legacy
2025-11-22 03:57:00.806 [DBG] Auth: Cache lookup for key cache:user:e26d533a
2025-11-22 03:57:02.983 [TRC] Scheduler: Entering method ValidateInput with parameters {id: 123, type: "full"}
2025-11-22 03:57:05.053 [DBG] Scheduler: Connection pool status: 16/20 active
2025-11-22 03:57:06.770 [INF] Metrics: Request b68d6963 completed in 1289ms
2025-11-22 03:57:10.395 [INF] ApiGateway: Cache hit for key cache:user:6b8c4706
2025-11-22 03:57:11.026 [INF] ApiGateway: Service started on port 5000
2025-11-22 03:57:11.336 [INF] HttpServer: Cache hit for key cache:user:d4642617
2025-11-22 03:57:15.850 [INF] Metrics: File export_d10d739b.csv processed, 1509 records
2025-11-22 03:57:16.507 [INF] Config: Scheduled job ReportGenerator completed in 41ms
2025-11-22 03:57:17.178 [INF] FileProcessor: Request 683beaf4 completed in 36ms
2025-11-22 03:57:20.130 [DBG] MessageQueue: Cache lookup for key cache:user:c826c6dd
2025-11-22 03:57:20.877 [INF] FileProcessor: Scheduled job DataSync started
2025-11-22 03:57:20.979 [INF] MessageQueue: Batch processing completed: 435/1024 items
2025-11-22 03:57:23.714 [INF] Metrics: PUT /api/v1/users/user_4602/profile completed in 33ms
2025-11-22 03:57:25.161 [INF] Metrics: Configuration reloaded
2025-11-22 03:57:29.219 [INF] Auth: Scheduled job BackupJob started
2025-11-22 03:57:30.388 [WRN] Scheduler: Connection pool exhausted, waiting for available connection
2025-11-22 03:57:32.369 [INF] ApiGateway: GET /api/v1/users/user_5754 completed in 15ms
2025-11-22 03:57:32.676 [INF] Config: Health check passed
2025-11-22 03:57:34.822 [DBG] Cache: Connection pool status: 12/20 active
2025-11-22 03:57:36.847 [INF] MessageQueue: Batch processing completed: 609/1042 items
2025-11-22 03:57:41.188 [DBG] HttpServer: Connection pool status: 12/20 active
2025-11-22 03:57:46.036 [DBG] FileProcessor: Cache lookup for key cache:user:9f530580
2025-11-22 03:57:47.097 [INF] MessageQueue: Message published to notifications
2025-11-22 03:57:47.870 [INF] ApiGateway: Outbound HTTP call to PaymentService completed in 474ms
2025-11-22 03:57:51.176 [WRN] Auth: Memory usage at 74%
2025-11-22 03:57:56.079 [DBG] ApiGateway: Query execution plan generated
2025-11-22 03:57:59.848 [INF] HttpServer: GET /api/v1/products?page=36 completed in 77ms
2025-11-22 03:58:04.442 [INF] Cache: Connected to database postgres://db:5432/app
2025-11-22 03:58:08.731 [DBG] ApiGateway: Query execution plan generated
2025-11-22 03:58:13.523 [INF] Metrics: Message published to events
2025-11-22 03:58:18.127 [WRN] FileProcessor: Rate limit approaching for client client_3db860e7
2025-11-22 03:58:22.019 [INF] MessageQueue: Service started on port 9000
2025-11-22 03:58:22.358 [WRN] Config: Slow query detected: 23ms for SELECT * FROM users WHERE...
2025-11-22 03:58:25.231 [DBG] MessageQueue: Parsed configuration: {"timeout": 30, "retries": 3}
2025-11-22 03:58:26.208 [INF] Auth: POST /api/v1/orders completed in 12ms
2025-11-22 03:58:29.540 [DBG] Metrics: Cache lookup for key cache:config:a5f90035
2025-11-22 03:58:31.952 [INF] Config: GET /api/v1/users/user_1283 completed in 648ms
2025-11-22 03:58:34.519 [INF] ApiGateway: PUT /api/v1/users/user_3597/profile completed in 1806ms
2025-11-22 03:58:35.902 [INF] Scheduler: Message consumed from orders in 3179ms
2025-11-22 03:58:38.823 [INF] Database: Configuration reloaded
2025-11-22 03:58:41.870 [INF] Cache: Configuration reloaded
2025-11-22 03:58:45.133 [INF] Database: Request 2c557c72 completed in 39ms
2025-11-22 03:58:48.208 [INF] HttpServer: Message consumed from notifications in 34ms
2025-11-22 03:58:50.402 [INF] ApiGateway: Message published to orders
2025-11-22 03:58:50.897 [DBG] MessageQueue: Connection pool status: 7/20 active
2025-11-22 03:58:55.181 [DBG] Cache: Parsed configuration: {"timeout": 30, "retries": 3}
2025-11-22 03:58:55.346 [INF] Config: Health check passed
2025-11-22 03:58:59.505 [DBG] Database: Processing request 0a238ae1
2025-11-22 03:59:00.538 [INF] Database: Scheduled job BackupJob started
2025-11-22 03:59:02.306 [DBG] Auth: Query execution plan generated
2025-11-22 03:59:07.036 [INF] ApiGateway: GET /api/v1/products?page=59 completed in 2438ms
2025-11-22 03:59:08.066 [INF] FileProcessor: Message published to events
2025-11-22 03:59:11.584 [DBG] Auth: Parsed configuration: {"timeout": 30, "retries": 3}
2025-11-22 03:59:13.670 [INF] FileProcessor: PUT /api/v1/users/user_8699/profile completed in 38ms
2025-11-22 03:59:15.904 [DBG] MessageQueue: Processing request 07f9fe6d
2025-11-22 03:59:18.460 [INF] FileProcessor: GET /api/v1/products?page=58 completed in 807ms
2025-11-22 03:59:22.776 [INF] Cache: Cache hit for key cache:user:1f53c259
2025-11-22 03:59:26.923 [DBG] Scheduler: Parsed configuration: {"timeout": 30, "retries": 3}
2025-11-22 03:59:27.422 [INF] Config: Service started on port 9000
2025-11-22 03:59:29.511 [INF] Auth: Service started on port 3000
2025-11-22 03:59:32.088 [INF] Cache: Message consumed from orders in 13ms
2025-11-22 03:59:34.414 [INF] Metrics: Message published to orders
2025-11-22 03:59:37.894 [TRC] HttpServer: Entering method ValidateInput with parameters {id: 123, type: "full"}
2025-11-22 03:59:42.194 [INF] Config: Outbound HTTP call to UserService completed in 59ms
2025-11-22 03:59:43.346 [INF] Metrics: PUT /api/v1/users/user_5893/profile completed in 157ms
2025-11-22 03:59:45.461 [INF] Cache: Message published to tasks
2025-11-22 03:59:49.153 [TRC] ApiGateway: Entering method ProcessOrder with parameters {id: 123, type: "full"}
2025-11-22 03:59:52.931 [INF] Config: Outbound HTTP call to PaymentService completed in 188ms
2025-11-22 03:59:53.799 [INF] Cache: Request 17c71b28 completed in 831ms
2025-11-22 03:59:54.299 [DBG] Scheduler: Cache lookup for key cache:user:300aaff4
2025-11-22 03:59:55.405 [DBG] MessageQueue: Parsed configuration: {"timeout": 30, "retries": 3}
2025-11-22 03:59:55.628 [DBG] FileProcessor: Parsed configuration: {"timeout": 30, "retries": 3}
2025-11-22 04:00:00.500 [DBG] Scheduler: Connection pool status: 15/20 active
2025-11-22 04:00:03.653 [INF] MessageQueue: GET /api/v1/users/user_4384 completed in 150ms
2025-11-22 04:00:05.514 [INF] Metrics: Service started on port 5000
2025-11-22 04:00:08.179 [DBG] Scheduler: Cache lookup for key cache:session:f4ee1a23
2025-11-22 04:00:10.294 [WRN] MessageQueue: Connection pool exhausted, waiting for available connection
2025-11-22 04:00:14.599 [INF] Config: File export_63e6d681.csv processed, 1597 records
2025-11-22 04:00:18.576 [INF] Config: Connected to database mysql://db:3306/app
2025-11-22 04:00:21.223 [INF] FileProcessor: Database query executed in 1639ms
2025-11-22 04:00:24.368 [ERR] Metrics: Timeout waiting for response from NotificationService
2025-11-22 04:00:27.962 [INF] Scheduler: Cache hit for key cache:user:8d852e8d
2025-11-22 04:00:31.644 [INF] ApiGateway: Scheduled job DataSync started
2025-11-22 04:00:34.501 [DBG] Scheduler: Query execution plan generated
2025-11-22 04:00:38.363 [ERR] Scheduler: Timeout waiting for response from PaymentService
2025-11-22 04:00:39.681 [WRN] Scheduler: Retry attempt 2 for operation ProcessPayment
2025-11-22 04:00:40.432 [DBG] Database: Processing request 2bfe760f
2025-11-22 04:00:45.157 [INF] Cache: Cache hit for key cache:user:26552630
2025-11-22 04:00:47.112 [INF] Config: POST /api/v1/orders completed in 3928ms
2025-11-22 04:00:52.090 [INF] ApiGateway: Outbound HTTP call to PaymentService completed in 17ms
2025-11-22 04:00:54.993 [INF] FileProcessor: Batch processing completed: 976/1060 items
2025-11-22 04:00:55.269 [INF] Cache: Connected to database mysql://db:3306/app
2025-11-22 04:00:56.612 [INF] Metrics: Health check passed
2025-11-22 04:00:59.247 [INF] Cache: Scheduled job DataSync completed in 770ms
2025-11-22 04:00:59.962 [ERR] Config: Failed to process request d3509ade: Timeout exceeded
2025-11-22 04:01:03.593 [DBG] HttpServer: Cache lookup for key cache:config:eb3c9f09
2025-11-22 04:01:04.342 [DBG] FileProcessor: Connection pool status: 10/20 active
2025-11-22 04:01:06.705 [INF] Database: Service started on port 5000
2025-11-22 04:01:10.455 [INF] FileProcessor: Database query executed in 63ms
2025-11-22 04:01:15.402 [INF] Database: Outbound HTTP call to PaymentService completed in 791ms
2025-11-22 04:01:15.497 [FTL] MessageQueue: Critical resource unavailable: MessageBroker
2025-11-22 04:01:18.753 [INF] MessageQueue: Cache hit for key cache:session:0c53474d
2025-11-22 04:01:20.210 [WRN] Metrics: Deprecated API endpoint called: /api/v1/legacy
2025-11-22 04:01:20.536 [INF] Config: Configuration reloaded
2025-11-22 04:01:22.905 [INF] Database: Scheduled job ReportGenerator started
2025-11-22 04:01:26.377 [DBG] Auth: Query execution plan generated
2025-11-22 04:01:26.645 [INF] ApiGateway: PUT /api/v1/users/user_3118/profile completed in 49ms
2025-11-22 04:01:31.070 [INF] Scheduler: Batch processing completed: 537/1047 items
2025-11-22 04:01:34.808 [INF] Cache: Scheduled job BackupJob completed in 226ms
2025-11-22 04:01:37.449 [WRN] Config: Retry attempt 3 for operation SendEmail
2025-11-22 04:01:38.692 [WRN] Config: Slow query detected: 4131ms for SELECT * FROM users WHERE...
2025-11-22 04:01:39.542 [INF] FileProcessor: Connected to database postgres://db:5432/app
2025-11-22 04:01:43.647 [DBG] Database: Cache lookup for key cache:session:0234c698
2025-11-22 04:01:46.798 [INF] Config: Scheduled job BackupJob completed in 281ms
2025-11-22 04:01:49.835 [INF] Database: POST /api/v1/orders completed in 117ms
2025-11-22 04:01:51.677 [TRC] ApiGateway: Loop iteration 1 of 1063
2025-11-22 04:01:51.785 [DBG] Config: Connection pool status: 10/20 active
2025-11-22 04:01:52.320 [INF] Cache: File report_3d8761fb.csv processed, 1071 records
2025-11-22 04:01:52.883 [WRN] MessageQueue: Deprecated API endpoint called: /api/v1/legacy
2025-11-22 04:01:56.234 [INF] MessageQueue: Request 7c221423 completed in 19ms
2025-11-22 04:01:58.419 [DBG] MessageQueue: Cache lookup for key cache:session:1013266d
2025-11-22 04:01:59.174 [DBG] Config: Cache lookup for key cache:user:8018701f
2025-11-22 04:02:03.556 [INF] Cache: GET /api/v1/users/user_7014 completed in 15ms
2025-11-22 04:02:05.956 [INF] Metrics: DELETE /api/v1/sessions/7676b3f3 completed in 626ms
2025-11-22 04:02:07.635 [INF] Auth: Configuration reloaded
2025-11-22 04:02:09.533 [TRC] Config: Entering method Transform with parameters {id: 123, type: "full"}
2025-11-22 04:02:12.160 [DBG] HttpServer: Connection pool status: 8/20 active
2025-11-22 04:02:12.856 [DBG] Config: Parsed configuration: {"timeout": 30, "retries": 3}
2025-11-22 04:02:15.669 [INF] FileProcessor: GET /api/v1/users/user_2702 completed in 901ms
2025-11-22 04:02:17.823 [INF] FileProcessor: POST /api/v1/orders completed in 3692ms
2025-11-22 04:02:18.189 [INF] FileProcessor: GET /api/v1/products?page=57 completed in 731ms
2025-11-22 04:02:19.711 [DBG] Metrics: Parsed configuration: {"timeout": 30, "retries": 3}
2025-11-22 04:02:21.255 [TRC] HttpServer: Loop iteration 70 of 1040
2025-11-22 04:02:21.477 [INF] MessageQueue: PUT /api/v1/users/user_4685/profile completed in 797ms
2025-11-22 04:02:25.653 [INF] ApiGateway: Message consumed from events in 4290ms
2025-11-22 04:02:30.378 [DBG] FileProcessor: Cache lookup for key cache:session:59617bb2
2025-11-22 04:02:33.117 [INF] Scheduler: Connected to database postgres://db:5432/app
2025-11-22 04:02:36.180 [INF] Config: Configuration reloaded
2025-11-22 04:02:36.829 [INF] Database: Cache hit for key cache:config:b0b5b119
2025-11-22 04:02:38.165 [DBG] ApiGateway: Query execution plan generated
2025-11-22 04:02:42.979 [DBG] FileProcessor: Cache lookup for key cache:user:6dd8a48b
2025-11-22 04:02:43.158 [INF] FileProcessor: Service started on port 5000
2025-11-22 04:02:43.546 [INF] Auth: Request 3c3af4b7 completed in 1199ms
2025-11-22 04:02:44.178 [INF] ApiGateway: Scheduled job CleanupJob completed in 104ms
2025-11-22 04:02:47.641 [INF] ApiGateway: Connected to database mysql://db:3306/app
2025-11-22 04:02:51.131 [INF] Cache: Database query executed in 554ms
2025-11-22 04:02:54.299 [INF] MessageQueue: Scheduled job DataSync completed in 4819ms
2025-11-22 04:02:54.962 [DBG] HttpServer: Processing request 100eed64
2025-11-22 04:02:56.993 [INF] Database: Database query executed in 755ms
2025-11-22 04:02:58.817 [INF] Database: GET /api/v1/users/user_3230 completed in 584ms
2025-11-22 04:03:01.097 [DBG] ApiGateway: Parsed configuration: {"timeout": 30, "retries": 3}
2025-11-22 04:03:04.854 [INF] Metrics: Message consumed from tasks in 6ms
2025-11-22 04:03:08.502 [INF] HttpServer: Batch processing completed: 524/1033 items
2025-11-22 04:03:10.388 [INF] FileProcessor: File report_6c455caa.csv processed, 1189 records
2025-11-22 04:03:11.133 [INF] HttpServer: Database query executed in 30ms
2025-11-22 04:03:13.866 [ERR] MessageQueue: Timeout waiting for response from NotificationService
2025-11-22 04:03:13.917 [INF] HttpServer: Message published to tasks
2025-11-22 04:03:15.857 [INF] Config: Request ce8d7614 completed in 692ms
2025-11-22 04:03:16.879 [INF] Config: Request 144d49b6 completed in 4537ms
2025-11-22 04:03:17.233 [WRN] Config: Retry attempt 2 for operation SendEmail
2025-11-22 04:03:21.383 [ERR] Cache: Timeout waiting for response from PaymentService
2025-11-22 04:03:24.285 [INF] Cache: DELETE /api/v1/sessions/e7f4b5fd completed in 3643ms
2025-11-22 04:03:28.540 [DBG] FileProcessor: Parsed configuration: {"timeout": 30, "retries": 3}
2025-11-22 04:03:31.665 [DBG] Metrics: Processing request 277ed146
2025-11-22 04:03:32.671 [INF] Metrics: Scheduled job ReportGenerator started
2025-11-22 04:03:34.424 [INF] MessageQueue: Request f6ac3c32 completed in 124ms
2025-11-22 04:03:34.663 [INF] Auth: POST /api/v1/orders completed in 2066ms
2025-11-22 04:03:39.029 [DBG] FileProcessor: Parsed configuration: {"timeout": 30, "retries": 3}
2025-11-22 04:03:41.209 [ERR] ApiGateway: Failed to process request b193d270: Resource not found
2025-11-22 04:03:41.293 [DBG] Config: Cache lookup for key cache:user:93b1f9b7
2025-11-22 04:03:45.525 [DBG] Metrics: Processing request 5bea68e7
2025-11-22 04:03:48.952 [DBG] Config: Processing request e2660312
2025-11-22 04:03:52.329 [DBG] HttpServer: Cache lookup for key cache:session:6edf5325
2025-11-22 04:03:56.137 [DBG] ApiGateway: Cache lookup for key cache:user:8b7ede52
2025-11-22 04:04:00.485 [INF] Auth: Batch processing completed: 995/1083 items
2025-11-22 04:04:00.872 [INF] Cache: Request 9a89a675 completed in 21ms
2025-11-22 04:04:00.885 [INF] Scheduler: DELETE /api/v1/sessions/6e19ee69 completed in 6ms
2025-11-22 04:04:01.110 [INF] Auth: Cache hit for key cache:user:7b264efc
2025-11-22 04:04:05.117 [INF] Auth: POST /api/v1/orders completed in 3762ms
2025-11-22 04:04:07.967 [INF] MessageQueue: Cache hit for key cache:user:3d83b163
2025-11-22 04:04:11.380 [WRN] Cache: Slow query detected: 575ms for SELECT * FROM users WHERE...
2025-11-22 04:04:15.820 [INF] FileProcessor: Request 50214609 completed in 2511ms
2025-11-22 04:04:20.525 [DBG] Scheduler: Query execution plan generated
2025-11-22 04:04:22.668 [INF] Database: Outbound HTTP call to UserService completed in 12ms
2025-11-22 04:04:25.065 [INF] Scheduler: Configuration reloaded
2025-11-22 04:04:27.438 [WRN] HttpServer: Certificate expires in 27 days
2025-11-22 04:04:32.158 [INF] Scheduler: Batch processing completed: 385/1050 items
2025-11-22 04:04:36.402 [FTL] HttpServer: Data corruption detected in transactions
2025-11-22 04:04:37.913 [DBG] Scheduler: Cache lookup for key cache:config:1034bd93
2025-11-22 04:04:40.838 [DBG] Scheduler: Parsed configuration: {"timeout": 30, "retries": 3}
2025-11-22 04:04:45.502 [INF] Database: Scheduled job DataSync started
2025-11-22 04:04:47.286 [DBG] Database: Cache lookup for key cache:config:554d554f
2025-11-22 04:04:48.235 [INF] Auth: Scheduled job CleanupJob completed in 92ms
2025-11-22 04:04:49.338 [INF] Scheduler: Configuration reloaded
2025-11-22 04:04:49.800 [ERR] MessageQueue: Failed to process request a853333b: Resource not found
2025-11-22 04:04:52.135 [INF] Auth: Configuration reloaded
2025-11-22 04:04:53.245 [INF] Metrics: Request 2f9c247a completed in 347ms
2025-11-22 04:04:55.418 [INF] Auth: DELETE /api/v1/sessions/3276b9e2 completed in 44ms
2025-11-22 04:04:55.816 [INF] Metrics: DELETE /api/v1/sessions/a62b20dd completed in 832ms
2025-11-22 04:04:59.336 [INF] Scheduler: GET /api/v1/users/user_3148 completed in 171ms
2025-11-22 04:05:02.213 [INF] Config: Connected to database postgres://db:5432/app
2025-11-22 04:05:06.407 [DBG] Cache: Cache lookup for key cache:session:85560532
2025-11-22 04:05:07.605 [INF] Config: Scheduled job ReportGenerator completed in 162ms
2025-11-22 04:05:09.175 [INF] Metrics: Database query executed in 309ms
2025-11-22 04:05:10.224 [WRN] MessageQueue: Retry attempt 1 for operation SendEmail
2025-11-22 04:05:11.457 [INF] FileProcessor: POST /api/v1/orders completed in 4011ms
2025-11-22 04:05:15.484 [INF] Config: File import_08465c23.csv processed, 2870 records
2025-11-22 04:05:17.158 [INF] Metrics: Connected to database mysql://db:3306/app
2025-11-22 04:05:19.748 [INF] ApiGateway: PUT /api/v1/users/user_2799/profile completed in 478ms
2025-11-22 04:05:21.635 [INF] MessageQueue: Cache hit for key cache:user:ecd95d4d
2025-11-22 04:05:25.031 [INF] Database: Batch processing completed: 757/1007 items
2025-11-22 04:05:29.425 [FTL] MessageQueue: Application startup failed: Timeout exceeded
2025-11-22 04:05:31.234 [DBG] Config: Parsed configuration: {"timeout": 30, "retries": 3}
2025-11-22 04:05:33.914 [INF] HttpServer: Message consumed from notifications in 107ms
2025-11-22 04:05:34.385 [INF] FileProcessor: Cache hit for key cache:session:64dda7c2
2025-11-22 04:05:36.292 [INF] Cache: Cache hit for key cache:config:37278bca
2025-11-22 04:05:37.824 [DBG] MessageQueue: Processing request ef1b7a55
2025-11-22 04:05:40.309 [INF] ApiGateway: Cache hit for key cache:config:1fc3071a
2025-11-22 04:05:42.383 [DBG] Auth: Cache lookup for key cache:config:11c8b26f
2025-11-22 04:05:42.437 [INF] Database: GET /api/v1/products?page=37 completed in 2662ms
2025-11-22 04:05:44.642 [DBG] Auth: Processing request 28286db3
2025-11-22 04:05:47.877 [INF] Cache: Request cf9f58c8 completed in 137ms
2025-11-22 04:05:51.712 [INF] HttpServer: Message consumed from events in 1026ms
2025-11-22 04:05:54.062 [INF] MessageQueue: Request 4c5541d1 completed in 14ms
2025-11-22 04:05:55.095 [INF] Metrics: Cache hit for key cache:config:2fd6cf19
2025-11-22 04:05:56.894 [ERR] FileProcessor: Failed to process request ebc5e345: Resource not found
2025-11-22 04:05:59.330 [INF] Auth: Configuration reloaded
2025-11-22 04:05:59.796 [INF] Metrics: GET /api/v1/users/user_4501 completed in 577ms
2025-11-22 04:06:02.201 [INF] MessageQueue: Cache hit for key cache:user:d7c16371
2025-11-22 04:06:06.031 [DBG] FileProcessor: Parsed configuration: {"timeout": 30, "retries": 3}
2025-11-22 04:06:08.036 [DBG] Database: Processing request 1aa78e37
2025-11-22 04:06:09.570 [ERR] Scheduler: Unhandled exception in Database: Connection refused
2025-11-22 04:06:10.613 [DBG] Metrics: Processing request 9cd60afa
2025-11-22 04:06:11.134 [INF] Database: POST /api/v1/orders completed in 147ms
2025-11-22 04:06:15.024 [INF] Scheduler: Outbound HTTP call to PaymentService completed in 11ms
2025-11-22 04:06:19.271 [WRN] MessageQueue: Connection pool exhausted, waiting for available connection
2025-11-22 04:06:24.236 [INF] Scheduler: Database query executed in 2328ms
2025-11-22 04:06:24.875 [WRN] Cache: Retry attempt 3 for operation ProcessPayment
2025-11-22 04:06:28.832 [DBG] Metrics: Processing request cdc60976
2025-11-22 04:06:32.510 [DBG] Config: Processing request 0ddd763e
2025-11-22 04:06:34.196 [WRN] ApiGateway: Memory usage at 92%
2025-11-22 04:06:36.095 [INF] Metrics: DELETE /api/v1/sessions/10e2fab6 completed in 120ms
2025-11-22 04:06:39.741 [INF] Cache: PUT /api/v1/users/user_3858/profile completed in 4115ms
2025-11-22 04:06:40.913 [TRC] Scheduler: Entering method Transform with parameters {id: 123, type: "full"}
2025-11-22 04:06:43.949 [INF] Database: Scheduled job DataSync started
2025-11-22 04:06:45.972 [DBG] Scheduler: Connection pool status: 8/20 active
2025-11-22 04:06:48.214 [DBG] Metrics: Connection pool status: 14/20 active
2025-11-22 04:06:52.198 [ERR] Auth: Invalid message format: Unexpected field "foo" at position 42
2025-11-22 04:06:56.055 [INF] Metrics: Message published to tasks
2025-11-22 04:06:58.605 [INF] Config: File data_fd223173.csv processed, 8682 records
2025-11-22 04:07:00.616 [DBG] Cache: Parsed configuration: {"timeout": 30, "retries": 3}
2025-11-22 04:07:02.204 [INF] Cache: Message published to tasks
2025-11-22 04:07:04.604 [INF] ApiGateway: Outbound HTTP call to NotificationService completed in 1513ms
2025-11-22 04:07:05.381 [DBG] Cache: Cache lookup for key cache:config:553d9e79
2025-11-22 04:07:08.955 [FTL] Metrics: Application startup failed: Resource not found
2025-11-22 04:07:09.203 [WRN] Database: Certificate expires in 13 days
2025-11-22 04:07:10.523 [INF] Metrics: Batch processing completed: 229/1081 items
2025-11-22 04:07:13.456 [INF] Database: GET /api/v1/users/user_2519 completed in 103ms
2025-11-22 04:07:15.364 [INF] HttpServer: GET /api/v1/products?page=6 completed in 42ms
2025-11-22 04:07:16.942 [WRN] ApiGateway: Retry attempt 1 for operation SendEmail
2025-11-22 04:07:17.387 [INF] Auth: Configuration reloaded
2025-11-22 04:07:19.335 [DBG] Metrics: Cache lookup for key cache:config:1d583cba
2025-11-22 04:07:21.853 [WRN] Database: Slow query detected: 863ms for SELECT * FROM users WHERE...
2025-11-22 04:07:23.110 [DBG] Metrics: Processing request 74aaed6d
2025-11-22 04:07:27.200 [TRC] Auth: Loop iteration 69 of 1005
2025-11-22 04:07:29.723 [INF] Auth: Message published to orders
2025-11-22 04:07:32.893 [ERR] HttpServer: Failed to process request 1976e69d: Permission denied
2025-11-22 04:07:35.431 [WRN] MessageQueue: Certificate expires in 24 days
2025-11-22 04:07:40.134 [DBG] ApiGateway: Parsed configuration: {"timeout": 30, "retries": 3}
2025-11-22 04:07:42.388 [INF] Cache: Message consumed from tasks in 130ms
2025-11-22 04:07:45.521 [WRN] Config: Slow query detected: 45ms for SELECT * FROM users WHERE...
2025-11-22 04:07:48.803 [DBG] HttpServer: Parsed configuration: {"timeout": 30, "retries": 3}
2025-11-22 04:07:49.026 [INF] HttpServer: Message published to notifications
2025-11-22 04:07:52.356 [INF] Database: Scheduled job DataSync completed in 3842ms
2025-11-22 04:07:54.935 [DBG] FileProcessor: Query execution plan generated
2025-11-22 04:07:56.223 [DBG] Cache: Connection pool status: 11/20 active
2025-11-22 04:07:59.928 [INF] HttpServer: Database query executed in 171ms
2025-11-22 04:08:03.232 [DBG] Metrics: Parsed configuration: {"timeout": 30, "retries": 3}
2025-11-22 04:08:03.954 [INF] Auth: Outbound HTTP call to PaymentService completed in 898ms
2025-11-22 04:08:06.956 [ERR] MessageQueue: Invalid message format: Unexpected field "foo" at position 42
2025-11-22 04:08:11.361 [DBG] ApiGateway: Processing request 53528e9a
2025-11-22 04:08:14.502 [DBG] HttpServer: Query execution plan generated
2025-11-22 04:08:17.264 [INF] Metrics: GET /api/v1/products?page=83 completed in 40ms
2025-11-22 04:08:18.376 [INF] MessageQueue: Batch processing completed: 960/1000 items
2025-11-22 04:08:21.511 [INF] Database: Scheduled job DataSync completed in 1831ms
2025-11-22 04:08:23.160 [INF] MessageQueue: Scheduled job DataSync started
2025-11-22 04:08:27.023 [INF] Metrics: Scheduled job ReportGenerator completed in 41ms
2025-11-22 04:08:28.988 [INF] Auth: Connected to database postgres://db:5432/app
2025-11-22 04:08:32.605 [DBG] HttpServer: Parsed configuration: {"timeout": 30, "retries": 3}
2025-11-22 04:08:34.461 [WRN] ApiGateway: Rate limit approaching for client client_64f12a9d
2025-11-22 04:08:36.692 [INF] Config: PUT /api/v1/users/user_7006/profile completed in 4ms
2025-11-22 04:08:38.676 [DBG] Config: Processing request baceac06
2025-11-22 04:08:39.653 [INF] FileProcessor: GET /api/v1/users/user_8311 completed in 312ms
2025-11-22 04:08:42.128 [INF] HttpServer: Request ff9e93fc completed in 97ms
2025-11-22 04:08:44.029 [INF] Metrics: Outbound HTTP call to UserService completed in 818ms
2025-11-22 04:08:45.777 [DBG] Scheduler: Parsed configuration: {"timeout": 30, "retries": 3}
2025-11-22 04:08:46.226 [WRN] Auth: Slow query detected: 21ms for SELECT * FROM users WHERE...
2025-11-22 04:08:46.810 [DBG] Config: Connection pool status: 18/20 active
2025-11-22 04:08:51.222 [DBG] Cache: Query execution plan generated
2025-11-22 04:08:52.722 [INF] HttpServer: Scheduled job DataSync completed in 2575ms
2025-11-22 04:08:57.231 [DBG] Auth: Connection pool status: 15/20 active
2025-11-22 04:08:57.776 [INF] Metrics: Cache hit for key cache:user:a4bbadcc
2025-11-22 04:09:00.469 [INF] Scheduler: Message published to tasks
2025-11-22 04:09:02.845 [INF] Database: Scheduled job CleanupJob completed in 1297ms
2025-11-22 04:09:06.841 [INF] MessageQueue: GET /api/v1/users/user_2469 completed in 4037ms
2025-11-22 04:09:08.047 [INF] ApiGateway: PUT /api/v1/users/user_6038/profile completed in 4407ms
2025-11-22 04:09:12.686 [DBG] Cache: Parsed configuration: {"timeout": 30, "retries": 3}
2025-11-22 04:09:16.509 [INF] Cache: Connected to database mysql://db:3306/app
2025-11-22 04:09:21.451 [DBG] Scheduler: Parsed configuration: {"timeout": 30, "retries": 3}
2025-11-22 04:09:23.459 [INF] Cache: GET /api/v1/products?page=12 completed in 159ms
2025-11-22 04:09:24.177 [INF] Config: Configuration reloaded
2025-11-22 04:09:26.599 [INF] Config: Outbound HTTP call to NotificationService completed in 152ms
2025-11-22 04:09:28.833 [INF] Database: Connected to database mysql://db:3306/app
2025-11-22 04:09:32.981 [DBG] FileProcessor: Query execution plan generated
2025-11-22 04:09:34.522 [INF] ApiGateway: Database query executed in 597ms
2025-11-22 04:09:36.253 [DBG] FileProcessor: Parsed configuration: {"timeout": 30, "retries": 3}
2025-11-22 04:09:37.968 [INF] MessageQueue: Batch processing completed: 872/1029 items
2025-11-22 04:09:38.821 [INF] HttpServer: PUT /api/v1/users/user_9942/profile completed in 62ms
2025-11-22 04:09:39.059 [TRC] Config: Entering method ValidateInput with parameters {id: 123, type: "full"}
2025-11-22 04:09:44.045 [INF] Auth: GET /api/v1/users/user_2661 completed in 23ms
2025-11-22 04:09:47.011 [DBG] Scheduler: Cache lookup for key cache:user:b73ca612
2025-11-22 04:09:50.904 [WRN] Database: Certificate expires in 13 days
2025-11-22 04:09:54.480 [TRC] FileProcessor: Loop iteration 2 of 1064
2025-11-22 04:09:58.502 [ERR] FileProcessor: Authentication failed for user user_2787
2025-11-22 04:10:03.222 [WRN] FileProcessor: Slow query detected: 2860ms for SELECT * FROM users WHERE...
2025-11-22 04:10:05.239 [DBG] Database: Processing request d3281ed5
2025-11-22 04:10:06.938 [WRN] Config: Certificate expires in 20 days
2025-11-22 04:10:09.712 [WRN] MessageQueue: Certificate expires in 5 days
2025-11-22 04:10:10.574 [INF] Database: PUT /api/v1/users/user_3725/profile completed in 3163ms
2025-11-22 04:10:13.690 [INF] MessageQueue: Database query executed in 184ms
2025-11-22 04:10:18.312 [INF] MessageQueue: User user_8865 authenticated successfully
2025-11-22 04:10:20.688 [WRN] MessageQueue: Slow query detected: 3545ms for SELECT * FROM users WHERE...
2025-11-22 04:10:24.179 [WRN] Scheduler: Retry attempt 5 for operation ProcessPayment
2025-11-22 04:10:28.257 [DBG] Config: Connection pool status: 16/20 active
2025-11-22 04:10:28.477 [INF] FileProcessor: Scheduled job BackupJob started
2025-11-22 04:10:29.278 [INF] Metrics: Scheduled job CleanupJob started
2025-11-22 04:10:30.641 [INF] Cache: Connected to database postgres://db:5432/app
2025-11-22 04:10:30.690 [DBG] Metrics: Query execution plan generated
2025-11-22 04:10:33.355 [INF] ApiGateway: Scheduled job CleanupJob completed in 326ms
2025-11-22 04:10:36.245 [WRN] Database: Retry attempt 3 for operation SendEmail
2025-11-22 04:10:39.601 [INF] Scheduler: Configuration reloaded
2025-11-22 04:10:42.989 [DBG] HttpServer: Cache lookup for key cache:config:0ce81ba8
2025-11-22 04:10:45.014 [INF] ApiGateway: GET /api/v1/products?page=43 completed in 86ms
2025-11-22 04:10:49.174 [INF] FileProcessor: DELETE /api/v1/sessions/fb1f72d5 completed in 28ms
2025-11-22 04:10:54.041 [INF] Scheduler: Service started on port 5000
2025-11-22 04:10:54.804 [INF] Database: GET /api/v1/products?page=95 completed in 42ms
2025-11-22 04:10:58.995 [DBG] FileProcessor: Processing request 222a2f1b
2025-11-22 04:11:01.017 [INF] ApiGateway: Batch processing completed: 828/1097 items
2025-11-22 04:11:03.739 [WRN] Database: Connection pool exhausted, waiting for available connection
2025-11-22 04:11:05.467 [INF] Cache: Message published to events
2025-11-22 04:11:08.515 [WRN] FileProcessor: Memory usage at 90%
2025-11-22 04:11:12.372 [DBG] Config: Processing request a1716e05
2025-11-22 04:11:17.156 [INF] Database: GET /api/v1/products?page=45 completed in 147ms
2025-11-22 04:11:18.523 [INF] ApiGateway: Configuration reloaded
2025-11-22 04:11:21.010 [INF] Auth: Connected to database mysql://db:3306/app
2025-11-22 04:11:21.554 [INF] Metrics: Scheduled job BackupJob started
2025-11-22 04:11:25.122 [INF] MessageQueue: Service started on port 8080
2025-11-22 04:11:27.245 [ERR] HttpServer: Timeout waiting for response from NotificationService
2025-11-22 04:11:30.625 [INF] Auth: Cache hit for key cache:config:16a79507
2025-11-22 04:11:33.869 [INF] Database: Service started on port 9000
2025-11-22 04:11:35.742 [DBG] Database: Processing request 5b1a7885
2025-11-22 04:11:38.035 [INF] Cache: DELETE /api/v1/sessions/3216c067 completed in 3300ms
2025-11-22 04:11:39.795 [INF] Database: PUT /api/v1/users/user_3847/profile completed in 164ms
2025-11-22 04:11:39.958 [INF] MessageQueue: Outbound HTTP call to NotificationService completed in 113ms
2025-11-22 04:11:41.994 [INF] Database: Message published to notifications
2025-11-22 04:11:45.756 [INF] Auth: Batch processing completed: 644/1079 items
2025-11-22 04:11:49.840 [INF] Cache: Service started on port 9000
2025-11-22 04:11:52.640 [DBG] Cache: Parsed configuration: {"timeout": 30, "retries": 3}
2025-11-22 04:11:57.229 [WRN] Config: Slow query detected: 31ms for SELECT * FROM users WHERE...
2025-11-22 04:12:01.826 [INF] Database: Request e20f36d5 completed in 481ms
2025-11-22 04:12:03.730 [INF] Config: PUT /api/v1/users/user_1806/profile completed in 2207ms
2025-11-22 04:12:03.774 [INF] Scheduler: Message consumed from tasks in 734ms
2025-11-22 04:12:08.449 [DBG] Scheduler: Connection pool status: 3/20 active
2025-11-22 04:12:09.904 [ERR] Auth: Authentication failed for user user_4778
2025-11-22 04:12:11.918 [INF] MessageQueue: User user_6363 authenticated successfully
2025-11-22 04:12:13.172 [INF] HttpServer: Health check passed
2025-11-22 04:12:15.362 [DBG] Auth: Connection pool status: 7/20 active
2025-11-22 04:12:20.341 [DBG] Database: Query execution plan generated
2025-11-22 04:12:22.038 [WRN] Database: Deprecated API endpoint called: /api/v1/orders
2025-11-22 04:12:22.378 [INF] HttpServer: Configuration reloaded
2025-11-22 04:12:25.963 [INF] ApiGateway: Health check passed
2025-11-22 04:12:26.916 [INF] MessageQueue: GET /api/v1/products?page=49 completed in 433ms
2025-11-22 04:12:31.836 [INF] Auth: Message published to orders
2025-11-22 04:12:36.515 [INF] Config: Scheduled job ReportGenerator started
2025-11-22 04:12:39.455 [DBG] MessageQueue: Query execution plan generated
2025-11-22 04:12:40.117 [INF] Database: GET /api/v1/users/user_4160 completed in 593ms
2025-11-22 04:12:41.996 [DBG] Cache: Parsed configuration: {"timeout": 30, "retries": 3}
2025-11-22 04:12:44.798 [INF] FileProcessor: Database query executed in 4137ms
2025-11-22 04:12:47.573 [INF] Cache: POST /api/v1/orders completed in 785ms
2025-11-22 04:12:51.844 [WRN] FileProcessor: Memory usage at 88%
2025-11-22 04:12:52.808 [INF] FileProcessor: Message consumed from orders in 1957ms
2025-11-22 04:12:57.319 [DBG] Metrics: Parsed configuration: {"timeout": 30, "retries": 3}
2025-11-22 04:13:01.455 [DBG] Auth: Processing request 812c9c45
2025-11-22 04:13:01.885 [ERR] Cache: Failed to process request 26b42503: Permission denied
2025-11-22 04:13:02.717 [INF] Auth: POST /api/v1/orders completed in 4383ms
2025-11-22 04:13:03.520 [INF] Cache: DELETE /api/v1/sessions/4caf6572 completed in 13ms
2025-11-22 04:13:04.118 [DBG] MessageQueue: Cache lookup for key cache:user:7860d9a6
2025-11-22 04:13:08.685 [INF] ApiGateway: User user_6440 authenticated successfully
2025-11-22 04:13:12.812 [INF] Cache: Cache hit for key cache:user:cd409f83
2025-11-22 04:13:17.683 [DBG] HttpServer: Processing request 7b616519
2025-11-22 04:13:20.029 [INF] HttpServer: Message published to orders
2025-11-22 04:13:20.089 [INF] Config: Message consumed from orders in 748ms
2025-11-22 04:13:21.956 [DBG] ApiGateway: Cache lookup for key cache:user:33952baa
2025-11-22 04:13:22.798 [DBG] MessageQueue: Cache lookup for key cache:config:03922752
2025-11-22 04:13:25.485 [ERR] Database: Timeout waiting for response from NotificationService
2025-11-22 04:13:27.701 [WRN] Metrics: Memory usage at 94%
2025-11-22 04:13:30.869 [INF] FileProcessor: GET /api/v1/users/user_2417 completed in 74ms
2025-11-22 04:13:35.798 [DBG] Cache: Processing request b3d9ed6b
2025-11-22 04:13:40.735 [WRN] Config: Deprecated API endpoint called: /api/v1/orders
2025-11-22 04:13:43.182 [INF] MessageQueue: GET /api/v1/products?page=22 completed in 43ms
2025-11-22 04:13:45.355 [INF] HttpServer: File export_4f2a9f66.csv processed, 3052 records
2025-11-22 04:13:50.328 [WRN] ApiGateway: Connection pool exhausted, waiting for available connection
2025-11-22 04:13:54.918 [INF] Config: Request ba0292b1 completed in 110ms
2025-11-22 04:13:56.669 [DBG] Cache: Processing request 2b2e18d4
2025-11-22 04:13:57.091 [INF] ApiGateway: Connected to database mysql://db:3306/app
2025-11-22 04:13:57.668 [INF] ApiGateway: Scheduled job BackupJob completed in 4ms
2025-11-22 04:13:59.155 [INF] Metrics: Cache hit for key cache:config:82112ace
2025-11-22 04:14:02.490 [ERR] Cache: Timeout waiting for response from PaymentService
2025-11-22 04:14:02.814 [INF] Config: Health check passed
2025-11-22 04:14:07.167 [INF] Auth: User user_6234 authenticated successfully
2025-11-22 04:14:08.752 [INF] Scheduler: GET /api/v1/users/user_2276 completed in 3864ms
2025-11-22 04:14:12.164 [DBG] Database: Processing request e5554fd1
2025-11-22 04:14:15.630 [INF] FileProcessor: GET /api/v1/products?page=41 completed in 84ms
2025-11-22 04:14:16.236 [INF] MessageQueue: PUT /api/v1/users/user_1365/profile completed in 2712ms
2025-11-22 04:14:19.265 [DBG] Database: Parsed configuration: {"timeout": 30, "retries": 3}
2025-11-22 04:14:23.292 [DBG] MessageQueue: Cache lookup for key cache:config:1d5cc62d
2025-11-22 04:14:28.050 [INF] Metrics: PUT /api/v1/users/user_9618/profile completed in 952ms
2025-11-22 04:14:31.189 [INF] Metrics: User user_1905 authenticated successfully
2025-11-22 04:14:31.687 [INF] Scheduler: User user_1242 authenticated successfully
2025-11-22 04:14:33.616 [INF] HttpServer: DELETE /api/v1/sessions/591ca16b completed in 154ms
2025-11-22 04:14:37.582 [TRC] Config: Loop iteration 2 of 1064
2025-11-22 04:14:40.277 [INF] Config: Outbound HTTP call to UserService completed in 365ms
2025-11-22 04:14:41.539 [ERR] Config: File not found: report_f934c48b.csv
2025-11-22 04:14:44.229 [DBG] Metrics: Parsed configuration: {"timeout": 30, "retries": 3}
2025-11-22 04:14:48.896 [INF] MessageQueue: GET /api/v1/products?page=15 completed in 132ms
2025-11-22 04:14:53.626 [INF] FileProcessor: Health check passed
2025-11-22 04:14:57.096 [INF] ApiGateway: Request 55e0d729 completed in 840ms
2025-11-22 04:14:58.884 [DBG] HttpServer: Parsed configuration: {"timeout": 30, "retries": 3}
2025-11-22 04:15:01.653 [INF] MessageQueue: Scheduled job CleanupJob completed in 125ms
2025-11-22 04:15:03.518 [INF] MessageQueue: Connected to database mysql://db:3306/app
2025-11-22 04:15:04.567 [DBG] HttpServer: Query execution plan generated
2025-11-22 04:15:09.510 [INF] HttpServer: GET /api/v1/users/user_3513 completed in 41ms
2025-11-22 04:15:11.349 [WRN] FileProcessor: Retry attempt 5 for operation ProcessPayment
2025-11-22 04:15:11.391 [INF] HttpServer: Health check passed
2025-11-22 04:15:13.027 [TRC] Database: Loop iteration 33 of 1099
2025-11-22 04:15:14.945 [DBG] HttpServer: Processing request ddf6517d
2025-11-22 04:15:16.254 [INF] ApiGateway: DELETE /api/v1/sessions/1bdf7ae0 completed in 106ms
2025-11-22 04:15:18.072 [DBG] MessageQueue: Cache lookup for key cache:user:2355b9d0
2025-11-22 04:15:19.156 [DBG] Auth: Query execution plan generated
2025-11-22 04:15:22.599 [INF] FileProcessor: Request 13603501 completed in 43ms
2025-11-22 04:15:24.860 [INF] Auth: GET /api/v1/products?page=15 completed in 3455ms
2025-11-22 04:15:27.957 [WRN] MessageQueue: Memory usage at 84%
2025-11-22 04:15:30.902 [INF] Cache: DELETE /api/v1/sessions/21b5a31c completed in 26ms
2025-11-22 04:15:30.940 [INF] Scheduler: Outbound HTTP call to UserService completed in 2265ms
2025-11-22 04:15:32.756 [INF] Database: Connected to database postgres://db:5432/app
2025-11-22 04:15:33.448 [INF] Config: Outbound HTTP call to UserService completed in 54ms
2025-11-22 04:15:36.686 [INF] MessageQueue: Health check passed
2025-11-22 04:15:40.852 [INF] Config: Message consumed from tasks in 78ms
2025-11-22 04:15:43.843 [INF] Database: Scheduled job DataSync started
2025-11-22 04:15:47.665 [DBG] Scheduler: Connection pool status: 3/20 active
2025-11-22 04:15:47.892 [INF] Metrics: PUT /api/v1/users/user_5205/profile completed in 138ms
2025-11-22 04:15:48.661 [INF] Scheduler: Health check passed
2025-11-22 04:15:49.975 [INF] ApiGateway: GET /api/v1/products?page=54 completed in 579ms
2025-11-22 04:15:50.641 [INF] FileProcessor: Cache hit for key cache:user:6f2be2ab
2025-11-22 04:15:50.832 [DBG] Config: Parsed configuration: {"timeout": 30, "retries": 3}
2025-11-22 04:15:53.918 [ERR] Cache: Unhandled exception in ApiGateway: Timeout exceeded
2025-11-22 04:15:54.850 [DBG] Scheduler: Query execution plan generated
2025-11-22 04:15:58.486 [DBG] FileProcessor: Query execution plan generated
2025-11-22 04:16:01.504 [DBG] FileProcessor: Query execution plan generated
2025-11-22 04:16:05.217 [DBG] Auth: Cache lookup for key cache:user:89871499
2025-11-22 04:16:07.785 [INF] MessageQueue: GET /api/v1/users/user_6880 completed in 3593ms
2025-11-22 04:16:09.095 [DBG] Metrics: Query execution plan generated
2025-11-22 04:16:12.336 [DBG] Scheduler: Processing request 8bbd6297
2025-11-22 04:16:16.527 [DBG] MessageQueue: Connection pool status: 3/20 active
2025-11-22 04:16:19.889 [WRN] Database: Rate limit approaching for client client_6d545efc
2025-11-22 04:16:21.980 [INF] MessageQueue: Service started on port 8080
2025-11-22 04:16:25.367 [INF] Database: Request 6d2cd457 completed in 1479ms
2025-11-22 04:16:29.468 [INF] Cache: Scheduled job ReportGenerator started
2025-11-22 04:16:30.142 [INF] ApiGateway: Batch processing completed: 660/1029 items
2025-11-22 04:16:31.711 [DBG] Scheduler: Connection pool status: 11/20 active
2025-11-22 04:16:32.990 [INF] Metrics: Outbound HTTP call to PaymentService completed in 1041ms
2025-11-22 04:16:35.869 [INF] MessageQueue: Request 10189e4b completed in 3ms
2025-11-22 04:16:39.942 [INF] Config: Message published to orders
2025-11-22 04:16:44.424 [ERR] Cache: Failed to process request 708a7cae: Timeout exceeded
2025-11-22 04:16:46.849 [INF] Auth: File export_4c91e759.csv processed, 6634 records
2025-11-22 04:16:49.878 [INF] Auth: File import_7b076211.csv processed, 2166 records
2025-11-22 04:16:53.478 [INF] ApiGateway: Message consumed from events in 618ms
2025-11-22 04:16:57.149 [INF] Config: Configuration reloaded
2025-11-22 04:16:57.634 [DBG] Database: Query execution plan generated
2025-11-22 04:17:00.321 [DBG] Auth: Connection pool status: 4/20 active
2025-11-22 04:17:04.252 [INF] Auth: Configuration reloaded
2025-11-22 04:17:08.337 [INF] FileProcessor: Service started on port 443
2025-11-22 04:17:11.285 [INF] Scheduler: Message consumed from tasks in 27ms
2025-11-22 04:17:15.136 [DBG] Config: Cache lookup for key cache:user:700b1182
2025-11-22 04:17:18.026 [INF] MessageQueue: Message published to orders
2025-11-22 04:17:22.732 [INF] Database: Scheduled job CleanupJob completed in 1507ms
2025-11-22 04:17:25.681 [WRN] HttpServer: Retry attempt 2 for operation SendEmail
2025-11-22 04:17:29.121 [DBG] Cache: Parsed configuration: {"timeout": 30, "retries": 3}
2025-11-22 04:17:33.910 [INF] HttpServer: GET /api/v1/products?page=62 completed in 1746ms
2025-11-22 04:17:34.830 [WRN] Config: Rate limit approaching for client client_e9ce5e5d
2025-11-22 04:17:35.541 [INF] Scheduler: GET /api/v1/products?page=4 completed in 50ms
2025-11-22 04:17:37.604 [INF] Scheduler: Scheduled job CleanupJob completed in 643ms
2025-11-22 04:17:38.426 [INF] Auth: Service started on port 9000
2025-11-22 04:17:41.812 [INF] HttpServer: GET /api/v1/users/user_9357 completed in 111ms
2025-11-22 04:17:45.234 [INF] Config: Batch processing completed: 494/1063 items
2025-11-22 04:17:46.340 [INF] Cache: POST /api/v1/orders completed in 2598ms
2025-11-22 04:17:50.754 [INF] Metrics: Batch processing completed: 269/1012 items
2025-11-22 04:17:51.619 [INF] Config: Connected to database mysql://db:3306/app
2025-11-22 04:17:53.149 [INF] Database: Database query executed in 46ms
2025-11-22 04:17:58.029 [WRN] Cache: Connection pool exhausted, waiting for available connection
2025-11-22 04:18:00.077 [INF] FileProcessor: Message consumed from orders in 11ms
2025-11-22 04:18:00.387 [INF] Metrics: Scheduled job CleanupJob completed in 3171ms
2025-11-22 04:18:04.643 [INF] Database: Batch processing completed: 720/1073 items
2025-11-22 04:18:07.505 [INF] Scheduler: Configuration reloaded
2025-11-22 04:18:08.563 [DBG] MessageQueue: Query execution plan generated
2025-11-22 04:18:13.368 [DBG] HttpServer: Connection pool status: 11/20 active
2025-11-22 04:18:16.758 [INF] Cache: Connected to database postgres://db:5432/app
2025-11-22 04:18:18.554 [INF] Metrics: File export_38bc1b83.csv processed, 8516 records
2025-11-22 04:18:19.907 [INF] FileProcessor: Connected to database mysql://db:3306/app
2025-11-22 04:18:20.186 [INF] Metrics: Batch processing completed: 102/1071 items
2025-11-22 04:18:21.846 [DBG] ApiGateway: Cache lookup for key cache:config:7fedbdd9
2025-11-22 04:18:23.084 [INF] HttpServer: Scheduled job DataSync completed in 1097ms
2025-11-22 04:18:23.288 [TRC] FileProcessor: Loop iteration 70 of 1026
2025-11-22 04:18:25.541 [INF] ApiGateway: Configuration reloaded
2025-11-22 04:18:29.343 [DBG] Database: Connection pool status: 4/20 active
2025-11-22 04:18:32.492 [DBG] Config: Connection pool status: 3/20 active
2025-11-22 04:18:34.092 [DBG] ApiGateway: Connection pool status: 6/20 active
2025-11-22 04:18:34.708 [INF] Config: PUT /api/v1/users/user_4671/profile completed in 928ms
2025-11-22 04:18:36.936 [INF] Metrics: Health check passed
2025-11-22 04:18:40.213 [DBG] Database: Query execution plan generated
2025-11-22 04:18:44.381 [ERR] Config: Database connection failed: Permission denied
2025-11-22 04:18:49.244 [WRN] HttpServer: Rate limit approaching for client client_0f75dd3a
2025-11-22 04:18:50.671 [INF] Scheduler: Outbound HTTP call to UserService completed in 456ms
2025-11-22 04:18:54.125 [INF] Scheduler: Batch processing completed: 326/1081 items
2025-11-22 04:18:57.199 [WRN] Scheduler: Slow query detected: 4936ms for SELECT * FROM users WHERE...
2025-11-22 04:19:01.801 [INF] Config: Cache hit for key cache:user:601575c1
2025-11-22 04:19:05.852 [INF] ApiGateway: File export_af0dc897.csv processed, 3769 records
2025-11-22 04:19:06.399 [INF] Database: GET /api/v1/users/user_3066 completed in 3704ms
2025-11-22 04:19:08.471 [DBG] MessageQueue: Cache lookup for key cache:session:c3595129
2025-11-22 04:19:10.854 [INF] Auth: Batch processing completed: 865/1035 items
2025-11-22 04:19:14.485 [INF] MessageQueue: Health check passed
2025-11-22 04:19:16.602 [WRN] MessageQueue: Retry attempt 2 for operation SyncData
2025-11-22 04:19:20.329 [INF] Cache: PUT /api/v1/users/user_8336/profile completed in 37ms
2025-11-22 04:19:20.438 [WRN] ApiGateway: Certificate expires in 24 days
2025-11-22 04:19:21.799 [INF] ApiGateway: File data_a28794c2.csv processed, 4969 records
2025-11-22 04:19:22.559 [DBG] Cache: Cache lookup for key cache:config:46a13860
2025-11-22 04:19:22.827 [INF] Cache: Cache hit for key cache:user:3e63e571
2025-11-22 04:19:24.658 [DBG] Cache: Processing request 2eeeb048
2025-11-22 04:19:27.802 [WRN] Scheduler: Rate limit approaching for client client_4a34d2ca
2025-11-22 04:19:32.706 [INF] Metrics: Scheduled job CleanupJob started
2025-11-22 04:19:34.019 [INF] Auth: Scheduled job DataSync started
2025-11-22 04:19:34.356 [ERR] Metrics: Failed to process request dc5eae77: Connection refused
2025-11-22 04:19:34.389 [DBG] Scheduler: Parsed configuration: {"timeout": 30, "retries": 3}
2025-11-22 04:19:37.695 [INF] Database: Batch processing completed: 824/1046 items
2025-11-22 04:19:40.687 [INF] FileProcessor: Configuration reloaded
2025-11-22 04:19:42.381 [INF] FileProcessor: Scheduled job CleanupJob completed in 47ms
2025-11-22 04:19:47.368 [INF] Database: Message consumed from notifications in 180ms
2025-11-22 04:19:52.019 [INF] Scheduler: PUT /api/v1/users/user_8838/profile completed in 115ms
2025-11-22 04:19:53.596 [WRN] Auth: Retry attempt 4 for operation SyncData
2025-11-22 04:19:55.970 [INF] ApiGateway: Cache hit for key cache:user:42377830
2025-11-22 04:19:56.623 [INF] Scheduler: PUT /api/v1/users/user_9999/profile completed in 166ms
2025-11-22 04:19:59.115 [INF] Cache: Request 8ec5d7d6 completed in 1846ms
2025-11-22 04:20:02.198 [DBG] ApiGateway: Parsed configuration: {"timeout": 30, "retries": 3}
2025-11-22 04:20:02.656 [INF] Cache: Batch processing completed: 665/1081 items
2025-11-22 04:20:03.270 [DBG] FileProcessor: Query execution plan generated
2025-11-22 04:20:07.106 [DBG] Scheduler: Cache lookup for key cache:session:8e727a65
2025-11-22 04:20:08.196 [INF] Config: GET /api/v1/users/user_3651 completed in 58ms
2025-11-22 04:20:10.331 [INF] Database: Database query executed in 987ms
2025-11-22 04:20:10.882 [INF] FileProcessor: Connected to database postgres://db:5432/app
2025-11-22 04:20:12.972 [INF] Config: Scheduled job CleanupJob completed in 109ms
2025-11-22 04:20:13.134 [INF] Scheduler: Batch processing completed: 189/1041 items
2025-11-22 04:20:16.627 [WRN] ApiGateway: Certificate expires in 27 days
2025-11-22 04:20:20.038 [INF] Scheduler: Batch processing completed: 675/1018 items
2025-11-22 04:20:24.179 [DBG] Metrics: Processing request d5a76dde
2025-11-22 04:20:25.524 [INF] Cache: PUT /api/v1/users/user_8772/profile completed in 4587ms
2025-11-22 04:20:29.945 [WRN] Cache: Retry attempt 3 for operation ProcessPayment
2025-11-22 04:20:32.433 [INF] Scheduler: GET /api/v1/products?page=53 completed in 80ms
2025-11-22 04:20:37.051 [DBG] FileProcessor: Parsed configuration: {"timeout": 30, "retries": 3}
2025-11-22 04:20:39.851 [INF] ApiGateway: Database query executed in 3591ms
2025-11-22 04:20:40.237 [INF] FileProcessor: Request e54b30a3 completed in 4716ms
2025-11-22 04:20:44.501 [DBG] Database: Processing request bb8090fb
2025-11-22 04:20:44.592 [INF] Cache: Scheduled job CleanupJob completed in 87ms
2025-11-22 04:20:48.709 [INF] MessageQueue: Health check passed
2025-11-22 04:20:53.033 [WRN] Cache: Rate limit approaching for client client_e0e66620
2025-11-22 04:20:53.152 [INF] Auth: Request cc1bf213 completed in 396ms
2025-11-22 04:20:57.773 [INF] Metrics: PUT /api/v1/users/user_7170/profile completed in 556ms
2025-11-22 04:20:59.251 [INF] Metrics: Database query executed in 3894ms
2025-11-22 04:21:02.727 [INF] FileProcessor: Message published to tasks
2025-11-22 04:21:06.930 [DBG] HttpServer: Connection pool status: 10/20 active
2025-11-22 04:21:10.248 [INF] Metrics: Service started on port 9000
2025-11-22 04:21:10.842 [INF] ApiGateway: Health check passed
2025-11-22 04:21:12.597 [WRN] FileProcessor: Deprecated API endpoint called: /api/v1/legacy
2025-11-22 04:21:15.605 [DBG] Metrics: Cache lookup for key cache:user:39bc4733
2025-11-22 04:21:15.950 [INF] Database: Configuration reloaded
2025-11-22 04:21:17.931 [DBG] Database: Connection pool status: 6/20 active
2025-11-22 04:21:19.352 [WRN] Config: Connection pool exhausted, waiting for available connection
2025-11-22 04:21:21.497 [WRN] Scheduler: Certificate expires in 10 days
2025-11-22 04:21:24.689 [INF] Metrics: GET /api/v1/users/user_9971 completed in 15ms
2025-11-22 04:21:27.522 [DBG] MessageQueue: Parsed configuration: {"timeout": 30, "retries": 3}
2025-11-22 04:21:32.229 [INF] Scheduler: Connected to database mysql://db:3306/app
2025-11-22 04:21:33.123 [INF] Cache: POST /api/v1/orders completed in 152ms
2025-11-22 04:21:37.213 [DBG] MessageQueue: Connection pool status: 7/20 active
2025-11-22 04:21:38.113 [INF] Database: GET /api/v1/products?page=92 completed in 3858ms
2025-11-22 04:21:40.526 [DBG] ApiGateway: Cache lookup for key cache:user:ba675359
2025-11-22 04:21:42.717 [INF] Database: Outbound HTTP call to UserService completed in 50ms
2025-11-22 04:21:44.504 [WRN] Scheduler: Connection pool exhausted, waiting for available connection
2025-11-22 04:21:45.415 [INF] HttpServer: Configuration reloaded
2025-11-22 04:21:50.049 [INF] Cache: PUT /api/v1/users/user_7390/profile completed in 48ms
2025-11-22 04:21:54.288 [INF] ApiGateway: File data_13759a25.csv processed, 3716 records
2025-11-22 04:21:58.066 [INF] MessageQueue: Scheduled job CleanupJob started
2025-11-22 04:22:00.776 [INF] Scheduler: Scheduled job CleanupJob started
2025-11-22 04:22:02.969 [INF] Cache: Scheduled job ReportGenerator started
2025-11-22 04:22:05.224 [INF] HttpServer: POST /api/v1/orders completed in 149ms
2025-11-22 04:22:09.325 [TRC] Cache: Loop iteration 44 of 1026
2025-11-22 04:22:12.594 [INF] ApiGateway: Scheduled job ReportGenerator completed in 484ms
2025-11-22 04:22:14.850 [INF] Metrics: Outbound HTTP call to NotificationService completed in 46ms
2025-11-22 04:22:16.283 [INF] Database: PUT /api/v1/users/user_2567/profile completed in 189ms
2025-11-22 04:22:19.939 [WRN] MessageQueue: Rate limit approaching for client client_bb7a8a59
2025-11-22 04:22:20.739 [WRN] Scheduler: Slow query detected: 4838ms for SELECT * FROM users WHERE...
2025-11-22 04:22:22.278 [INF] HttpServer: Health check passed
2025-11-22 04:22:23.298 [DBG] Metrics: Query execution plan generated
2025-11-22 04:22:24.924 [ERR] HttpServer: Failed to process request 22649ed2: Connection refused
2025-11-22 04:22:26.954 [INF] Metrics: Scheduled job ReportGenerator started
2025-11-22 04:22:29.969 [INF] ApiGateway: Outbound HTTP call to UserService completed in 2999ms
2025-11-22 04:22:31.164 [DBG] FileProcessor: Cache lookup for key cache:config:02d11cf3
2025-11-22 04:22:32.671 [WRN] MessageQueue: Slow query detected: 192ms for SELECT * FROM users WHERE...
2025-11-22 04:22:33.301 [WRN] Metrics: Rate limit approaching for client client_58cd4df7
2025-11-22 04:22:36.469 [INF] Config: User user_6054 authenticated successfully
2025-11-22 04:22:39.459 [INF] ApiGateway: Database query executed in 33ms
2025-11-22 04:22:43.864 [ERR] Database: Authentication failed for user user_7941
2025-11-22 04:22:46.587 [INF] ApiGateway: Cache hit for key cache:config:a281666c
2025-11-22 04:22:50.202 [INF] Metrics: Batch processing completed: 618/1018 items
2025-11-22 04:22:52.165 [INF] FileProcessor: GET /api/v1/users/user_7461 completed in 11ms
2025-11-22 04:22:54.884 [FTL] Metrics: Critical resource unavailable: Redis
2025-11-22 04:22:57.207 [DBG] Scheduler: Connection pool status: 2/20 active
2025-11-22 04:22:59.098 [INF] ApiGateway: GET /api/v1/users/user_4253 completed in 728ms
2025-11-22 04:23:02.364 [INF] Metrics: File import_9baac13e.csv processed, 8310 records
2025-11-22 04:23:05.751 [INF] Auth: Cache hit for key cache:user:c1878d4e
2025-11-22 04:23:08.533 [INF] HttpServer: GET /api/v1/products?page=28 completed in 1ms
2025-11-22 04:23:12.963 [DBG] FileProcessor: Cache lookup for key cache:user:10d40215
2025-11-22 04:23:16.957 [DBG] Cache: Processing request a9b26034
2025-11-22 04:23:19.500 [DBG] Config: Processing request 34a7abeb
2025-11-22 04:23:21.421 [INF] Scheduler: Request 3afe3084 completed in 107ms
2025-11-22 04:23:23.166 [INF] FileProcessor: Scheduled job ReportGenerator completed in 2397ms
2025-11-22 04:23:26.947 [ERR] FileProcessor: Failed to process request e4c3b04b: Connection refused
2025-11-22 04:23:30.007 [DBG] Metrics: Cache lookup for key cache:config:08fd2326
2025-11-22 04:23:33.949 [INF] FileProcessor: File export_5bb8d77d.csv processed, 4776 records
2025-11-22 04:23:35.654 [INF] Database: Service started on port 443
2025-11-22 04:23:37.858 [INF] Auth: GET /api/v1/products?page=24 completed in 126ms
2025-11-22 04:23:40.118 [INF] Cache: GET /api/v1/products?page=37 completed in 137ms
2025-11-22 04:23:42.434 [INF] FileProcessor: DELETE /api/v1/sessions/56aa85ac completed in 176ms
2025-11-22 04:23:44.771 [INF] HttpServer: Outbound HTTP call to UserService completed in 150ms
2025-11-22 04:23:46.683 [DBG] HttpServer: Query execution plan generated
2025-11-22 04:23:49.856 [INF] Scheduler: Message consumed from tasks in 21ms
2025-11-22 04:23:52.994 [INF] Auth: Service started on port 443
2025-11-22 04:23:54.187 [TRC] Scheduler: Entering method ProcessOrder with parameters {id: 123, type: "full"}
2025-11-22 04:23:54.328 [INF] MessageQueue: Configuration reloaded
2025-11-22 04:23:55.341 [DBG] Config: Processing request ee546797
2025-11-22 04:23:56.344 [INF] HttpServer: Database query executed in 492ms
2025-11-22 04:23:59.293 [INF] ApiGateway: Message consumed from events in 50ms
2025-11-22 04:24:03.249 [INF] Config: PUT /api/v1/users/user_6110/profile completed in 4485ms
2025-11-22 04:24:06.662 [INF] Cache: POST /api/v1/orders completed in 730ms
2025-11-22 04:24:11.510 [WRN] HttpServer: Rate limit approaching for client client_8cf1db92
2025-11-22 04:24:12.843 [INF] Metrics: Configuration reloaded
2025-11-22 04:24:15.104 [INF] Auth: Cache hit for key cache:user:cacdc292
2025-11-22 04:24:16.381 [DBG] Config: Connection pool status: 6/20 active
2025-11-22 04:24:18.499 [DBG] Scheduler: Processing request cdbd05ae
2025-11-22 04:24:22.088 [INF] Database: Message published to orders
2025-11-22 04:24:24.372 [INF] ApiGateway: Request 8a19e0d6 completed in 131ms
2025-11-22 04:24:27.976 [TRC] Auth: Variable state: {counter: 42, flag: true}
2025-11-22 04:24:32.662 [INF] ApiGateway: Request 9fbb4b1b completed in 593ms
2025-11-22 04:24:34.733 [INF] ApiGateway: Message consumed from notifications in 40ms
2025-11-22 04:24:35.904 [INF] Database: Database query executed in 37ms
2025-11-22 04:24:40.374 [INF] Metrics: Message consumed from tasks in 37ms
2025-11-22 04:24:45.130 [DBG] HttpServer: Query execution plan generated
2025-11-22 04:24:46.202 [DBG] Metrics: Connection pool status: 3/20 active
2025-11-22 04:24:51.131 [INF] Scheduler: File import_397c6449.csv processed, 1453 records
2025-11-22 04:24:52.578 [DBG] ApiGateway: Connection pool status: 14/20 active
2025-11-22 04:24:53.857 [INF] FileProcessor: POST /api/v1/orders completed in 139ms
2025-11-22 04:24:58.546 [INF] FileProcessor: PUT /api/v1/users/user_4612/profile completed in 618ms
2025-11-22 04:24:59.174 [WRN] FileProcessor: Connection pool exhausted, waiting for available connection
2025-11-22 04:25:00.644 [DBG] ApiGateway: Connection pool status: 8/20 active
2025-11-22 04:25:03.291 [INF] MessageQueue: POST /api/v1/orders completed in 18ms
2025-11-22 04:25:05.726 [INF] Auth: Message published to events
2025-11-22 04:25:08.247 [ERR] HttpServer: Unhandled exception in MessageQueue: Timeout exceeded
2025-11-22 04:25:11.191 [DBG] Config: Processing request ffc37ebd
2025-11-22 04:25:14.878 [INF] Database: Message consumed from orders in 2110ms
2025-11-22 04:25:19.400 [INF] FileProcessor: Scheduled job CleanupJob started
2025-11-22 04:25:23.335 [DBG] Cache: Parsed configuration: {"timeout": 30, "retries": 3}
2025-11-22 04:25:26.181 [ERR] ApiGateway: Unhandled exception in Cache: Resource not found
2025-11-22 04:25:30.184 [INF] Database: POST /api/v1/orders completed in 30ms
2025-11-22 04:25:35.049 [INF] Database: Scheduled job DataSync completed in 128ms
2025-11-22 04:25:39.794 [DBG] Scheduler: Connection pool status: 3/20 active
2025-11-22 04:25:42.314 [INF] Auth: Service started on port 3000
2025-11-22 04:25:45.296 [FTL] Database: Data corruption detected in transactions
2025-11-22 04:25:45.772 [INF] MessageQueue: GET /api/v1/users/user_4201 completed in 619ms
2025-11-22 04:25:47.406 [INF] Scheduler: Connected to database mysql://db:3306/app
2025-11-22 04:25:47.664 [INF] MessageQueue: Message consumed from tasks in 593ms
2025-11-22 04:25:52.317 [DBG] Cache: Parsed configuration: {"timeout": 30, "retries": 3}
2025-11-22 04:25:52.982 [DBG] MessageQueue: Query execution plan generated
2025-11-22 04:25:55.718 [WRN] Cache: Retry attempt 1 for operation ProcessPayment
2025-11-22 04:25:58.897 [WRN] Auth: Connection pool exhausted, waiting for available connection
2025-11-22 04:25:59.554 [DBG] Database: Processing request 8ccc14a4
2025-11-22 04:25:59.795 [INF] Cache: Message consumed from events in 146ms
2025-11-22 04:26:03.858 [DBG] FileProcessor: Cache lookup for key cache:user:dd3573fc
2025-11-22 04:26:06.264 [DBG] Auth: Connection pool status: 11/20 active
2025-11-22 04:26:08.966 [WRN] Auth: Connection pool exhausted, waiting for available connection
2025-11-22 04:26:10.248 [WRN] ApiGateway: Memory usage at 84%
2025-11-22 04:26:11.525 [WRN] FileProcessor: Connection pool exhausted, waiting for available connection
2025-11-22 04:26:14.793 [INF] Config: Database query executed in 12ms
2025-11-22 04:26:15.920 [DBG] Database: Processing request a3fb0889
2025-11-22 04:26:19.719 [DBG] Config: Processing request 6ea56b1e
2025-11-22 04:26:21.967 [WRN] ApiGateway: Rate limit approaching for client client_ee88598f
2025-11-22 04:26:26.705 [INF] Database: POST /api/v1/orders completed in 104ms
2025-11-22 04:26:28.005 [INF] Metrics: Scheduled job BackupJob completed in 2814ms
2025-11-22 04:26:29.030 [DBG] Auth: Cache lookup for key cache:user:ede584b6
2025-11-22 04:26:32.506 [DBG] Auth: Connection pool status: 15/20 active
2025-11-22 04:26:34.793 [INF] Config: GET /api/v1/products?page=58 completed in 34ms
2025-11-22 04:26:36.722 [INF] Database: File report_e863dc3c.csv processed, 8041 records
2025-11-22 04:26:39.590 [DBG] Database: Processing request bc4c87d6
2025-11-22 04:26:40.032 [INF] Metrics: Scheduled job BackupJob completed in 67ms
2025-11-22 04:26:41.512 [INF] MessageQueue: GET /api/v1/products?page=60 completed in 4952ms
2025-11-22 04:26:42.071 [WRN] Auth: Connection pool exhausted, waiting for available connection
2025-11-22 04:26:43.583 [DBG] HttpServer: Query execution plan generated
2025-11-22 04:26:46.749 [DBG] ApiGateway: Connection pool status: 18/20 active
2025-11-22 04:26:49.780 [ERR] Metrics: Unhandled exception in Auth: Resource not found
2025-11-22 04:26:53.106 [DBG] Database: Parsed configuration: {"timeout": 30, "retries": 3}
2025-11-22 04:26:54.037 [ERR] Config: Unhandled exception in Config: Invalid token
2025-11-22 04:26:56.696 [WRN] Metrics: Connection pool exhausted, waiting for available connection
2025-11-22 04:26:58.520 [INF] Scheduler: Request 5fce2342 completed in 3738ms
2025-11-22 04:27:01.632 [DBG] Metrics: Cache lookup for key cache:session:902836c5
2025-11-22 04:27:04.872 [DBG] Scheduler: Processing request 30a2c621
2025-11-22 04:27:07.921 [DBG] MessageQueue: Cache lookup for key cache:config:fa1b8329
2025-11-22 04:27:12.634 [ERR] Metrics: Failed to process request 45862af5: Permission denied
2025-11-22 04:27:17.427 [DBG] Config: Query execution plan generated
2025-11-22 04:27:20.112 [INF] Config: Health check passed
2025-11-22 04:27:24.445 [DBG] Config: Cache lookup for key cache:session:1e8a105a
2025-11-22 04:27:28.212 [WRN] ApiGateway: Retry attempt 5 for operation ProcessPayment
2025-11-22 04:27:28.645 [INF] Scheduler: Scheduled job BackupJob completed in 1991ms
2025-11-22 04:27:32.665 [DBG] ApiGateway: Cache lookup for key cache:config:9a519451
2025-11-22 04:27:34.646 [INF] Config: User user_1522 authenticated successfully
2025-11-22 04:27:34.688 [DBG] Cache: Parsed configuration: {"timeout": 30, "retries": 3}
2025-11-22 04:27:36.948 [DBG] ApiGateway: Processing request 9e5e12ec
2025-11-22 04:27:41.643 [DBG] ApiGateway: Connection pool status: 6/20 active
2025-11-22 04:27:44.970 [DBG] HttpServer: Query execution plan generated
2025-11-22 04:27:46.144 [INF] MessageQueue: File report_b3f24cfa.csv processed, 7612 records
2025-11-22 04:27:47.455 [INF] Auth: Connected to database postgres://db:5432/app
2025-11-22 04:27:47.827 [WRN] MessageQueue: Connection pool exhausted, waiting for available connection
2025-11-22 04:27:48.058 [ERR] Metrics: Timeout waiting for response from PaymentService
2025-11-22 04:27:51.020 [INF] Auth: Outbound HTTP call to PaymentService completed in 64ms
2025-11-22 04:27:51.268 [DBG] FileProcessor: Cache lookup for key cache:config:07d1ea1e
2025-11-22 04:27:52.272 [INF] Auth: Database query executed in 854ms
2025-11-22 04:27:55.258 [WRN] Auth: Rate limit approaching for client client_5cf8084f
2025-11-22 04:27:55.637 [INF] FileProcessor: User user_6400 authenticated successfully
2025-11-22 04:27:58.810 [INF] Cache: POST /api/v1/orders completed in 801ms
2025-11-22 04:27:59.727 [INF] HttpServer: Configuration reloaded
2025-11-22 04:28:03.938 [INF] Scheduler: Cache hit for key cache:session:bf9db903
2025-11-22 04:28:06.501 [INF] Config: File export_c1ee3de0.csv processed, 2272 records
2025-11-22 04:28:10.248 [ERR] HttpServer: Failed to process request de2a986b: Permission denied
2025-11-22 04:28:10.711 [INF] FileProcessor: Batch processing completed: 183/1078 items
2025-11-22 04:28:12.567 [DBG] Scheduler: Connection pool status: 13/20 active
2025-11-22 04:28:16.829 [INF] Database: Scheduled job CleanupJob completed in 50ms
2025-11-22 04:28:17.222 [INF] FileProcessor: GET /api/v1/products?page=75 completed in 21ms
2025-11-22 04:28:19.939 [DBG] Auth: Connection pool status: 16/20 active
2025-11-22 04:28:24.488 [INF] Cache: Scheduled job BackupJob completed in 481ms
2025-11-22 04:28:26.251 [INF] Config: Scheduled job DataSync completed in 1798ms
2025-11-22 04:28:27.477 [INF] Metrics: Health check passed
2025-11-22 04:28:30.351 [ERR] Database: Invalid message format: Unexpected field "foo" at position 42
2025-11-22 04:28:31.493 [INF] Scheduler: Batch processing completed: 944/1067 items
2025-11-22 04:28:35.023 [WRN] FileProcessor: Retry attempt 2 for operation SendEmail
2025-11-22 04:28:39.935 [DBG] Database: Parsed configuration: {"timeout": 30, "retries": 3}
2025-11-22 04:28:42.814 [DBG] Database: Processing request f8e5f57c
2025-11-22 04:28:47.482 [INF] HttpServer: Message published to events
2025-11-22 04:28:51.944 [WRN] MessageQueue: Certificate expires in 4 days
2025-11-22 04:28:56.319 [DBG] Auth: Cache lookup for key cache:session:77c2373f
2025-11-22 04:28:58.300 [DBG] Cache: Query execution plan generated
2025-11-22 04:29:01.153 [ERR] Scheduler: Timeout waiting for response from UserService
2025-11-22 04:29:03.014 [INF] FileProcessor: Request 2784fd1c completed in 2ms
2025-11-22 04:29:05.176 [DBG] Config: Processing request 03a56377
2025-11-22 04:29:07.874 [INF] FileProcessor: Cache hit for key cache:config:a7293ddb
2025-11-22 04:29:12.164 [INF] ApiGateway: DELETE /api/v1/sessions/f7cf9401 completed in 20ms
2025-11-22 04:29:16.967 [WRN] Cache: Slow query detected: 3ms for SELECT * FROM users WHERE...
2025-11-22 04:29:21.547 [INF] ApiGateway: Message published to notifications
2025-11-22 04:29:24.220 [INF] ApiGateway: Database query executed in 1366ms
2025-11-22 04:29:25.941 [INF] Config: File data_e445afde.csv processed, 3051 records
2025-11-22 04:29:26.822 [DBG] Auth: Processing request d280d26e
2025-11-22 04:29:29.881 [INF] HttpServer: DELETE /api/v1/sessions/31cd8a4b completed in 47ms
2025-11-22 04:29:31.014 [ERR] Config: Timeout waiting for response from UserService
2025-11-22 04:29:34.535 [DBG] MessageQueue: Processing request 09e85c15
2025-11-22 04:29:37.318 [WRN] Auth: Slow query detected: 48ms for SELECT * FROM users WHERE...
2025-11-22 04:29:41.208 [INF] Database: Configuration reloaded
2025-11-22 04:29:42.232 [INF] Auth: File export_8e48da3a.csv processed, 3434 records
2025-11-22 04:29:46.838 [INF] FileProcessor: POST /api/v1/orders completed in 3308ms
2025-11-22 04:29:48.445 [INF] Config: Batch processing completed: 764/1037 items
2025-11-22 04:29:52.919 [INF] Database: POST /api/v1/orders completed in 1052ms
2025-11-22 04:29:55.195 [INF] Cache: Request 288fa57e completed in 988ms
2025-11-22 04:29:58.185 [INF] FileProcessor: Request 9adb6aa8 completed in 3753ms
2025-11-22 04:29:58.857 [INF] Cache: Scheduled job CleanupJob completed in 11ms
2025-11-22 04:30:00.621 [INF] Database: DELETE /api/v1/sessions/41eb4019 completed in 642ms
2025-11-22 04:30:01.635 [WRN] Config: Retry attempt 4 for operation SyncData
2025-11-22 04:30:06.530 [INF] Config: User user_1528 authenticated successfully
2025-11-22 04:30:11.025 [INF] Config: Service started on port 443
2025-11-22 04:30:15.798 [DBG] FileProcessor: Processing request 7fcf6bc4
2025-11-22 04:30:18.126 [DBG] HttpServer: Connection pool status: 19/20 active
2025-11-22 04:30:22.827 [TRC] ApiGateway: Loop iteration 60 of 1015
2025-11-22 04:30:23.675 [DBG] MessageQueue: Cache lookup for key cache:session:431afba8
2025-11-22 04:30:26.907 [INF] FileProcessor: GET /api/v1/products?page=26 completed in 903ms
2025-11-22 04:30:29.962 [INF] ApiGateway: Health check passed
2025-11-22 04:30:31.342 [DBG] ApiGateway: Connection pool status: 5/20 active
2025-11-22 04:30:32.662 [INF] HttpServer: Cache hit for key cache:config:ec807645
2025-11-22 04:30:36.611 [INF] Metrics: Configuration reloaded
2025-11-22 04:30:37.576 [INF] FileProcessor: Message published to notifications
2025-11-22 04:30:42.048 [DBG] Cache: Processing request dd4c6d70
2025-11-22 04:30:46.698 [INF] Cache: Configuration reloaded
2025-11-22 04:30:51.487 [DBG] Database: Connection pool status: 17/20 active
2025-11-22 04:30:55.588 [INF] Metrics: Batch processing completed: 437/1038 items
2025-11-22 04:30:59.468 [DBG] Metrics: Cache lookup for key cache:user:8b0e1648
2025-11-22 04:31:01.532 [INF] Scheduler: Message published to tasks
2025-11-22 04:31:02.102 [DBG] Config: Processing request a21416d4
2025-11-22 04:31:06.953 [FTL] MessageQueue: Data corruption detected in transactions
2025-11-22 04:31:10.094 [INF] Metrics: Connected to database postgres://db:5432/app
2025-11-22 04:31:11.552 [INF] Auth: PUT /api/v1/users/user_1850/profile completed in 98ms
2025-11-22 04:31:16.286 [INF] Auth: Configuration reloaded
2025-11-22 04:31:19.556 [DBG] Metrics: Connection pool status: 6/20 active
2025-11-22 04:31:21.626 [INF] Auth: Database query executed in 17ms
2025-11-22 04:31:22.919 [INF] Metrics: Service started on port 443
2025-11-22 04:31:27.596 [INF] MessageQueue: Batch processing completed: 893/1011 items
2025-11-22 04:31:32.286 [INF] HttpServer: Message consumed from events in 1799ms
2025-11-22 04:31:35.521 [DBG] Cache: Connection pool status: 3/20 active
2025-11-22 04:31:37.644 [WRN] HttpServer: Deprecated API endpoint called: /api/v1/orders
2025-11-22 04:31:41.904 [DBG] MessageQueue: Processing request d2fa7d72
2025-11-22 04:31:44.245 [FTL] HttpServer: Critical resource unavailable: MessageBroker
2025-11-22 04:31:48.933 [INF] FileProcessor: Database query executed in 29ms
2025-11-22 04:31:52.406 [DBG] ApiGateway: Cache lookup for key cache:user:662fd5c4
2025-11-22 04:31:57.384 [DBG] HttpServer: Cache lookup for key cache:config:ed298a27
2025-11-22 04:31:58.140 [INF] Metrics: POST /api/v1/orders completed in 4295ms
2025-11-22 04:32:01.963 [INF] FileProcessor: PUT /api/v1/users/user_3052/profile completed in 372ms
2025-11-22 04:32:06.380 [INF] Scheduler: GET /api/v1/users/user_8964 completed in 2350ms
2025-11-22 04:32:10.121 [INF] Database: Scheduled job ReportGenerator started
2025-11-22 04:32:12.997 [INF] ApiGateway: GET /api/v1/products?page=43 completed in 39ms
2025-11-22 04:32:13.706 [INF] Auth: Scheduled job DataSync started
2025-11-22 04:32:15.732 [TRC] ApiGateway: Loop iteration 21 of 1052
2025-11-22 04:32:16.852 [INF] MessageQueue: Outbound HTTP call to NotificationService completed in 717ms
2025-11-22 04:32:18.987 [DBG] Auth: Processing request 968c8c84
2025-11-22 04:32:21.599 [WRN] Database: Rate limit approaching for client client_5d78e2ff
2025-11-22 04:32:24.166 [INF] Database: Service started on port 8080
2025-11-22 04:32:28.811 [INF] Auth: File data_90fb9f6c.csv processed, 7163 records
2025-11-22 04:32:28.979 [INF] FileProcessor: Configuration reloaded
2025-11-22 04:32:31.764 [INF] Metrics: Message published to events
2025-11-22 04:32:35.531 [INF] Scheduler: Message published to orders
2025-11-22 04:32:36.445 [INF] Cache: Scheduled job DataSync started
2025-11-22 04:32:39.275 [WRN] Cache: Retry attempt 4 for operation SendEmail
2025-11-22 04:32:39.324 [DBG] HttpServer: Query execution plan generated
2025-11-22 04:32:43.199 [DBG] Metrics: Connection pool status: 8/20 active
2025-11-22 04:32:47.405 [INF] FileProcessor: User user_9452 authenticated successfully
2025-11-22 04:32:52.013 [INF] Auth: GET /api/v1/users/user_2713 completed in 5ms
2025-11-22 04:32:56.659 [DBG] Database: Parsed configuration: {"timeout": 30, "retries": 3}
2025-11-22 04:32:57.865 [INF] Auth: Health check passed
2025-11-22 04:32:59.733 [DBG] ApiGateway: Cache lookup for key cache:session:745a9ee0
2025-11-22 04:33:02.596 [INF] Auth: Outbound HTTP call to UserService completed in 4ms
2025-11-22 04:33:06.170 [DBG] Scheduler: Connection pool status: 5/20 active
2025-11-22 04:33:08.216 [INF] FileProcessor: Batch processing completed: 252/1019 items
2025-11-22 04:33:13.188 [INF] FileProcessor: DELETE /api/v1/sessions/ecd514ab completed in 86ms
2025-11-22 04:33:15.098 [INF] HttpServer: Message consumed from orders in 2352ms
2025-11-22 04:33:19.845 [DBG] Auth: Query execution plan generated
2025-11-22 04:33:21.381 [INF] Cache: Service started on port 8080
2025-11-22 04:33:25.670 [INF] HttpServer: Service started on port 443
2025-11-22 04:33:29.799 [INF] FileProcessor: GET /api/v1/users/user_2135 completed in 108ms
2025-11-22 04:33:30.879 [INF] Database: Outbound HTTP call to PaymentService completed in 794ms
2025-11-22 04:33:34.667 [INF] Scheduler: POST /api/v1/orders completed in 1238ms
2025-11-22 04:33:37.651 [INF] Auth: Configuration reloaded
2025-11-22 04:33:39.955 [INF] FileProcessor: GET /api/v1/products?page=52 completed in 505ms
2025-11-22 04:33:40.708 [INF] Scheduler: User user_5909 authenticated successfully
2025-11-22 04:33:45.470 [DBG] Auth: Connection pool status: 7/20 active
2025-11-22 04:33:47.500 [DBG] Auth: Cache lookup for key cache:config:eeea010c
2025-11-22 04:33:47.728 [ERR] Database: Database connection failed: Invalid token
2025-11-22 04:33:50.341 [INF] Config: Configuration reloaded
2025-11-22 04:33:53.001 [INF] Cache: Outbound HTTP call to UserService completed in 1594ms
2025-11-22 04:33:55.100 [DBG] FileProcessor: Connection pool status: 19/20 active
2025-11-22 04:33:58.578 [DBG] MessageQueue: Connection pool status: 11/20 active
2025-11-22 04:34:02.077 [DBG] FileProcessor: Processing request 20f2db95
2025-11-22 04:34:04.383 [INF] MessageQueue: Message consumed from tasks in 314ms
2025-11-22 04:34:09.026 [INF] Config: Batch processing completed: 997/1012 items
2025-11-22 04:34:12.505 [INF] Scheduler: POST /api/v1/orders completed in 79ms
2025-11-22 04:34:14.331 [INF] HttpServer: Connected to database mysql://db:3306/app
2025-11-22 04:34:16.846 [INF] FileProcessor: Scheduled job CleanupJob completed in 58ms
2025-11-22 04:34:19.801 [INF] Metrics: Configuration reloaded
2025-11-22 04:34:24.602 [DBG] Config: Processing request e03108f1
2025-11-22 04:34:27.735 [DBG] Database: Processing request 2732f8b0
2025-11-22 04:34:32.426 [DBG] Config: Connection pool status: 19/20 active
2025-11-22 04:34:35.217 [INF] ApiGateway: Database query executed in 358ms
2025-11-22 04:34:37.900 [INF] ApiGateway: Message consumed from tasks in 161ms
2025-11-22 04:34:42.668 [DBG] ApiGateway: Query execution plan generated
2025-11-22 04:34:45.705 [DBG] Database: Connection pool status: 13/20 active
2025-11-22 04:34:47.292 [DBG] Config: Connection pool status: 7/20 active
2025-11-22 04:34:51.277 [INF] Auth: GET /api/v1/products?page=74 completed in 43ms
2025-11-22 04:34:52.885 [DBG] Cache: Processing request e3e06623
2025-11-22 04:34:54.379 [INF] Metrics: Connected to database mysql://db:3306/app
2025-11-22 04:34:55.843 [DBG] Scheduler: Processing request f1d561bd
2025-11-22 04:34:58.345 [DBG] Metrics: Processing request 3b0fd451
2025-11-22 04:34:58.645 [DBG] Auth: Parsed configuration: {"timeout": 30, "retries": 3}
2025-11-22 04:34:59.967 [WRN] Scheduler: Memory usage at 92%
2025-11-22 04:35:03.486 [INF] ApiGateway: PUT /api/v1/users/user_4028/profile completed in 152ms
2025-11-22 04:35:07.172 [WRN] Scheduler: Rate limit approaching for client client_632fce7b
2025-11-22 04:35:10.797 [INF] MessageQueue: Health check passed
2025-11-22 04:35:13.850 [INF] MessageQueue: DELETE /api/v1/sessions/a0c44e54 completed in 43ms
2025-11-22 04:35:14.995 [DBG] Config: Processing request 7c6f222a
2025-11-22 04:35:18.081 [DBG] Metrics: Cache lookup for key cache:session:8a92cba8
2025-11-22 04:35:22.185 [TRC] ApiGateway: Loop iteration 11 of 1090
2025-11-22 04:35:26.096 [DBG] Metrics: Parsed configuration: {"timeout": 30, "retries": 3}
2025-11-22 04:35:26.938 [INF] Cache: Outbound HTTP call to UserService completed in 92ms
2025-11-22 04:35:29.388 [DBG] Metrics: Connection pool status: 19/20 active
2025-11-22 04:35:33.311 [DBG] Database: Parsed configuration: {"timeout": 30, "retries": 3}
2025-11-22 04:35:36.846 [INF] Scheduler: GET /api/v1/products?page=48 completed in 128ms
2025-11-22 04:35:36.997 [INF] Database: Scheduled job ReportGenerator completed in 58ms
2025-11-22 04:35:38.171 [INF] Database: PUT /api/v1/users/user_6043/profile completed in 1296ms
2025-11-22 04:35:38.422 [INF] ApiGateway: Message published to orders
2025-11-22 04:35:38.995 [INF] FileProcessor: Message published to tasks
2025-11-22 04:35:41.365 [INF] HttpServer: Request 9c56f2e5 completed in 144ms
2025-11-22 04:35:45.769 [INF] HttpServer: Request f44474be completed in 93ms
2025-11-22 04:35:47.752 [INF] Metrics: Configuration reloaded
2025-11-22 04:35:50.899 [INF] FileProcessor: File report_9246a2aa.csv processed, 3337 records
2025-11-22 04:35:53.589 [INF] Config: Cache hit for key cache:user:6aeb0e48
2025-11-22 04:35:56.430 [INF] Database: PUT /api/v1/users/user_1277/profile completed in 403ms
2025-11-22 04:35:56.785 [INF] Config: Outbound HTTP call to UserService completed in 46ms
2025-11-22 04:35:59.289 [WRN] HttpServer: Rate limit approaching for client client_f5ce94e2
2025-11-22 04:36:04.130 [DBG] Database: Cache lookup for key cache:session:1f36cbe3
2025-11-22 04:36:08.573 [INF] FileProcessor: Scheduled job DataSync started
2025-11-22 04:36:08.824 [INF] HttpServer: File data_555a1064.csv processed, 9269 records
2025-11-22 04:36:12.350 [INF] Database: Scheduled job ReportGenerator started
2025-11-22 04:36:15.100 [INF] Scheduler: File data_fe97783b.csv processed, 5076 records
2025-11-22 04:36:17.323 [DBG] MessageQueue: Cache lookup for key cache:config:fa7f33d1
2025-11-22 04:36:22.119 [DBG] Scheduler: Connection pool status: 3/20 active
2025-11-22 04:36:23.779 [INF] HttpServer: User user_7612 authenticated successfully
2025-11-22 04:36:27.514 [INF] Database: Batch processing completed: 425/1013 items
2025-11-22 04:36:32.386 [INF] Scheduler: Configuration reloaded
2025-11-22 04:36:35.219 [INF] Config: PUT /api/v1/users/user_4548/profile completed in 123ms
2025-11-22 04:36:36.238 [INF] FileProcessor: DELETE /api/v1/sessions/dd0c7f85 completed in 133ms
2025-11-22 04:36:38.851 [INF] Database: Database query executed in 176ms
2025-11-22 04:36:39.106 [INF] Scheduler: PUT /api/v1/users/user_5477/profile completed in 161ms
2025-11-22 04:36:42.310 [INF] Scheduler: Health check passed
2025-11-22 04:36:43.086 [DBG] Config: Processing request 5a69774e
2025-11-22 04:36:47.089 [DBG] FileProcessor: Parsed configuration: {"timeout": 30, "retries": 3}
2025-11-22 04:36:49.956 [INF] Scheduler: Batch processing completed: 668/1013 items
2025-11-22 04:36:52.952 [INF] FileProcessor: User user_4164 authenticated successfully
2025-11-22 04:36:53.245 [DBG] Metrics: Query execution plan generated
2025-11-22 04:36:53.900 [INF] Auth: Message published to tasks
2025-11-22 04:36:55.848 [DBG] Cache: Cache lookup for key cache:session:f44cd9ca
2025-11-22 04:36:56.622 [ERR] FileProcessor: Timeout waiting for response from NotificationService
2025-11-22 04:36:59.719 [INF] Metrics: GET /api/v1/products?page=92 completed in 9ms
2025-11-22 04:37:01.424 [INF] ApiGateway: Service started on port 8080
2025-11-22 04:37:05.179 [INF] Auth: Health check passed
2025-11-22 04:37:05.583 [INF] Auth: Batch processing completed: 279/1012 items
2025-11-22 04:37:06.502 [INF] Config: Scheduled job CleanupJob completed in 576ms
2025-11-22 04:37:10.930 [INF] Auth: User user_1131 authenticated successfully
2025-11-22 04:37:12.109 [WRN] Cache: Deprecated API endpoint called: /api/v1/legacy
2025-11-22 04:37:15.945 [ERR] Metrics: Invalid message format: Unexpected field "foo" at position 42
2025-11-22 04:37:19.707 [DBG] HttpServer: Connection pool status: 10/20 active
2025-11-22 04:37:22.879 [INF] Database: GET /api/v1/users/user_7753 completed in 581ms
2025-11-22 04:37:26.195 [INF] FileProcessor: User user_5776 authenticated successfully
2025-11-22 04:37:26.972 [DBG] Database: Processing request 886df493
2025-11-22 04:37:29.400 [INF] Database: Request 8ddb95e0 completed in 790ms
2025-11-22 04:37:32.714 [INF] Scheduler: Health check passed
2025-11-22 04:37:34.568 [INF] HttpServer: User user_7563 authenticated successfully
2025-11-22 04:37:35.967 [INF] Config: DELETE /api/v1/sessions/9d8854fe completed in 373ms
2025-11-22 04:37:39.719 [DBG] HttpServer: Connection pool status: 1/20 active
2025-11-22 04:37:41.853 [INF] Auth: File report_84b64cf2.csv processed, 5047 records
2025-11-22 04:37:44.068 [INF] Cache: Scheduled job BackupJob started
2025-11-22 04:37:46.950 [INF] HttpServer: User user_8862 authenticated successfully
2025-11-22 04:37:50.723 [TRC] Cache: Loop iteration 37 of 1045
2025-11-22 04:37:51.058 [INF] FileProcessor: Service started on port 8080
2025-11-22 04:37:55.818 [TRC] Config: Variable state: {counter: 42, flag: true}
2025-11-22 04:37:57.379 [INF] FileProcessor: POST /api/v1/orders completed in 44ms
2025-11-22 04:38:01.921 [INF] HttpServer: PUT /api/v1/users/user_3459/profile completed in 91ms
2025-11-22 04:38:02.879 [WRN] ApiGateway: Memory usage at 75%
2025-11-22 04:38:07.608 [TRC] MessageQueue: Loop iteration 37 of 1055
2025-11-22 04:38:08.538 [INF] FileProcessor: Health check passed
2025-11-22 04:38:12.999 [INF] Database: GET /api/v1/users/user_6975 completed in 66ms
2025-11-22 04:38:14.330 [INF] Cache: Batch processing completed: 323/1072 items
2025-11-22 04:38:15.483 [INF] Config: PUT /api/v1/users/user_1001/profile completed in 1104ms
2025-11-22 04:38:15.598 [DBG] Scheduler: Processing request 4c5c8a67
2025-11-22 04:38:15.999 [INF] FileProcessor: Message published to tasks
2025-11-22 04:38:18.601 [ERR] Config: Failed to process request dfc8c48e: Invalid token
2025-11-22 04:38:21.369 [FTL] FileProcessor: Unrecoverable error, shutting down
2025-11-22 04:38:24.055 [INF] Cache: Cache hit for key cache:session:1310dbd5
2025-11-22 04:38:24.200 [INF] HttpServer: User user_2105 authenticated successfully
2025-11-22 04:38:27.041 [INF] Scheduler: GET /api/v1/users/user_9050 completed in 4283ms
2025-11-22 04:38:30.186 [ERR] Auth: Authentication failed for user user_8811
2025-11-22 04:38:34.857 [TRC] Cache: Entering method ValidateInput with parameters {id: 123, type: "full"}
2025-11-22 04:38:37.890 [INF] Cache: Message published to tasks
2025-11-22 04:38:40.900 [DBG] MessageQueue: Connection pool status: 2/20 active
2025-11-22 04:38:42.501 [INF] Cache: Message consumed from notifications in 193ms
2025-11-22 04:38:44.211 [INF] MessageQueue: Connected to database postgres://db:5432/app
2025-11-22 04:38:48.131 [INF] Auth: POST /api/v1/orders completed in 53ms
2025-11-22 04:38:49.280 [WRN] Auth: Retry attempt 2 for operation SyncData
2025-11-22 04:38:50.786 [FTL] MessageQueue: Critical resource unavailable: Database
2025-11-22 04:38:54.818 [DBG] Config: Query execution plan generated
2025-11-22 04:38:56.971 [INF] Config: DELETE /api/v1/sessions/94384cc8 completed in 3ms
2025-11-22 04:38:57.026 [WRN] Config: Retry attempt 1 for operation SyncData
2025-11-22 04:39:00.625 [INF] Config: Scheduled job CleanupJob started
2025-11-22 04:39:02.461 [INF] Database: DELETE /api/v1/sessions/bfced3d6 completed in 93ms
2025-11-22 04:39:05.796 [DBG] Cache: Parsed configuration: {"timeout": 30, "retries": 3}
2025-11-22 04:39:09.571 [INF] Scheduler: File export_9a473d8f.csv processed, 1920 records
2025-11-22 04:39:13.979 [DBG] ApiGateway: Query execution plan generated
2025-11-22 04:39:16.457 [ERR] HttpServer: Timeout waiting for response from NotificationService
2025-11-22 04:39:16.562 [TRC] Auth: Entering method ValidateInput with parameters {id: 123, type: "full"}
2025-11-22 04:39:18.690 [DBG] FileProcessor: Query execution plan generated
2025-11-22 04:39:21.764 [TRC] Auth: Variable state: {counter: 42, flag: true}
2025-11-22 04:39:25.786 [INF] Metrics: Scheduled job CleanupJob completed in 40ms
2025-11-22 04:39:28.288 [INF] Auth: Health check passed
2025-11-22 04:39:31.708 [WRN] Config: Connection pool exhausted, waiting for available connection
2025-11-22 04:39:34.625 [INF] HttpServer: User user_3038 authenticated successfully
2025-11-22 04:39:39.315 [DBG] MessageQueue: Processing request 7a639130
2025-11-22 04:39:43.614 [WRN] Config: Certificate expires in 25 days
2025-11-22 04:39:44.356 [DBG] Database: Cache lookup for key cache:session:98787723
2025-11-22 04:39:45.780 [INF] Config: Cache hit for key cache:config:c522367e
2025-11-22 04:39:45.996 [DBG] MessageQueue: Connection pool status: 20/20 active
2025-11-22 04:39:47.915 [INF] MessageQueue: Request 70d47f57 completed in 1678ms
2025-11-22 04:39:50.272 [INF] FileProcessor: Service started on port 8080
2025-11-22 04:39:51.951 [INF] Metrics: POST /api/v1/orders completed in 40ms
2025-11-22 04:39:55.102 [INF] Database: GET /api/v1/products?page=17 completed in 66ms
2025-11-22 04:39:57.693 [INF] MessageQueue: GET /api/v1/users/user_6107 completed in 3715ms
2025-11-22 04:40:00.527 [INF] Metrics: DELETE /api/v1/sessions/61e39329 completed in 423ms
2025-11-22 04:40:02.564 [WRN] Metrics: Memory usage at 94%
2025-11-22 04:40:05.088 [INF] HttpServer: GET /api/v1/users/user_8867 completed in 200ms
2025-11-22 04:40:09.336 [INF] Metrics: Connected to database postgres://db:5432/app
2025-11-22 04:40:10.614 [INF] Cache: Health check passed
2025-11-22 04:40:14.484 [INF] Cache: PUT /api/v1/users/user_6782/profile completed in 50ms
2025-11-22 04:40:18.782 [INF] Metrics: Message published to tasks
2025-11-22 04:40:21.132 [INF] Scheduler: DELETE /api/v1/sessions/7c0fd45b completed in 3942ms
2025-11-22 04:40:22.416 [INF] Cache: Cache hit for key cache:user:e1e70689
2025-11-22 04:40:25.298 [INF] Auth: Database query executed in 45ms
2025-11-22 04:40:25.480 [INF] MessageQueue: POST /api/v1/orders completed in 13ms
2025-11-22 04:40:28.026 [INF] Metrics: Cache hit for key cache:config:4f37259d
2025-11-22 04:40:31.475 [DBG] Auth: Connection pool status: 1/20 active
2025-11-22 04:40:35.522 [FTL] Config: Application startup failed: Invalid token
2025-11-22 04:40:39.673 [INF] HttpServer: Health check passed
2025-11-22 04:40:41.447 [INF] MessageQueue: Connected to database mysql://db:3306/app
2025-11-22 04:40:41.804 [DBG] ApiGateway: Processing request 585a445a
2025-11-22 04:40:46.188 [INF] Auth: GET /api/v1/products?page=46 completed in 50ms
2025-11-22 04:40:48.839 [INF] Config: GET /api/v1/products?page=6 completed in 167ms
2025-11-22 04:40:52.731 [INF] MessageQueue: Database query executed in 62ms
2025-11-22 04:40:53.920 [INF] FileProcessor: Message consumed from events in 351ms
2025-11-22 04:40:56.359 [INF] Scheduler: Cache hit for key cache:session:3b0a2bc6
2025-11-22 04:41:00.580 [DBG] Config: Query execution plan generated
2025-11-22 04:41:00.717 [INF] Database: Message consumed from tasks in 402ms
2025-11-22 04:41:02.917 [DBG] Auth: Processing request bf1fb94c
2025-11-22 04:41:05.627 [INF] FileProcessor: Health check passed
2025-11-22 04:41:08.726 [INF] Scheduler: Health check passed
2025-11-22 04:41:11.856 [INF] FileProcessor: Scheduled job DataSync completed in 3187ms
2025-11-22 04:41:15.329 [WRN] Config: Retry attempt 2 for operation ProcessPayment
2025-11-22 04:41:16.972 [INF] Database: User user_7079 authenticated successfully
2025-11-22 04:41:17.894 [INF] Scheduler: Message consumed from orders in 157ms
2025-11-22 04:41:20.226 [WRN] Metrics: Certificate expires in 24 days
2025-11-22 04:41:20.775 [DBG] Metrics: Query execution plan generated
2025-11-22 04:41:21.690 [INF] ApiGateway: File data_02e90b36.csv processed, 6727 records
2025-11-22 04:41:25.376 [DBG] Config: Parsed configuration: {"timeout": 30, "retries": 3}
2025-11-22 04:41:29.890 [INF] ApiGateway: Cache hit for key cache:config:7b3c42cd
2025-11-22 04:41:30.537 [WRN] FileProcessor: Slow query detected: 3095ms for SELECT * FROM users WHERE...
2025-11-22 04:41:33.219 [INF] Scheduler: Health check passed
2025-11-22 04:41:33.400 [DBG] FileProcessor: Connection pool status: 3/20 active
2025-11-22 04:41:34.792 [INF] Cache: GET /api/v1/products?page=76 completed in 1375ms
2025-11-22 04:41:38.671 [DBG] HttpServer: Cache lookup for key cache:config:a91769e0
2025-11-22 04:41:42.053 [DBG] HttpServer: Parsed configuration: {"timeout": 30, "retries": 3}
2025-11-22 04:41:42.576 [DBG] FileProcessor: Processing request 708d3059
2025-11-22 04:41:45.255 [WRN] Database: Certificate expires in 8 days
2025-11-22 04:41:47.893 [INF] Database: POST /api/v1/orders completed in 79ms
2025-11-22 04:41:49.874 [INF] Config: Configuration reloaded
2025-11-22 04:41:54.346 [INF] Auth: Health check passed
2025-11-22 04:41:57.811 [DBG] MessageQueue: Parsed configuration: {"timeout": 30, "retries": 3}
2025-11-22 04:42:00.625 [INF] Cache: GET /api/v1/products?page=61 completed in 2116ms
2025-11-22 04:42:04.386 [INF] Database: POST /api/v1/orders completed in 14ms
2025-11-22 04:42:04.743 [WRN] Auth: Retry attempt 4 for operation SyncData
2025-11-22 04:42:05.695 [DBG] Database: Cache lookup for key cache:session:ef000e4b
2025-11-22 04:42:09.607 [WRN] Config: Retry attempt 4 for operation ProcessPayment
2025-11-22 04:42:14.066 [INF] FileProcessor: GET /api/v1/products?page=75 completed in 3ms
2025-11-22 04:42:17.912 [INF] Database: Health check passed
2025-11-22 04:42:19.738 [INF] HttpServer: Message consumed from notifications in 48ms
2025-11-22 04:42:21.776 [WRN] Database: Deprecated API endpoint called: /api/v1/legacy
2025-11-22 04:42:26.442 [FTL] ApiGateway: Data corruption detected in orders
2025-11-22 04:42:31.409 [WRN] Cache: Rate limit approaching for client client_2f83c54c
2025-11-22 04:42:34.917 [INF] Config: POST /api/v1/orders completed in 4ms
2025-11-22 04:42:38.914 [INF] Metrics: Service started on port 3000
2025-11-22 04:42:41.975 [INF] HttpServer: Connected to database postgres://db:5432/app
2025-11-22 04:42:43.895 [INF] HttpServer: File export_891ff243.csv processed, 5802 records
2025-11-22 04:42:47.271 [INF] Config: DELETE /api/v1/sessions/3c80a3fc completed in 39ms
2025-11-22 04:42:50.291 [INF] MessageQueue: Database query executed in 92ms
2025-11-22 04:42:53.746 [INF] ApiGateway: PUT /api/v1/users/user_4129/profile completed in 336ms
2025-11-22 04:42:56.413 [INF] ApiGateway: Outbound HTTP call to PaymentService completed in 721ms
2025-11-22 04:42:57.962 [WRN] Cache: Deprecated API endpoint called: /api/v1/orders
2025-11-22 04:42:58.937 [INF] Config: GET /api/v1/users/user_8412 completed in 4418ms
2025-11-22 04:43:00.673 [WRN] ApiGateway: Certificate expires in 30 days
2025-11-22 04:43:03.122 [DBG] HttpServer: Query execution plan generated
2025-11-22 04:43:07.728 [INF] Cache: GET /api/v1/products?page=52 completed in 928ms
2025-11-22 04:43:09.524 [INF] MessageQueue: Cache hit for key cache:session:2b4fee97
2025-11-22 04:43:12.442 [INF] Cache: Request 691cfe63 completed in 2069ms
2025-11-22 04:43:15.863 [INF] HttpServer: GET /api/v1/users/user_1930 completed in 815ms
2025-11-22 04:43:20.742 [INF] MessageQueue: Request 935ae9e5 completed in 1372ms
2025-11-22 04:43:23.522 [INF] Cache: Health check passed
2025-11-22 04:43:27.869 [DBG] ApiGateway: Connection pool status: 14/20 active
2025-11-22 04:43:29.859 [WRN] Auth: Memory usage at 81%
2025-11-22 04:43:34.312 [INF] FileProcessor: DELETE /api/v1/sessions/69fecff1 completed in 808ms
2025-11-22 04:43:35.927 [INF] Metrics: POST /api/v1/orders completed in 662ms
2025-11-22 04:43:39.319 [WRN] Metrics: Certificate expires in 18 days
2025-11-22 04:43:41.163 [INF] HttpServer: DELETE /api/v1/sessions/4bf7a8ac completed in 4520ms
2025-11-22 04:43:42.521 [INF] Metrics: POST /api/v1/orders completed in 41ms
2025-11-22 04:43:45.111 [DBG] MessageQueue: Connection pool status: 6/20 active
2025-11-22 04:43:46.394 [INF] ApiGateway: User user_8808 authenticated successfully
2025-11-22 04:43:50.460 [TRC] Metrics: Entering method Transform with parameters {id: 123, type: "full"}
2025-11-22 04:43:55.152 [INF] Cache: Batch processing completed: 711/1064 items
2025-11-22 04:43:58.590 [DBG] Cache: Parsed configuration: {"timeout": 30, "retries": 3}
2025-11-22 04:44:01.261 [INF] Scheduler: Health check passed
2025-11-22 04:44:03.009 [DBG] MessageQueue: Processing request d26ec8e2
2025-11-22 04:44:06.110 [INF] Database: Service started on port 443
2025-11-22 04:44:09.873 [INF] Config: Health check passed
2025-11-22 04:44:10.489 [INF] Config: Connected to database mysql://db:3306/app
2025-11-22 04:44:13.665 [INF] Cache: Batch processing completed: 384/1025 items
2025-11-22 04:44:17.840 [INF] ApiGateway: Connected to database mysql://db:3306/app
2025-11-22 04:44:20.431 [INF] Cache: Scheduled job DataSync started
2025-11-22 04:44:24.557 [INF] Scheduler: GET /api/v1/products?page=40 completed in 4657ms
2025-11-22 04:44:26.331 [DBG] Scheduler: Connection pool status: 7/20 active
2025-11-22 04:44:27.721 [WRN] Scheduler: Rate limit approaching for client client_4fd7ccd7
2025-11-22 04:44:31.927 [INF] Cache: Connected to database postgres://db:5432/app
2025-11-22 04:44:36.005 [TRC] FileProcessor: Entering method Transform with parameters {id: 123, type: "full"}
2025-11-22 04:44:38.225 [INF] MessageQueue: Health check passed
2025-11-22 04:44:42.457 [INF] Cache: Connected to database postgres://db:5432/app
2025-11-22 04:44:46.655 [WRN] Scheduler: Connection pool exhausted, waiting for available connection
2025-11-22 04:44:48.453 [INF] Metrics: File report_d4c22067.csv processed, 2433 records
2025-11-22 04:44:50.322 [INF] Auth: Request c6632fd3 completed in 36ms
2025-11-22 04:44:54.664 [TRC] HttpServer: Variable state: {counter: 42, flag: true}
2025-11-22 04:44:56.987 [INF] MessageQueue: Outbound HTTP call to UserService completed in 561ms
2025-11-22 04:45:00.448 [INF] FileProcessor: Cache hit for key cache:config:ee4da812
2025-11-22 04:45:01.990 [INF] HttpServer: Outbound HTTP call to NotificationService completed in 2574ms
2025-11-22 04:45:05.082 [INF] Scheduler: Connected to database mysql://db:3306/app
2025-11-22 04:45:07.296 [INF] HttpServer: Configuration reloaded
2025-11-22 04:45:12.198 [INF] Config: Connected to database mysql://db:3306/app
2025-11-22 04:45:15.249 [INF] Database: Scheduled job CleanupJob completed in 228ms
2025-11-22 04:45:17.728 [INF] Database: Cache hit for key cache:config:427e2348
2025-11-22 04:45:22.680 [DBG] Database: Cache lookup for key cache:user:d2beb625
2025-11-22 04:45:24.444 [INF] Scheduler: Scheduled job BackupJob started
2025-11-22 04:45:28.940 [INF] MessageQueue: PUT /api/v1/users/user_5883/profile completed in 149ms
2025-11-22 04:45:32.224 [INF] Scheduler: Health check passed
2025-11-22 04:45:32.861 [WRN] Metrics: Slow query detected: 88ms for SELECT * FROM users WHERE...
2025-11-22 04:45:33.236 [WRN] Database: Connection pool exhausted, waiting for available connection
2025-11-22 04:45:34.004 [DBG] FileProcessor: Query execution plan generated
2025-11-22 04:45:38.659 [INF] MessageQueue: User user_2919 authenticated successfully
2025-11-22 04:45:39.409 [INF] Auth: Scheduled job BackupJob completed in 291ms
2025-11-22 04:45:40.977 [INF] Auth: GET /api/v1/products?page=16 completed in 4314ms
2025-11-22 04:45:44.845 [INF] ApiGateway: Message published to tasks
2025-11-22 04:45:45.013 [DBG] Database: Cache lookup for key cache:config:c9c7fc48
2025-11-22 04:45:45.711 [INF] Scheduler: Batch processing completed: 304/1052 items
2025-11-22 04:45:48.951 [DBG] Metrics: Parsed configuration: {"timeout": 30, "retries": 3}
2025-11-22 04:45:52.042 [INF] ApiGateway: Service started on port 8080
2025-11-22 04:45:55.831 [INF] Config: Connected to database mysql://db:3306/app
2025-11-22 04:45:57.070 [DBG] FileProcessor: Connection pool status: 16/20 active
2025-11-22 04:45:57.799 [DBG] MessageQueue: Connection pool status: 12/20 active
2025-11-22 04:45:59.932 [INF] MessageQueue: Scheduled job CleanupJob completed in 159ms
2025-11-22 04:46:00.524 [ERR] Metrics: Timeout waiting for response from NotificationService
2025-11-22 04:46:02.843 [INF] Config: Cache hit for key cache:session:bf498d19
2025-11-22 04:46:03.148 [INF] Database: GET /api/v1/users/user_3040 completed in 29ms
2025-11-22 04:46:07.140 [DBG] Cache: Parsed configuration: {"timeout": 30, "retries": 3}
2025-11-22 04:46:07.160 [WRN] Database: Retry attempt 3 for operation SendEmail
2025-11-22 04:46:11.009 [DBG] Auth: Cache lookup for key cache:config:217368ea
2025-11-22 04:46:12.088 [INF] HttpServer: Message consumed from tasks in 11ms
2025-11-22 04:46:14.779 [INF] Metrics: Cache hit for key cache:user:a750ceb9
2025-11-22 04:46:14.836 [DBG] FileProcessor: Processing request f94a1aca
2025-11-22 04:46:16.005 [DBG] Cache: Cache lookup for key cache:session:2df1938b
2025-11-22 04:46:20.759 [INF] Cache: Service started on port 443
2025-11-22 04:46:23.178 [WRN] HttpServer: Rate limit approaching for client client_8b00cde9
2025-11-22 04:46:26.426 [INF] ApiGateway: File export_16b442a7.csv processed, 7923 records
2025-11-22 04:46:27.295 [INF] FileProcessor: Message consumed from orders in 2122ms
2025-11-22 04:46:32.286 [INF] Database: Scheduled job BackupJob started
2025-11-22 04:46:36.069 [WRN] Database: Connection pool exhausted, waiting for available connection
2025-11-22 04:46:40.923 [DBG] MessageQueue: Processing request b9c00480
2025-11-22 04:46:42.398 [DBG] Cache: Connection pool status: 9/20 active
2025-11-22 04:46:45.529 [INF] Database: Health check passed
2025-11-22 04:46:47.642 [INF] ApiGateway: Service started on port 8080
2025-11-22 04:46:51.101 [ERR] Scheduler: Timeout waiting for response from PaymentService
2025-11-22 04:46:54.647 [INF] Metrics: Batch processing completed: 187/1075 items
2025-11-22 04:46:58.778 [INF] Database: File data_28087877.csv processed, 600 records
2025-11-22 04:47:01.697 [DBG] Scheduler: Parsed configuration: {"timeout": 30, "retries": 3}
2025-11-22 04:47:04.940 [ERR] Scheduler: Unhandled exception in Metrics: Resource not found
2025-11-22 04:47:07.673 [ERR] Cache: Authentication failed for user user_8935
2025-11-22 04:47:08.782 [DBG] Database: Processing request 7a5a70d4
2025-11-22 04:47:12.571 [DBG] Cache: Processing request eb53ae3b
2025-11-22 04:47:16.470 [INF] MessageQueue: Configuration reloaded
2025-11-22 04:47:19.663 [DBG] Auth: Cache lookup for key cache:user:5a113192
2025-11-22 04:47:24.619 [DBG] ApiGateway: Query execution plan generated
2025-11-22 04:47:28.807 [DBG] Cache: Query execution plan generated
2025-11-22 04:47:30.025 [DBG] Database: Query execution plan generated
2025-11-22 04:47:30.226 [WRN] ApiGateway: Connection pool exhausted, waiting for available connection
2025-11-22 04:47:32.831 [INF] Cache: Configuration reloaded
2025-11-22 04:47:35.013 [DBG] HttpServer: Connection pool status: 6/20 active
2025-11-22 04:47:38.053 [INF] Metrics: Cache hit for key cache:session:97576e3e
2025-11-22 04:47:39.250 [INF] Cache: Database query executed in 1015ms
2025-11-22 04:47:43.555 [INF] Auth: User user_8082 authenticated successfully
2025-11-22 04:47:48.496 [INF] HttpServer: Message consumed from notifications in 34ms
2025-11-22 04:47:53.141 [INF] Scheduler: Scheduled job CleanupJob started
2025-11-22 04:47:58.109 [INF] ApiGateway: PUT /api/v1/users/user_7861/profile completed in 3266ms
2025-11-22 04:48:00.746 [INF] Metrics: PUT /api/v1/users/user_8496/profile completed in 3748ms
2025-11-22 04:48:01.221 [INF] Database: DELETE /api/v1/sessions/50c9981f completed in 49ms
2025-11-22 04:48:02.810 [DBG] Auth: Processing request 92361db1
2025-11-22 04:48:06.572 [INF] HttpServer: Batch processing completed: 208/1029 items
2025-11-22 04:48:06.866 [INF] Scheduler: GET /api/v1/users/user_9676 completed in 8ms
2025-11-22 04:48:11.572 [INF] Auth: Configuration reloaded
2025-11-22 04:48:13.461 [INF] Database: Cache hit for key cache:session:091ed645
2025-11-22 04:48:13.762 [INF] ApiGateway: Scheduled job CleanupJob started
2025-11-22 04:48:16.322 [INF] ApiGateway: Scheduled job BackupJob started
2025-11-22 04:48:19.612 [DBG] Cache: Parsed configuration: {"timeout": 30, "retries": 3}
2025-11-22 04:48:21.604 [DBG] Cache: Processing request 4b302f04
2025-11-22 04:48:24.138 [WRN] MessageQueue: Retry attempt 5 for operation SendEmail
2025-11-22 04:48:26.583 [INF] FileProcessor: User user_8693 authenticated successfully
2025-11-22 04:48:30.210 [WRN] Config: Certificate expires in 19 days
2025-11-22 04:48:34.110 [DBG] Metrics: Cache lookup for key cache:session:7a4bae31
2025-11-22 04:48:35.138 [INF] ApiGateway: POST /api/v1/orders completed in 45ms
2025-11-22 04:48:38.389 [INF] Config: GET /api/v1/products?page=9 completed in 767ms
2025-11-22 04:48:39.863 [INF] Config: Database query executed in 579ms
2025-11-22 04:48:44.492 [WRN] ApiGateway: Rate limit approaching for client client_0afbcc2f
2025-11-22 04:48:44.889 [DBG] HttpServer: Parsed configuration: {"timeout": 30, "retries": 3}
2025-11-22 04:48:46.231 [DBG] FileProcessor: Connection pool status: 10/20 active
2025-11-22 04:48:51.133 [INF] ApiGateway: GET /api/v1/products?page=34 completed in 1604ms
2025-11-22 04:48:55.063 [INF] Scheduler: Message consumed from orders in 93ms
2025-11-22 04:48:58.504 [DBG] FileProcessor: Connection pool status: 19/20 active
2025-11-22 04:49:00.540 [ERR] Scheduler: Failed to process request 58d93cf8: Permission denied
2025-11-22 04:49:02.728 [INF] Database: Service started on port 5000
2025-11-22 04:49:06.330 [INF] Metrics: DELETE /api/v1/sessions/f9e832e3 completed in 2401ms
2025-11-22 04:49:06.773 [DBG] FileProcessor: Processing request afed914e
2025-11-22 04:49:07.029 [DBG] Scheduler: Parsed configuration: {"timeout": 30, "retries": 3}
2025-11-22 04:49:08.102 [DBG] Config: Query execution plan generated
2025-11-22 04:49:11.043 [INF] ApiGateway: Outbound HTTP call to NotificationService completed in 182ms
2025-11-22 04:49:11.917 [INF] HttpServer: Message consumed from notifications in 50ms
2025-11-22 04:49:13.215 [INF] Metrics: User user_6781 authenticated successfully
2025-11-22 04:49:17.630 [INF] Cache: GET /api/v1/users/user_2088 completed in 1589ms
2025-11-22 04:49:19.535 [INF] ApiGateway: User user_1318 authenticated successfully
2025-11-22 04:49:19.778 [WRN] Metrics: Memory usage at 91%
2025-11-22 04:49:24.707 [INF] Database: GET /api/v1/users/user_6846 completed in 8ms
2025-11-22 04:49:27.141 [DBG] ApiGateway: Connection pool status: 7/20 active
2025-11-22 04:49:27.990 [INF] HttpServer: Request ecd67261 completed in 1757ms
2025-11-22 04:49:28.200 [INF] Cache: GET /api/v1/products?page=92 completed in 3484ms
2025-11-22 04:49:29.637 [INF] Metrics: GET /api/v1/products?page=82 completed in 130ms
2025-11-22 04:49:31.767 [DBG] FileProcessor: Connection pool status: 8/20 active
2025-11-22 04:49:34.864 [INF] Cache: Batch processing completed: 474/1025 items
2025-11-22 04:49:39.184 [INF] Config: Configuration reloaded
2025-11-22 04:49:40.441 [INF] Cache: Health check passed
2025-11-22 04:49:41.678 [INF] Database: User user_4639 authenticated successfully
2025-11-22 04:49:42.252 [INF] Database: Scheduled job DataSync started
2025-11-22 04:49:43.115 [INF] Auth: Health check passed
2025-11-22 04:49:47.754 [INF] Cache: POST /api/v1/orders completed in 675ms
2025-11-22 04:49:50.812 [DBG] HttpServer: Cache lookup for key cache:user:b8f30b6d
2025-11-22 04:49:53.864 [WRN] Database: Connection pool exhausted, waiting for available connection
2025-11-22 04:49:54.295 [WRN] Database: Slow query detected: 40ms for SELECT * FROM users WHERE...
2025-11-22 04:49:58.231 [DBG] Metrics: Cache lookup for key cache:session:4bc61703
2025-11-22 04:50:02.605 [WRN] HttpServer: Connection pool exhausted, waiting for available connection
2025-11-22 04:50:06.654 [INF] ApiGateway: Message published to tasks
2025-11-22 04:50:11.326 [WRN] MessageQueue: Certificate expires in 8 days
2025-11-22 04:50:13.082 [INF] FileProcessor: Configuration reloaded
2025-11-22 04:50:16.021 [INF] HttpServer: File data_e1e59fbb.csv processed, 8672 records
2025-11-22 04:50:20.837 [INF] Metrics: DELETE /api/v1/sessions/0433b6e4 completed in 174ms
2025-11-22 04:50:24.856 [DBG] Auth: Query execution plan generated
2025-11-22 04:50:24.918 [INF] Database: Request 94c00095 completed in 2977ms
2025-11-22 04:50:25.963 [DBG] FileProcessor: Connection pool status: 6/20 active
2025-11-22 04:50:27.417 [INF] HttpServer: GET /api/v1/products?page=5 completed in 839ms
2025-11-22 04:50:31.320 [DBG] FileProcessor: Processing request 53bf898a
2025-11-22 04:50:32.911 [INF] FileProcessor: Message consumed from events in 2756ms
2025-11-22 04:50:35.322 [DBG] Cache: Processing request de1ff552
2025-11-22 04:50:39.961 [DBG] HttpServer: Cache lookup for key cache:config:1f1adfcc
2025-11-22 04:50:44.263 [WRN] Database: Certificate expires in 16 days
2025-11-22 04:50:46.052 [WRN] HttpServer: Memory usage at 89%
2025-11-22 04:50:49.495 [INF] ApiGateway: Service started on port 3000
2025-11-22 04:50:51.629 [DBG] Auth: Processing request 1565ba48
2025-11-22 04:50:55.829 [WRN] Auth: Rate limit approaching for client client_e93b13c7
2025-11-22 04:50:59.672 [INF] MessageQueue: User user_2106 authenticated successfully
2025-11-22 04:51:02.834 [DBG] MessageQueue: Cache lookup for key cache:user:c6bcf2ea
2025-11-22 04:51:03.300 [INF] MessageQueue: Scheduled job CleanupJob completed in 178ms
2025-11-22 04:51:07.338 [INF] FileProcessor: Scheduled job ReportGenerator completed in 69ms
2025-11-22 04:51:07.828 [DBG] Auth: Query execution plan generated
2025-11-22 04:51:12.630 [INF] Database: Cache hit for key cache:user:c74bba2c
2025-11-22 04:51:17.626 [INF] Auth: Configuration reloaded
2025-11-22 04:51:22.626 [INF] Metrics: User user_7212 authenticated successfully
2025-11-22 04:51:26.090 [INF] Auth: Cache hit for key cache:user:bdacf371
2025-11-22 04:51:28.871 [INF] Cache: Health check passed
2025-11-22 04:51:33.359 [DBG] Metrics: Processing request 5c984978
2025-11-22 04:51:37.918 [INF] Scheduler: DELETE /api/v1/sessions/ba326925 completed in 17ms
2025-11-22 04:51:40.305 [INF] FileProcessor: Scheduled job ReportGenerator started
2025-11-22 04:51:44.417 [INF] HttpServer: POST /api/v1/orders completed in 2494ms
2025-11-22 04:51:45.796 [INF] Config: Configuration reloaded
2025-11-22 04:51:46.413 [INF] Scheduler: Scheduled job ReportGenerator completed in 409ms
2025-11-22 04:51:49.511 [INF] ApiGateway: Health check passed
2025-11-22 04:51:54.446 [INF] Config: Batch processing completed: 460/1090 items
2025-11-22 04:51:56.352 [DBG] Cache: Connection pool status: 7/20 active
2025-11-22 04:51:56.391 [DBG] Metrics: Parsed configuration: {"timeout": 30, "retries": 3}
2025-11-22 04:51:59.088 [INF] Cache: Outbound HTTP call to PaymentService completed in 476ms
2025-11-22 04:52:03.052 [WRN] Database: Deprecated API endpoint called: /api/v1/users
2025-11-22 04:52:06.089 [TRC] Database: Entering method ValidateInput with parameters {id: 123, type: "full"}
2025-11-22 04:52:07.750 [DBG] ApiGateway: Parsed configuration: {"timeout": 30, "retries": 3}
2025-11-22 04:52:11.335 [INF] Metrics: GET /api/v1/users/user_4086 completed in 683ms
2025-11-22 04:52:12.981 [DBG] Config: Cache lookup for key cache:config:781dd4f2
2025-11-22 04:52:17.384 [INF] Scheduler: File export_c2a3fddd.csv processed, 6216 records
2025-11-22 04:52:21.655 [WRN] Metrics: Memory usage at 87%
2025-11-22 04:52:24.112 [INF] ApiGateway: Batch processing completed: 736/1062 items
2025-11-22 04:52:27.965 [INF] Config: Message consumed from tasks in 12ms
2025-11-22 04:52:29.303 [DBG] Auth: Connection pool status: 1/20 active
2025-11-22 04:52:30.797 [WRN] Cache: Connection pool exhausted, waiting for available connection
2025-11-22 04:52:34.542 [INF] MessageQueue: User user_7140 authenticated successfully
2025-11-22 04:52:35.298 [DBG] Auth: Parsed configuration: {"timeout": 30, "retries": 3}
2025-11-22 04:52:38.886 [INF] MessageQueue: Message consumed from orders in 1796ms
2025-11-22 04:52:42.083 [WRN] FileProcessor: Slow query detected: 162ms for SELECT * FROM users WHERE...
2025-11-22 04:52:45.720 [TRC] Auth: Variable state: {counter: 42, flag: true}
2025-11-22 04:52:46.437 [DBG] Database: Connection pool status: 11/20 active
2025-11-22 04:52:48.849 [INF] ApiGateway: Request 088cb16e completed in 197ms
2025-11-22 04:52:50.030 [WRN] Config: Slow query detected: 38ms for SELECT * FROM users WHERE...
2025-11-22 04:52:52.520 [INF] FileProcessor: DELETE /api/v1/sessions/36ae32b7 completed in 34ms
2025-11-22 04:52:52.955 [INF] Scheduler: Batch processing completed: 469/1004 items
2025-11-22 04:52:54.051 [DBG] Config: Query execution plan generated
2025-11-22 04:52:54.913 [TRC] MessageQueue: Entering method ValidateInput with parameters {id: 123, type: "full"}
2025-11-22 04:52:56.482 [INF] Config: Batch processing completed: 821/1068 items
2025-11-22 04:53:00.266 [INF] ApiGateway: Service started on port 8080
2025-11-22 04:53:01.872 [INF] HttpServer: GET /api/v1/users/user_9530 completed in 3453ms
2025-11-22 04:53:05.443 [INF] Config: User user_5532 authenticated successfully
2025-11-22 04:53:08.889 [INF] Metrics: Message consumed from notifications in 910ms
2025-11-22 04:53:12.305 [WRN] Cache: Connection pool exhausted, waiting for available connection
2025-11-22 04:53:13.732 [WRN] Auth: Retry attempt 4 for operation SendEmail
2025-11-22 04:53:17.468 [INF] Metrics: PUT /api/v1/users/user_9632/profile completed in 2578ms
2025-11-22 04:53:20.134 [INF] Metrics: Outbound HTTP call to PaymentService completed in 29ms
2025-11-22 04:53:23.999 [INF] Auth: PUT /api/v1/users/user_8086/profile completed in 143ms
2025-11-22 04:53:26.299 [DBG] Cache: Processing request 61e3d597
2025-11-22 04:53:28.276 [INF] Cache: Health check passed
2025-11-22 04:53:32.189 [INF] MessageQueue: Batch processing completed: 309/1091 items
2025-11-22 04:53:33.653 [DBG] Auth: Cache lookup for key cache:config:babed7d7
2025-11-22 04:53:33.680 [INF] Metrics: Service started on port 3000
2025-11-22 04:53:35.734 [INF] MessageQueue: Connected to database postgres://db:5432/app
2025-11-22 04:53:39.563 [DBG] Cache: Query execution plan generated
2025-11-22 04:53:41.461 [WRN] HttpServer: Memory usage at 81%
2025-11-22 04:53:45.806 [INF] Auth: Message consumed from tasks in 104ms
2025-11-22 04:53:47.363 [INF] Metrics: Message published to notifications
2025-11-22 04:53:48.707 [WRN] Scheduler: Retry attempt 2 for operation ProcessPayment
2025-11-22 04:53:50.974 [INF] Auth: PUT /api/v1/users/user_8641/profile completed in 2780ms
2025-11-22 04:53:54.293 [DBG] ApiGateway: Query execution plan generated
2025-11-22 04:53:58.786 [INF] MessageQueue: Message published to tasks
2025-11-22 04:54:01.441 [INF] Cache: Health check passed
2025-11-22 04:54:06.113 [INF] Scheduler: GET /api/v1/products?page=57 completed in 3919ms
2025-11-22 04:54:09.877 [DBG] Auth: Connection pool status: 11/20 active
2025-11-22 04:54:13.939 [DBG] Metrics: Cache lookup for key cache:config:f776955e
2025-11-22 04:54:15.799 [TRC] ApiGateway: Entering method ProcessOrder with parameters {id: 123, type: "full"}
2025-11-22 04:54:20.011 [DBG] Database: Connection pool status: 11/20 active
2025-11-22 04:54:23.738 [INF] Config: Batch processing completed: 117/1010 items
2025-11-22 04:54:24.878 [INF] MessageQueue: Message consumed from tasks in 890ms
2025-11-22 04:54:28.328 [INF] MessageQueue: Cache hit for key cache:session:a2e1512c
2025-11-22 04:54:29.619 [DBG] ApiGateway: Connection pool status: 20/20 active
2025-11-22 04:54:33.162 [DBG] HttpServer: Processing request 495340a3
2025-11-22 04:54:33.900 [INF] FileProcessor: Batch processing completed: 372/1078 items
2025-11-22 04:54:37.124 [DBG] Config: Connection pool status: 10/20 active
2025-11-22 04:54:37.851 [INF] Auth: Message consumed from orders in 192ms
2025-11-22 04:54:39.769 [DBG] Database: Processing request 2eb9eabb
2025-11-22 04:54:43.952 [INF] Auth: Health check passed
2025-11-22 04:54:48.328 [WRN] Metrics: Certificate expires in 19 days
2025-11-22 04:54:48.522 [DBG] Metrics: Processing request 7ff502c0
2025-11-22 04:54:48.802 [INF] FileProcessor: User user_4188 authenticated successfully
2025-11-22 04:54:51.185 [INF] MessageQueue: File export_e15694ba.csv processed, 495 records
2025-11-22 04:54:54.579 [ERR] Cache: File not found: export_51380d7c.csv
2025-11-22 04:54:54.911 [ERR] Cache: Invalid message format: Unexpected field "foo" at position 42
2025-11-22 04:54:58.760 [DBG] Scheduler: Parsed configuration: {"timeout": 30, "retries": 3}
2025-11-22 04:54:59.191 [INF] Metrics: Cache hit for key cache:user:5454a802
2025-11-22 04:55:02.446 [INF] Database: Cache hit for key cache:user:d9a501e1
2025-11-22 04:55:05.400 [INF] Auth: Configuration reloaded
2025-11-22 04:55:10.220 [WRN] Database: Rate limit approaching for client client_e8eeb77c
2025-11-22 04:55:14.922 [INF] Metrics: Outbound HTTP call to NotificationService completed in 717ms
2025-11-22 04:55:17.417 [WRN] Auth: Retry attempt 5 for operation SendEmail
2025-11-22 04:55:20.153 [INF] Scheduler: Cache hit for key cache:user:89960f3a
2025-11-22 04:55:23.919 [ERR] Config: Timeout waiting for response from UserService
2025-11-22 04:55:25.613 [INF] MessageQueue: Batch processing completed: 737/1014 items
2025-11-22 04:55:26.761 [DBG] Metrics: Processing request dbab210e
2025-11-22 04:55:27.372 [INF] Config: Cache hit for key cache:session:fad1c92f
2025-11-22 04:55:27.894 [DBG] Auth: Processing request d52b660a
2025-11-22 04:55:30.934 [INF] Cache: Scheduled job ReportGenerator started
2025-11-22 04:55:34.803 [INF] Config: Database query executed in 3ms
2025-11-22 04:55:35.350 [DBG] MessageQueue: Connection pool status: 13/20 active
2025-11-22 04:55:40.094 [INF] Config: File report_1040b7f7.csv processed, 1763 records
2025-11-22 04:55:40.169 [DBG] Scheduler: Query execution plan generated
2025-11-22 04:55:43.595 [INF] MessageQueue: Connected to database postgres://db:5432/app
2025-11-22 04:55:45.203 [INF] Scheduler: DELETE /api/v1/sessions/0da0cf61 completed in 1ms
2025-11-22 04:55:49.692 [DBG] HttpServer: Cache lookup for key cache:config:498abe26
2025-11-22 04:55:54.349 [INF] Metrics: GET /api/v1/users/user_6573 completed in 711ms
2025-11-22 04:55:57.881 [WRN] FileProcessor: Rate limit approaching for client client_f117deb4
2025-11-22 04:56:00.208 [DBG] Cache: Query execution plan generated
2025-11-22 04:56:04.849 [INF] MessageQueue: Request 895eb79b completed in 3637ms
2025-11-22 04:56:08.824 [DBG] Scheduler: Cache lookup for key cache:config:3e35b959
2025-11-22 04:56:09.670 [WRN] Metrics: Rate limit approaching for client client_7aeefe40
2025-11-22 04:56:11.181 [INF] Config: Cache hit for key cache:config:2f4cac5e
2025-11-22 04:56:12.753 [ERR] Auth: Timeout waiting for response from PaymentService
2025-11-22 04:56:17.512 [INF] HttpServer: Outbound HTTP call to NotificationService completed in 2961ms
2025-11-22 04:56:18.715 [INF] Scheduler: Batch processing completed: 362/1075 items
2025-11-22 04:56:21.285 [DBG] FileProcessor: Parsed configuration: {"timeout": 30, "retries": 3}
2025-11-22 04:56:26.193 [INF] FileProcessor: Scheduled job ReportGenerator started
2025-11-22 04:56:27.284 [DBG] Metrics: Processing request dd437012
2025-11-22 04:56:27.761 [WRN] Cache: Retry attempt 2 for operation SendEmail
2025-11-22 04:56:31.453 [INF] FileProcessor: Configuration reloaded
2025-11-22 04:56:36.269 [INF] Cache: GET /api/v1/users/user_4933 completed in 63ms
2025-11-22 04:56:40.322 [INF] Database: PUT /api/v1/users/user_3333/profile completed in 1ms
2025-11-22 04:56:42.456 [INF] Database: Configuration reloaded
2025-11-22 04:56:45.794 [INF] HttpServer: PUT /api/v1/users/user_9236/profile completed in 688ms
2025-11-22 04:56:48.448 [DBG] Config: Processing request 1e0e0c35
2025-11-22 04:56:51.996 [DBG] Database: Processing request 5fae339b
2025-11-22 04:56:52.283 [INF] Scheduler: Message published to tasks
2025-11-22 04:56:55.995 [INF] Config: Scheduled job BackupJob started
2025-11-22 04:56:57.579 [INF] HttpServer: Request 17070f76 completed in 666ms
2025-11-22 04:57:00.622 [DBG] Auth: Parsed configuration: {"timeout": 30, "retries": 3}
2025-11-22 04:57:05.217 [INF] HttpServer: File import_f0889bce.csv processed, 9933 records
2025-11-22 04:57:07.256 [INF] Database: Message consumed from notifications in 107ms
2025-11-22 04:57:10.685 [INF] FileProcessor: Outbound HTTP call to UserService completed in 902ms
2025-11-22 04:57:12.471 [INF] HttpServer: Batch processing completed: 397/1093 items
2025-11-22 04:57:13.414 [INF] FileProcessor: POST /api/v1/orders completed in 367ms
2025-11-22 04:57:15.523 [INF] HttpServer: File report_2d926cd6.csv processed, 4452 records
2025-11-22 04:57:19.490 [INF] Cache: GET /api/v1/products?page=66 completed in 174ms
2025-11-22 04:57:21.304 [INF] Cache: Service started on port 5000
2025-11-22 04:57:24.232 [INF] Database: Database query executed in 12ms
2025-11-22 04:57:24.496 [DBG] ApiGateway: Cache lookup for key cache:user:61bb1f17
2025-11-22 04:57:25.865 [DBG] Database: Query execution plan generated
2025-11-22 04:57:30.532 [DBG] Auth: Connection pool status: 8/20 active
2025-11-22 04:57:35.003 [DBG] HttpServer: Query execution plan generated
2025-11-22 04:57:36.697 [INF] Auth: Message consumed from notifications in 3581ms
2025-11-22 04:57:39.742 [WRN] Database: Deprecated API endpoint called: /api/v1/orders
2025-11-22 04:57:42.302 [INF] MessageQueue: GET /api/v1/users/user_4861 completed in 3453ms
2025-11-22 04:57:43.303 [DBG] Database: Parsed configuration: {"timeout": 30, "retries": 3}
2025-11-22 04:57:45.995 [WRN] Scheduler: Deprecated API endpoint called: /api/v1/orders
2025-11-22 04:57:47.162 [WRN] Config: Retry attempt 3 for operation SyncData
2025-11-22 04:57:51.593 [ERR] Database: Authentication failed for user user_6615
2025-11-22 04:57:54.899 [INF] Config: Message published to notifications
2025-11-22 04:57:55.912 [INF] Metrics: GET /api/v1/users/user_4087 completed in 4ms
2025-11-22 04:57:57.398 [DBG] Metrics: Query execution plan generated
2025-11-22 04:58:00.376 [DBG] ApiGateway: Processing request a1934c58
2025-11-22 04:58:04.781 [FTL] Auth: Unrecoverable error, shutting down
2025-11-22 04:58:06.289 [WRN] Scheduler: Slow query detected: 1924ms for SELECT * FROM users WHERE...
2025-11-22 04:58:07.325 [INF] Cache: Batch processing completed: 954/1066 items
2025-11-22 04:58:08.136 [INF] Auth: Configuration reloaded
2025-11-22 04:58:12.307 [INF] Metrics: GET /api/v1/users/user_9413 completed in 119ms
2025-11-22 04:58:16.460 [INF] Config: Scheduled job CleanupJob started
2025-11-22 04:58:17.140 [INF] ApiGateway: File export_b0eec79d.csv processed, 8718 records
2025-11-22 04:58:19.137 [TRC] Cache: Entering method Transform with parameters {id: 123, type: "full"}
2025-11-22 04:58:22.255 [INF] FileProcessor: DELETE /api/v1/sessions/2e65fbf9 completed in 50ms
2025-11-22 04:58:25.601 [INF] MessageQueue: Scheduled job ReportGenerator started
2025-11-22 04:58:29.524 [DBG] Config: Connection pool status: 12/20 active
2025-11-22 04:58:31.328 [DBG] Database: Connection pool status: 3/20 active
2025-11-22 04:58:33.429 [INF] MessageQueue: Batch processing completed: 697/1083 items
2025-11-22 04:58:36.066 [DBG] FileProcessor: Processing request 41b08594
2025-11-22 04:58:37.530 [INF] Config: POST /api/v1/orders completed in 282ms
2025-11-22 04:58:39.866 [INF] Cache: POST /api/v1/orders completed in 1254ms
2025-11-22 04:58:42.762 [INF] HttpServer: File export_b039eef3.csv processed, 8569 records
2025-11-22 04:58:45.563 [INF] HttpServer: Service started on port 3000
2025-11-22 04:58:49.614 [INF] MessageQueue: Message consumed from events in 176ms
2025-11-22 04:58:52.447 [DBG] MessageQueue: Parsed configuration: {"timeout": 30, "retries": 3}
2025-11-22 04:58:56.142 [INF] MessageQueue: Message consumed from notifications in 2062ms
2025-11-22 04:58:58.677 [INF] FileProcessor: Connected to database mysql://db:3306/app
2025-11-22 04:59:03.236 [INF] Scheduler: Scheduled job CleanupJob completed in 461ms
2025-11-22 04:59:04.958 [INF] Cache: DELETE /api/v1/sessions/14450bf1 completed in 835ms
2025-11-22 04:59:06.090 [INF] Auth: DELETE /api/v1/sessions/0540563d completed in 42ms
2025-11-22 04:59:10.030 [DBG] FileProcessor: Query execution plan generated
2025-11-22 04:59:12.794 [INF] Scheduler: GET /api/v1/users/user_5403 completed in 766ms
2025-11-22 04:59:17.309 [INF] ApiGateway: POST /api/v1/orders completed in 4ms
2025-11-22 04:59:21.753 [DBG] MessageQueue: Connection pool status: 16/20 active
2025-11-22 04:59:22.261 [INF] Database: DELETE /api/v1/sessions/95558721 completed in 587ms
2025-11-22 04:59:26.269 [WRN] Scheduler: Deprecated API endpoint called: /api/v1/users
2025-11-22 04:59:27.426 [INF] Database: Database query executed in 182ms
2025-11-22 04:59:29.160 [DBG] Config: Cache lookup for key cache:session:f968a406
2025-11-22 04:59:29.706 [INF] FileProcessor: PUT /api/v1/users/user_9781/profile completed in 2366ms
2025-11-22 04:59:32.900 [INF] Config: Request fcbd779d completed in 59ms
2025-11-22 04:59:34.231 [DBG] Cache: Query execution plan generated
2025-11-22 04:59:37.175 [DBG] MessageQueue: Cache lookup for key cache:user:3572a316
2025-11-22 04:59:41.132 [DBG] ApiGateway: Parsed configuration: {"timeout": 30, "retries": 3}
2025-11-22 04:59:42.674 [INF] Database: Scheduled job CleanupJob completed in 613ms
2025-11-22 04:59:45.977 [DBG] Config: Query execution plan generated
2025-11-22 04:59:46.299 [INF] Auth: Request 9be5c4b6 completed in 49ms
2025-11-22 04:59:46.836 [INF] HttpServer: Scheduled job CleanupJob started
2025-11-22 04:59:49.231 [INF] Database: Message published to orders
2025-11-22 04:59:49.412 [INF] Database: File report_b98121b0.csv processed, 5677 records
2025-11-22 04:59:52.097 [WRN] Scheduler: Retry attempt 5 for operation ProcessPayment
2025-11-22 04:59:54.287 [INF] Metrics: DELETE /api/v1/sessions/31248fd2 completed in 483ms
2025-11-22 04:59:56.699 [INF] MessageQueue: Health check passed
2025-11-22 04:59:57.883 [INF] Cache: User user_6341 authenticated successfully
2025-11-22 05:00:00.949 [INF] Metrics: Service started on port 443
2025-11-22 05:00:04.107 [FTL] ApiGateway: Unrecoverable error, shutting down
2025-11-22 05:00:08.325 [ERR] ApiGateway: Invalid message format: Unexpected field "foo" at position 42
2025-11-22 05:00:11.468 [INF] Auth: File export_21eb0f51.csv processed, 724 records
2025-11-22 05:00:13.240 [DBG] HttpServer: Connection pool status: 20/20 active
2025-11-22 05:00:15.532 [INF] Database: Batch processing completed: 112/1067 items
2025-11-22 05:00:19.893 [INF] ApiGateway: Scheduled job BackupJob started
2025-11-22 05:00:20.196 [FTL] MessageQueue: Data corruption detected in users
2025-11-22 05:00:20.282 [INF] Metrics: User user_1228 authenticated successfully
2025-11-22 05:00:21.982 [INF] Config: User user_2335 authenticated successfully
2025-11-22 05:00:24.671 [DBG] ApiGateway: Connection pool status: 3/20 active
2025-11-22 05:00:28.457 [INF] Auth: Batch processing completed: 226/1021 items
2025-11-22 05:00:32.876 [INF] HttpServer: Outbound HTTP call to NotificationService completed in 31ms
2025-11-22 05:00:34.753 [INF] ApiGateway: Health check passed
2025-11-22 05:00:39.434 [INF] FileProcessor: Batch processing completed: 649/1082 items
2025-11-22 05:00:43.136 [INF] Config: Service started on port 443
2025-11-22 05:00:44.972 [DBG] Scheduler: Processing request 1df563a1
2025-11-22 05:00:47.422 [INF] Auth: Cache hit for key cache:user:e8d9bce5
2025-11-22 05:00:50.261 [INF] Metrics: GET /api/v1/users/user_5828 completed in 86ms
2025-11-22 05:00:55.050 [INF] Cache: Scheduled job CleanupJob started
2025-11-22 05:00:57.594 [WRN] Database: Deprecated API endpoint called: /api/v1/legacy
2025-11-22 05:00:58.559 [INF] ApiGateway: Scheduled job DataSync completed in 1136ms
2025-11-22 05:01:00.604 [INF] Cache: Connected to database postgres://db:5432/app
2025-11-22 05:01:00.798 [INF] Config: Connected to database mysql://db:3306/app
2025-11-22 05:01:04.900 [DBG] MessageQueue: Processing request 90f656b0
2025-11-22 05:01:05.169 [WRN] ApiGateway: Retry attempt 3 for operation SyncData
2025-11-22 05:01:08.897 [INF] Metrics: Request bd27ddcc completed in 532ms
2025-11-22 05:01:11.111 [WRN] Auth: Certificate expires in 24 days
2025-11-22 05:01:14.989 [FTL] Metrics: Critical resource unavailable: Database
2025-11-22 05:01:19.365 [TRC] Cache: Variable state: {counter: 42, flag: true}
2025-11-22 05:01:20.895 [DBG] Config: Processing request 9887f13d
2025-11-22 05:01:24.184 [INF] Database: Request 6ae677d2 completed in 101ms
2025-11-22 05:01:24.819 [WRN] HttpServer: Connection pool exhausted, waiting for available connection
2025-11-22 05:01:26.653 [INF] MessageQueue: Cache hit for key cache:user:2c098237
2025-11-22 05:01:28.940 [INF] HttpServer: GET /api/v1/users/user_9302 completed in 20ms
2025-11-22 05:01:30.898 [ERR] Database: Authentication failed for user user_2575
2025-11-22 05:01:31.326 [DBG] HttpServer: Connection pool status: 18/20 active
2025-11-22 05:01:32.949 [DBG] Metrics: Query execution plan generated
2025-11-22 05:01:36.027 [DBG] Auth: Cache lookup for key cache:user:93814c5c
2025-11-22 05:01:39.947 [DBG] Metrics: Parsed configuration: {"timeout": 30, "retries": 3}
2025-11-22 05:01:42.705 [INF] FileProcessor: Outbound HTTP call to NotificationService completed in 413ms
2025-11-22 05:01:47.588 [DBG] Auth: Cache lookup for key cache:session:dd402e67
2025-11-22 05:01:48.930 [INF] Cache: Request c59466aa completed in 31ms
2025-11-22 05:01:49.464 [INF] MessageQueue: Batch processing completed: 271/1093 items
2025-11-22 05:01:53.722 [INF] Config: DELETE /api/v1/sessions/821812bc completed in 5ms
2025-11-22 05:01:57.635 [DBG] Auth: Query execution plan generated
2025-11-22 05:02:02.563 [INF] Cache: Outbound HTTP call to PaymentService completed in 851ms
2025-11-22 05:02:03.269 [INF] ApiGateway: File export_e0347756.csv processed, 2784 records
2025-11-22 05:02:06.536 [INF] Metrics: Scheduled job DataSync completed in 3236ms
2025-11-22 05:02:09.391 [INF] Metrics: Request 9d2d9135 completed in 2367ms
2025-11-22 05:02:12.360 [WRN] MessageQueue: Connection pool exhausted, waiting for available connection
2025-11-22 05:02:12.894 [INF] Config: Outbound HTTP call to PaymentService completed in 45ms
2025-11-22 05:02:16.309 [DBG] FileProcessor: Parsed configuration: {"timeout": 30, "retries": 3}
2025-11-22 05:02:20.802 [WRN] Scheduler: Slow query detected: 138ms for SELECT * FROM users WHERE...
2025-11-22 05:02:25.168 [INF] FileProcessor: Configuration reloaded
2025-11-22 05:02:29.024 [DBG] Cache: Parsed configuration: {"timeout": 30, "retries": 3}
2025-11-22 05:02:32.878 [INF] Config: Scheduled job DataSync completed in 2266ms
2025-11-22 05:02:36.816 [INF] ApiGateway: File export_07a2df8e.csv processed, 2495 records
2025-11-22 05:02:40.394 [DBG] Config: Cache lookup for key cache:config:9ff4e02e
2025-11-22 05:02:41.825 [DBG] Cache: Connection pool status: 9/20 active
2025-11-22 05:02:43.782 [DBG] Database: Processing request af74b824
2025-11-22 05:02:44.039 [DBG] ApiGateway: Query execution plan generated
2025-11-22 05:02:46.593 [INF] Metrics: GET /api/v1/users/user_4358 completed in 4443ms
2025-11-22 05:02:51.583 [INF] Metrics: Message consumed from events in 590ms
2025-11-22 05:02:52.291 [INF] Cache: User user_1553 authenticated successfully
2025-11-22 05:02:53.894 [WRN] FileProcessor: Rate limit approaching for client client_f7a63837
2025-11-22 05:02:57.661 [INF] Cache: User user_8968 authenticated successfully
2025-11-22 05:02:59.875 [ERR] Auth: Invalid message format: Unexpected field "foo" at position 42
2025-11-22 05:03:04.038 [INF] Cache: Health check passed
2025-11-22 05:03:08.370 [INF] Metrics: Configuration reloaded
2025-11-22 05:03:10.125 [INF] MessageQueue: Health check passed
2025-11-22 05:03:14.557 [INF] Config: File import_7e6eb1c9.csv processed, 8124 records
2025-11-22 05:03:17.497 [INF] Metrics: DELETE /api/v1/sessions/8414fdd0 completed in 50ms
2025-11-22 05:03:21.367 [INF] Config: Health check passed
2025-11-22 05:03:23.566 [DBG] Cache: Query execution plan generated
2025-11-22 05:03:25.295 [INF] Database: PUT /api/v1/users/user_2997/profile completed in 339ms
2025-11-22 05:03:29.354 [INF] Config: PUT /api/v1/users/user_4331/profile completed in 125ms
2025-11-22 05:03:30.578 [INF] Metrics: User user_6049 authenticated successfully
2025-11-22 05:03:35.028 [INF] Auth: Message consumed from orders in 41ms
2025-11-22 05:03:37.137 [ERR] ApiGateway: Invalid message format: Unexpected field "foo" at position 42
2025-11-22 05:03:37.332 [DBG] Auth: Query execution plan generated
2025-11-22 05:03:39.830 [INF] Scheduler: PUT /api/v1/users/user_5551/profile completed in 100ms
2025-11-22 05:03:42.652 [INF] Config: Outbound HTTP call to UserService completed in 2650ms
2025-11-22 05:03:43.834 [INF] ApiGateway: Database query executed in 37ms
2025-11-22 05:03:47.033 [INF] MessageQueue: Message consumed from orders in 109ms
2025-11-22 05:03:49.194 [INF] FileProcessor: Message consumed from notifications in 2288ms
2025-11-22 05:03:51.310 [INF] FileProcessor: User user_1807 authenticated successfully
2025-11-22 05:03:56.230 [INF] Scheduler: PUT /api/v1/users/user_8907/profile completed in 130ms
2025-11-22 05:03:58.163 [DBG] ApiGateway: Cache lookup for key cache:config:57f5f851
2025-11-22 05:04:02.721 [INF] Database: PUT /api/v1/users/user_5158/profile completed in 163ms
2025-11-22 05:04:05.782 [FTL] Scheduler: Application startup failed: Invalid token
2025-11-22 05:04:10.631 [INF] ApiGateway: Message published to orders
2025-11-22 05:04:15.318 [INF] HttpServer: PUT /api/v1/users/user_7290/profile completed in 12ms
2025-11-22 05:04:18.843 [DBG] Config: Query execution plan generated
2025-11-22 05:04:20.835 [INF] Config: Connected to database postgres://db:5432/app
2025-11-22 05:04:22.279 [DBG] MessageQueue: Processing request 2310ce6e
2025-11-22 05:04:23.977 [ERR] Cache: Database connection failed: Resource not found
2025-11-22 05:04:26.765 [INF] Metrics: Configuration reloaded
2025-11-22 05:04:31.097 [INF] Metrics: POST /api/v1/orders completed in 1754ms
2025-11-22 05:04:34.162 [INF] Cache: Database query executed in 24ms
2025-11-22 05:04:36.405 [INF] MessageQueue: Scheduled job ReportGenerator started
2025-11-22 05:04:37.132 [WRN] HttpServer: Slow query detected: 49ms for SELECT * FROM users WHERE...
2025-11-22 05:04:39.554 [INF] Auth: GET /api/v1/users/user_1948 completed in 25ms
2025-11-22 05:04:42.426 [INF] Database: GET /api/v1/users/user_3734 completed in 37ms
2025-11-22 05:04:47.369 [INF] MessageQueue: Database query executed in 8ms
2025-11-22 05:04:48.726 [INF] Metrics: Database query executed in 134ms
2025-11-22 05:04:48.974 [FTL] Scheduler: Application startup failed: Connection refused
2025-11-22 05:04:49.881 [TRC] Scheduler: Loop iteration 62 of 1016
2025-11-22 05:04:54.395 [INF] FileProcessor: DELETE /api/v1/sessions/b0dcd0a5 completed in 38ms
2025-11-22 05:04:58.830 [INF] FileProcessor: Request 7653bfec completed in 1806ms
2025-11-22 05:04:59.431 [INF] MessageQueue: Outbound HTTP call to PaymentService completed in 4095ms
2025-11-22 05:05:02.337 [INF] FileProcessor: Health check passed
2025-11-22 05:05:04.818 [DBG] Database: Cache lookup for key cache:user:cc8715cc
2025-11-22 05:05:09.765 [INF] ApiGateway: File data_73e2065d.csv processed, 5703 records
2025-11-22 05:05:11.080 [DBG] Config: Connection pool status: 15/20 active
2025-11-22 05:05:15.951 [INF] FileProcessor: Request 23efc890 completed in 472ms
2025-11-22 05:05:17.936 [INF] Cache: GET /api/v1/users/user_6364 completed in 367ms
2025-11-22 05:05:19.824 [DBG] Config: Parsed configuration: {"timeout": 30, "retries": 3}
2025-11-22 05:05:22.069 [TRC] MessageQueue: Variable state: {counter: 42, flag: true}
2025-11-22 05:05:25.248 [INF] ApiGateway: Message consumed from orders in 1785ms
2025-11-22 05:05:28.621 [INF] Database: Health check passed
2025-11-22 05:05:29.544 [DBG] ApiGateway: Parsed configuration: {"timeout": 30, "retries": 3}
2025-11-22 05:05:29.759 [INF] Auth: Outbound HTTP call to NotificationService completed in 36ms
2025-11-22 05:05:30.252 [DBG] Metrics: Processing request 12dbef39
2025-11-22 05:05:35.217 [INF] MessageQueue: Batch processing completed: 142/1061 items
2025-11-22 05:05:36.075 [INF] FileProcessor: Health check passed
2025-11-22 05:05:36.359 [INF] MessageQueue: PUT /api/v1/users/user_1301/profile completed in 205ms
2025-11-22 05:05:40.962 [INF] HttpServer: User user_3371 authenticated successfully
2025-11-22 05:05:45.736 [DBG] HttpServer: Processing request 836c3f71
2025-11-22 05:05:46.400 [ERR] Scheduler: File not found: report_b9dd2ed4.csv
2025-11-22 05:05:48.431 [INF] Cache: GET /api/v1/users/user_2543 completed in 5ms
2025-11-22 05:05:51.322 [INF] Scheduler: GET /api/v1/users/user_7364 completed in 1ms
2025-11-22 05:05:54.167 [INF] Scheduler: Health check passed
2025-11-22 05:05:54.284 [DBG] Metrics: Connection pool status: 2/20 active
2025-11-22 05:05:56.534 [INF] Scheduler: Scheduled job DataSync started
2025-11-22 05:05:58.600 [INF] Cache: Request 304e5bdc completed in 20ms
2025-11-22 05:06:00.230 [INF] Metrics: Configuration reloaded
2025-11-22 05:06:04.075 [INF] Config: POST /api/v1/orders completed in 793ms
2025-11-22 05:06:06.933 [INF] Cache: Health check passed
2025-11-22 05:06:09.774 [INF] MessageQueue: Message published to tasks
2025-11-22 05:06:13.244 [WRN] Auth: Retry attempt 5 for operation ProcessPayment
2025-11-22 05:06:13.761 [DBG] MessageQueue: Connection pool status: 13/20 active
2025-11-22 05:06:16.253 [INF] Database: Outbound HTTP call to UserService completed in 93ms
2025-11-22 05:06:20.411 [DBG] Database: Parsed configuration: {"timeout": 30, "retries": 3}
2025-11-22 05:06:22.598 [INF] Scheduler: GET /api/v1/users/user_3002 completed in 76ms
2025-11-22 05:06:27.213 [DBG] Scheduler: Cache lookup for key cache:config:8e7dc5e6
2025-11-22 05:06:28.978 [INF] Scheduler: Service started on port 8080
2025-11-22 05:06:29.450 [INF] Config: GET /api/v1/users/user_1005 completed in 214ms
2025-11-22 05:06:30.168 [INF] Scheduler: Scheduled job CleanupJob started
2025-11-22 05:06:33.403 [INF] MessageQueue: Scheduled job BackupJob started
2025-11-22 05:06:34.411 [INF] Cache: Configuration reloaded
2025-11-22 05:06:35.784 [INF] MessageQueue: Message published to orders
2025-11-22 05:06:39.478 [INF] Cache: Message published to orders
2025-11-22 05:06:41.545 [INF] Metrics: Message consumed from notifications in 25ms
2025-11-22 05:06:43.904 [INF] Auth: PUT /api/v1/users/user_5291/profile completed in 438ms
2025-11-22 05:06:44.107 [INF] Config: Database query executed in 601ms
2025-11-22 05:06:44.730 [INF] Scheduler: Batch processing completed: 818/1070 items
2025-11-22 05:06:47.950 [ERR] Auth: Authentication failed for user user_9192
2025-11-22 05:06:48.105 [INF] ApiGateway: Scheduled job BackupJob completed in 158ms
2025-11-22 05:06:48.361 [DBG] Metrics: Connection pool status: 13/20 active
2025-11-22 05:06:48.715 [ERR] FileProcessor: Unhandled exception in ApiGateway: Connection refused
2025-11-22 05:06:52.139 [INF] HttpServer: User user_3081 authenticated successfully
2025-11-22 05:06:53.904 [INF] Auth: GET /api/v1/users/user_3402 completed in 21ms
2025-11-22 05:06:54.963 [INF] HttpServer: Outbound HTTP call to PaymentService completed in 1562ms
2025-11-22 05:06:59.182 [WRN] HttpServer: Memory usage at 74%
2025-11-22 05:07:00.560 [INF] Scheduler: POST /api/v1/orders completed in 41ms
2025-11-22 05:07:04.831 [INF] Scheduler: Outbound HTTP call to NotificationService completed in 213ms
2025-11-22 05:07:07.936 [TRC] MessageQueue: Loop iteration 7 of 1026
2025-11-22 05:07:11.224 [DBG] MessageQueue: Connection pool status: 20/20 active
2025-11-22 05:07:13.206 [TRC] MessageQueue: Variable state: {counter: 42, flag: true}
2025-11-22 05:07:14.578 [WRN] ApiGateway: Slow query detected: 161ms for SELECT * FROM users WHERE...
2025-11-22 05:07:17.886 [INF] MessageQueue: GET /api/v1/users/user_4223 completed in 9ms
2025-11-22 05:07:20.151 [INF] MessageQueue: Connected to database postgres://db:5432/app
2025-11-22 05:07:23.590 [DBG] Cache: Parsed configuration: {"timeout": 30, "retries": 3}
2025-11-22 05:07:24.131 [INF] Database: POST /api/v1/orders completed in 48ms
2025-11-22 05:07:26.315 [INF] HttpServer: User user_8980 authenticated successfully
2025-11-22 05:07:27.931 [WRN] Metrics: Memory usage at 82%
2025-11-22 05:07:32.373 [INF] ApiGateway: Connected to database mysql://db:3306/app
2025-11-22 05:07:35.285 [INF] Cache: GET /api/v1/users/user_5924 completed in 46ms
2025-11-22 05:07:36.754 [INF] Config: User user_5117 authenticated successfully
2025-11-22 05:07:40.651 [INF] Auth: Batch processing completed: 882/1056 items
2025-11-22 05:07:43.774 [INF] Database: Database query executed in 119ms
2025-11-22 05:07:44.848 [INF] Metrics: Message consumed from events in 3140ms
2025-11-22 05:07:49.481 [INF] Cache: Message published to notifications
2025-11-22 05:07:51.297 [INF] ApiGateway: Scheduled job BackupJob completed in 1959ms
2025-11-22 05:07:54.322 [INF] Scheduler: Connected to database postgres://db:5432/app
2025-11-22 05:07:59.319 [FTL] HttpServer: Application startup failed: Resource not found
2025-11-22 05:08:03.173 [TRC] HttpServer: Entering method ValidateInput with parameters {id: 123, type: "full"}
2025-11-22 05:08:07.690 [INF] HttpServer: Message published to events
2025-11-22 05:08:12.105 [INF] Metrics: Message consumed from orders in 733ms
2025-11-22 05:08:16.202 [INF] MessageQueue: GET /api/v1/users/user_6936 completed in 4720ms
2025-11-22 05:08:17.109 [DBG] Database: Query execution plan generated
2025-11-22 05:08:18.266 [INF] Database: File import_f0dbe841.csv processed, 984 records
2025-11-22 05:08:19.183 [DBG] MessageQueue: Parsed configuration: {"timeout": 30, "retries": 3}
2025-11-22 05:08:23.044 [DBG] Config: Query execution plan generated
2025-11-22 05:08:27.935 [INF] Scheduler: Health check passed
2025-11-22 05:08:30.324 [INF] Metrics: GET /api/v1/products?page=56 completed in 3620ms
2025-11-22 05:08:32.442 [INF] MessageQueue: Scheduled job BackupJob completed in 861ms
2025-11-22 05:08:36.866 [INF] ApiGateway: GET /api/v1/products?page=93 completed in 743ms
2025-11-22 05:08:37.506 [INF] ApiGateway: Scheduled job ReportGenerator completed in 46ms
2025-11-22 05:08:38.857 [INF] Config: Service started on port 443
2025-11-22 05:08:38.975 [DBG] MessageQueue: Cache lookup for key cache:config:b3cf2322
2025-11-22 05:08:40.358 [INF] HttpServer: Message published to tasks
2025-11-22 05:08:43.730 [DBG] HttpServer: Processing request 31d18483
2025-11-22 05:08:44.003 [INF] Scheduler: POST /api/v1/orders completed in 2900ms
2025-11-22 05:08:48.558 [INF] Scheduler: PUT /api/v1/users/user_6278/profile completed in 39ms
2025-11-22 05:08:52.309 [WRN] Config: Rate limit approaching for client client_20d733e4
2025-11-22 05:08:57.085 [INF] Database: Scheduled job ReportGenerator completed in 24ms
2025-11-22 05:08:57.622 [WRN] MessageQueue: Certificate expires in 8 days
2025-11-22 05:09:01.019 [INF] FileProcessor: User user_7330 authenticated successfully
2025-11-22 05:09:03.002 [INF] HttpServer: Connected to database mysql://db:3306/app
2025-11-22 05:09:06.727 [DBG] Metrics: Processing request c7eadaed
2025-11-22 05:09:07.784 [INF] Config: GET /api/v1/users/user_8090 completed in 335ms
2025-11-22 05:09:10.273 [INF] ApiGateway: Request 3a8e6e9a completed in 154ms
2025-11-22 05:09:11.095 [DBG] FileProcessor: Processing request ac430774
2025-11-22 05:09:12.971 [INF] Config: Service started on port 3000
2025-11-22 05:09:17.637 [INF] HttpServer: Message consumed from notifications in 3922ms
2025-11-22 05:09:20.721 [INF] Metrics: Configuration reloaded
2025-11-22 05:09:23.247 [INF] ApiGateway: Health check passed
2025-11-22 05:09:27.966 [WRN] MessageQueue: Certificate expires in 19 days
2025-11-22 05:09:29.377 [DBG] Metrics: Cache lookup for key cache:user:00a43818
2025-11-22 05:09:31.805 [INF] Config: User user_5011 authenticated successfully
2025-11-22 05:09:35.435 [INF] Metrics: Outbound HTTP call to PaymentService completed in 95ms
2025-11-22 05:09:37.466 [INF] HttpServer: Batch processing completed: 485/1006 items
2025-11-22 05:09:40.658 [DBG] Cache: Parsed configuration: {"timeout": 30, "retries": 3}
2025-11-22 05:09:41.156 [INF] Config: Message consumed from notifications in 31ms
2025-11-22 05:09:44.362 [INF] MessageQueue: GET /api/v1/users/user_8964 completed in 4296ms
2025-11-22 05:09:47.317 [DBG] Metrics: Query execution plan generated
2025-11-22 05:09:50.538 [FTL] Cache: Application startup failed: Permission denied
2025-11-22 05:09:53.013 [INF] HttpServer: Outbound HTTP call to UserService completed in 34ms
2025-11-22 05:09:55.477 [INF] MessageQueue: Message consumed from orders in 878ms
2025-11-22 05:09:57.714 [WRN] HttpServer: Rate limit approaching for client client_a13a1777
2025-11-22 05:10:00.822 [INF] Database: Health check passed
2025-11-22 05:10:00.945 [INF] MessageQueue: User user_9712 authenticated successfully
2025-11-22 05:10:00.962 [DBG] Config: Query execution plan generated
2025-11-22 05:10:03.253 [DBG] Database: Parsed configuration: {"timeout": 30, "retries": 3}
2025-11-22 05:10:05.489 [INF] Metrics: Service started on port 8080
2025-11-22 05:10:05.870 [INF] Config: Service started on port 5000
2025-11-22 05:10:09.533 [WRN] ApiGateway: Memory usage at 88%
2025-11-22 05:10:11.950 [DBG] Scheduler: Processing request be3e6825
2025-11-22 05:10:16.462 [DBG] Auth: Parsed configuration: {"timeout": 30, "retries": 3}
2025-11-22 05:10:20.524 [INF] ApiGateway: Batch processing completed: 636/1052 items
2025-11-22 05:10:23.800 [INF] Metrics: Outbound HTTP call to NotificationService completed in 44ms
2025-11-22 05:10:27.602 [INF] Config: DELETE /api/v1/sessions/08fd2f85 completed in 3115ms
2025-11-22 05:10:27.681 [INF] Auth: Configuration reloaded
2025-11-22 05:10:32.396 [INF] HttpServer: User user_7563 authenticated successfully
2025-11-22 05:10:35.942 [DBG] Cache: Query execution plan generated
2025-11-22 05:10:40.139 [DBG] MessageQueue: Connection pool status: 5/20 active
2025-11-22 05:10:43.986 [DBG] Config: Query execution plan generated
2025-11-22 05:10:45.251 [INF] MessageQueue: Message published to events
2025-11-22 05:10:45.635 [INF] Auth: DELETE /api/v1/sessions/24884a0f completed in 1829ms
2025-11-22 05:10:49.914 [ERR] MessageQueue: Unhandled exception in Auth: Timeout exceeded
2025-11-22 05:10:52.206 [INF] Metrics: Scheduled job DataSync completed in 7ms
2025-11-22 05:10:54.882 [INF] Metrics: POST /api/v1/orders completed in 2207ms
2025-11-22 05:10:55.818 [INF] Config: Message consumed from notifications in 3611ms
2025-11-22 05:10:55.994 [DBG] FileProcessor: Query execution plan generated
2025-11-22 05:10:57.165 [WRN] Metrics: Memory usage at 90%
2025-11-22 05:10:59.986 [INF] Metrics: Service started on port 3000
2025-11-22 05:11:03.444 [INF] Cache: DELETE /api/v1/sessions/8e67113c completed in 711ms
2025-11-22 05:11:06.264 [DBG] FileProcessor: Query execution plan generated
2025-11-22 05:11:07.918 [DBG] Database: Connection pool status: 18/20 active
2025-11-22 05:11:12.167 [INF] HttpServer: Scheduled job CleanupJob started
2025-11-22 05:11:15.236 [DBG] Auth: Query execution plan generated
2025-11-22 05:11:19.041 [DBG] Cache: Processing request 2bba8eba
2025-11-22 05:11:20.200 [INF] MessageQueue: DELETE /api/v1/sessions/5a61cd59 completed in 23ms
2025-11-22 05:11:23.144 [DBG] FileProcessor: Connection pool status: 9/20 active
2025-11-22 05:11:23.818 [INF] ApiGateway: Outbound HTTP call to PaymentService completed in 184ms
2025-11-22 05:11:24.605 [INF] HttpServer: DELETE /api/v1/sessions/33a855e9 completed in 50ms
2025-11-22 05:11:28.370 [DBG] Auth: Cache lookup for key cache:user:deaee6a9
2025-11-22 05:11:32.347 [INF] Config: User user_9641 authenticated successfully
2025-11-22 05:11:37.104 [INF] FileProcessor: DELETE /api/v1/sessions/45f37cea completed in 17ms
2025-11-22 05:11:39.165 [FTL] Auth: Application startup failed: Permission denied
2025-11-22 05:11:43.985 [ERR] FileProcessor: Authentication failed for user user_6568
2025-11-22 05:11:44.114 [INF] Cache: Message consumed from orders in 1954ms
2025-11-22 05:11:46.977 [INF] FileProcessor: Connected to database mysql://db:3306/app
2025-11-22 05:11:48.242 [INF] FileProcessor: Scheduled job BackupJob completed in 172ms
2025-11-22 05:11:51.355 [DBG] ApiGateway: Connection pool status: 11/20 active
2025-11-22 05:11:55.436 [INF] Config: Connected to database mysql://db:3306/app
2025-11-22 05:11:56.205 [INF] MessageQueue: Service started on port 5000
2025-11-22 05:12:01.165 [DBG] Config: Cache lookup for key cache:config:aaa9bb96
2025-11-22 05:12:02.415 [INF] HttpServer: GET /api/v1/users/user_8812 completed in 35ms
2025-11-22 05:12:05.463 [DBG] ApiGateway: Parsed configuration: {"timeout": 30, "retries": 3}
2025-11-22 05:12:10.152 [INF] Database: Request 0b0cafe7 completed in 596ms
2025-11-22 05:12:14.483 [TRC] MessageQueue: Variable state: {counter: 42, flag: true}
2025-11-22 05:12:16.562 [INF] Auth: Message consumed from notifications in 152ms
2025-11-22 05:12:19.795 [DBG] FileProcessor: Processing request 0daea006
2025-11-22 05:12:23.596 [INF] FileProcessor: Scheduled job CleanupJob completed in 996ms
2025-11-22 05:12:25.773 [INF] Database: Outbound HTTP call to PaymentService completed in 2832ms
2025-11-22 05:12:28.706 [INF] Scheduler: User user_7740 authenticated successfully
2025-11-22 05:12:31.923 [DBG] Metrics: Query execution plan generated
2025-11-22 05:12:31.984 [INF] HttpServer: Message consumed from notifications in 1196ms
2025-11-22 05:12:35.902 [ERR] FileProcessor: Authentication failed for user user_5411
2025-11-22 05:12:40.068 [DBG] Metrics: Processing request 7501ba1f
2025-11-22 05:12:41.797 [DBG] ApiGateway: Connection pool status: 3/20 active
2025-11-22 05:12:44.416 [ERR] Cache: Failed to process request d58722bf: Invalid token
2025-11-22 05:12:48.424 [INF] Database: Batch processing completed: 607/1093 items
2025-11-22 05:12:49.272 [DBG] MessageQueue: Query execution plan generated
2025-11-22 05:12:53.773 [DBG] Metrics: Parsed configuration: {"timeout": 30, "retries": 3}
2025-11-22 05:12:56.530 [INF] Database: Scheduled job BackupJob started
2025-11-22 05:12:59.119 [ERR] Auth: Timeout waiting for response from UserService
2025-11-22 05:13:01.850 [INF] Cache: Configuration reloaded
2025-11-22 05:13:06.734 [WRN] FileProcessor: Connection pool exhausted, waiting for available connection
2025-11-22 05:13:10.662 [INF] Scheduler: User user_7542 authenticated successfully
2025-11-22 05:13:14.672 [INF] FileProcessor: Service started on port 5000
2025-11-22 05:13:15.330 [INF] Database: GET /api/v1/products?page=20 completed in 1684ms
2025-11-22 05:13:18.759 [WRN] Scheduler: Memory usage at 85%
2025-11-22 05:13:21.091 [DBG] HttpServer: Connection pool status: 20/20 active
2025-11-22 05:13:25.305 [INF] Config: Scheduled job DataSync completed in 1344ms
2025-11-22 05:13:30.071 [DBG] Auth: Cache lookup for key cache:user:d156027e
2025-11-22 05:13:34.487 [WRN] Cache: Memory usage at 89%
2025-11-22 05:13:38.393 [INF] Cache: Batch processing completed: 342/1041 items
2025-11-22 05:13:42.576 [INF] FileProcessor: PUT /api/v1/users/user_4270/profile completed in 100ms
2025-11-22 05:13:47.304 [INF] Cache: Database query executed in 4004ms
2025-11-22 05:13:49.634 [ERR] Scheduler: Timeout waiting for response from UserService
2025-11-22 05:13:50.226 [INF] FileProcessor: Message consumed from orders in 2110ms
2025-11-22 05:13:53.430 [INF] ApiGateway: PUT /api/v1/users/user_2324/profile completed in 167ms
2025-11-22 05:13:55.291 [INF] Scheduler: Health check passed
2025-11-22 05:13:58.637 [INF] Cache: DELETE /api/v1/sessions/f4fc3190 completed in 3173ms
2025-11-22 05:14:01.158 [INF] Metrics: Configuration reloaded
2025-11-22 05:14:02.906 [INF] Auth: Request e2fbf1b4 completed in 34ms
2025-11-22 05:14:05.019 [INF] Cache: Scheduled job CleanupJob completed in 191ms
2025-11-22 05:14:07.726 [DBG] Auth: Query execution plan generated
2025-11-22 05:14:08.367 [INF] FileProcessor: DELETE /api/v1/sessions/54d4f3f6 completed in 464ms
2025-11-22 05:14:09.321 [INF] Cache: Request ee4d68c6 completed in 454ms
2025-11-22 05:14:11.405 [TRC] FileProcessor: Loop iteration 47 of 1011
2025-11-22 05:14:12.528 [ERR] FileProcessor: File not found: data_5a010683.csv
2025-11-22 05:14:13.509 [INF] Metrics: Service started on port 3000
2025-11-22 05:14:16.371 [INF] Database: File data_961fbe6f.csv processed, 461 records
2025-11-22 05:14:16.765 [DBG] MessageQueue: Parsed configuration: {"timeout": 30, "retries": 3}
2025-11-22 05:14:19.235 [INF] ApiGateway: Connected to database mysql://db:3306/app
2025-11-22 05:14:24.112 [INF] Cache: PUT /api/v1/users/user_8190/profile completed in 831ms
2025-11-22 05:14:27.386 [WRN] Scheduler: Deprecated API endpoint called: /api/v1/users
2025-11-22 05:14:32.028 [DBG] MessageQueue: Parsed configuration: {"timeout": 30, "retries": 3}
2025-11-22 05:14:33.638 [DBG] ApiGateway: Parsed configuration: {"timeout": 30, "retries": 3}
2025-11-22 05:14:36.775 [DBG] Config: Cache lookup for key cache:config:6014dccc
2025-11-22 05:14:39.417 [INF] ApiGateway: Request 2a0868e2 completed in 812ms
2025-11-22 05:14:44.156 [INF] Config: File data_48d374ea.csv processed, 9013 records
2025-11-22 05:14:46.355 [INF] Config: File export_1ee400d8.csv processed, 2627 records
2025-11-22 05:14:50.074 [WRN] Cache: Slow query detected: 2871ms for SELECT * FROM users WHERE...
2025-11-22 05:14:52.176 [DBG] Scheduler: Parsed configuration: {"timeout": 30, "retries": 3}
2025-11-22 05:14:55.534 [INF] Cache: Scheduled job CleanupJob completed in 41ms
2025-11-22 05:14:58.483 [DBG] Metrics: Parsed configuration: {"timeout": 30, "retries": 3}
2025-11-22 05:15:01.320 [ERR] Scheduler: Invalid message format: Unexpected field "foo" at position 42
2025-11-22 05:15:06.133 [INF] Scheduler: Message published to notifications
2025-11-22 05:15:07.862 [INF] Scheduler: User user_7418 authenticated successfully
2025-11-22 05:15:12.742 [DBG] Auth: Parsed configuration: {"timeout": 30, "retries": 3}
2025-11-22 05:15:17.036 [INF] Database: Database query executed in 1330ms
2025-11-22 05:15:17.811 [INF] Config: Database query executed in 98ms
2025-11-22 05:15:20.633 [WRN] FileProcessor: Slow query detected: 28ms for SELECT * FROM users WHERE...
2025-11-22 05:15:24.996 [INF] FileProcessor: User user_7754 authenticated successfully
2025-11-22 05:15:25.949 [WRN] Scheduler: Connection pool exhausted, waiting for available connection
2025-11-22 05:15:26.803 [DBG] Metrics: Processing request 521ac30e
2025-11-22 05:15:30.567 [WRN] MessageQueue: Certificate expires in 9 days
2025-11-22 05:15:33.682 [INF] Cache: Database query executed in 829ms
2025-11-22 05:15:37.716 [INF] Config: Message consumed from events in 35ms
2025-11-22 05:15:38.138 [INF] FileProcessor: Message published to notifications
2025-11-22 05:15:39.090 [ERR] ApiGateway: File not found: export_16cf5452.csv
2025-11-22 05:15:41.332 [INF] HttpServer: GET /api/v1/products?page=33 completed in 1687ms
2025-11-22 05:15:45.111 [ERR] Config: Authentication failed for user user_5227
2025-11-22 05:15:46.609 [INF] FileProcessor: File data_c5b90086.csv processed, 8064 records
2025-11-22 05:15:48.086 [INF] Cache: GET /api/v1/users/user_1476 completed in 2925ms
2025-11-22 05:15:48.405 [INF] MessageQueue: Scheduled job CleanupJob started
2025-11-22 05:15:49.500 [WRN] FileProcessor: Connection pool exhausted, waiting for available connection
2025-11-22 05:15:50.462 [DBG] Auth: Parsed configuration: {"timeout": 30, "retries": 3}
2025-11-22 05:15:54.542 [INF] Cache: Cache hit for key cache:session:5f0306ba
2025-11-22 05:15:57.373 [INF] Config: File import_8abebfc7.csv processed, 9650 records
2025-11-22 05:15:58.783 [INF] Cache: GET /api/v1/products?page=67 completed in 724ms
2025-11-22 05:15:59.813 [INF] Metrics: Health check passed
2025-11-22 05:16:00.307 [WRN] Config: Memory usage at 94%
2025-11-22 05:16:04.229 [INF] Database: Message consumed from notifications in 16ms
2025-11-22 05:16:07.649 [DBG] HttpServer: Processing request d8b39d10
2025-11-22 05:16:11.592 [INF] Cache: PUT /api/v1/users/user_1906/profile completed in 193ms
2025-11-22 05:16:14.893 [INF] Config: Database query executed in 4554ms
2025-11-22 05:16:17.211 [INF] Metrics: Scheduled job CleanupJob started
2025-11-22 05:16:19.840 [INF] Auth: Request c698f42a completed in 3840ms
2025-11-22 05:16:21.644 [INF] Cache: PUT /api/v1/users/user_1556/profile completed in 601ms
2025-11-22 05:16:23.720 [DBG] MessageQueue: Processing request 35d32a5b
2025-11-22 05:16:27.418 [WRN] Config: Certificate expires in 13 days
2025-11-22 05:16:28.925 [INF] Config: Connected to database postgres://db:5432/app
2025-11-22 05:16:30.981 [DBG] Config: Parsed configuration: {"timeout": 30, "retries": 3}
2025-11-22 05:16:33.726 [DBG] MessageQueue: Parsed configuration: {"timeout": 30, "retries": 3}
2025-11-22 05:16:35.335 [INF] Scheduler: GET /api/v1/users/user_7848 completed in 264ms
2025-11-22 05:16:36.882 [INF] Metrics: Message consumed from events in 45ms
2025-11-22 05:16:37.400 [INF] Auth: Message consumed from tasks in 99ms
2025-11-22 05:16:41.788 [INF] MessageQueue: GET /api/v1/users/user_1594 completed in 265ms
2025-11-22 05:16:43.637 [INF] Config: GET /api/v1/users/user_3366 completed in 198ms
2025-11-22 05:16:45.767 [INF] MessageQueue: Message published to tasks
2025-11-22 05:16:49.882 [ERR] Cache: Unhandled exception in ApiGateway: Resource not found
2025-11-22 05:16:53.510 [INF] Database: Batch processing completed: 351/1012 items
2025-11-22 05:16:57.079 [INF] Config: Cache hit for key cache:user:8a6d6709
2025-11-22 05:17:01.702 [INF] HttpServer: Outbound HTTP call to PaymentService completed in 2096ms
2025-11-22 05:17:04.029 [INF] MessageQueue: Message published to orders
2025-11-22 05:17:08.530 [WRN] MessageQueue: Memory usage at 82%
2025-11-22 05:17:12.760 [INF] Auth: Health check passed
2025-11-22 05:17:13.691 [INF] MessageQueue: GET /api/v1/products?page=82 completed in 4850ms
2025-11-22 05:17:17.425 [ERR] ApiGateway: Database connection failed: Permission denied
2025-11-22 05:17:20.438 [DBG] HttpServer: Parsed configuration: {"timeout": 30, "retries": 3}
2025-11-22 05:17:24.751 [INF] Scheduler: Batch processing completed: 710/1005 items
2025-11-22 05:17:24.930 [INF] Config: PUT /api/v1/users/user_8371/profile completed in 39ms
2025-11-22 05:17:25.014 [INF] ApiGateway: Connected to database mysql://db:3306/app
2025-11-22 05:17:27.567 [DBG] Database: Parsed configuration: {"timeout": 30, "retries": 3}
2025-11-22 05:17:28.431 [ERR] Database: Unhandled exception in Config: Resource not found
2025-11-22 05:17:31.720 [INF] Cache: Outbound HTTP call to PaymentService completed in 4778ms
2025-11-22 05:17:36.407 [DBG] ApiGateway: Parsed configuration: {"timeout": 30, "retries": 3}
2025-11-22 05:17:37.297 [INF] Metrics: Outbound HTTP call to UserService completed in 189ms
2025-11-22 05:17:38.979 [INF] ApiGateway: Message consumed from orders in 2294ms
2025-11-22 05:17:40.661 [INF] Config: Database query executed in 281ms
2025-11-22 05:17:41.008 [INF] Auth: Message published to tasks
2025-11-22 05:17:42.334 [ERR] Database: Failed to process request 389f9ff7: Timeout exceeded
2025-11-22 05:17:45.458 [INF] Auth: Health check passed
2025-11-22 05:17:48.853 [INF] ApiGateway: Scheduled job DataSync completed in 4401ms
2025-11-22 05:17:49.374 [INF] ApiGateway: Configuration reloaded
2025-11-22 05:17:52.550 [INF] ApiGateway: Cache hit for key cache:config:b9bee307
2025-11-22 05:17:57.040 [TRC] ApiGateway: Variable state: {counter: 42, flag: true}
2025-11-22 05:18:00.706 [INF] FileProcessor: Configuration reloaded
2025-11-22 05:18:04.800 [DBG] MessageQueue: Query execution plan generated
2025-11-22 05:18:07.784 [INF] ApiGateway: File data_fb1212f1.csv processed, 7068 records
2025-11-22 05:18:09.886 [INF] Database: Service started on port 3000
2025-11-22 05:18:14.124 [FTL] ApiGateway: Application startup failed: Connection refused
2025-11-22 05:18:17.848 [WRN] FileProcessor: Memory usage at 94%
2025-11-22 05:18:19.231 [DBG] ApiGateway: Query execution plan generated
2025-11-22 05:18:19.523 [WRN] Config: Connection pool exhausted, waiting for available connection
2025-11-22 05:18:22.405 [INF] Scheduler: Request c196312d completed in 17ms
2025-11-22 05:18:25.903 [INF] HttpServer: GET /api/v1/users/user_6728 completed in 2404ms
2025-11-22 05:18:28.507 [INF] HttpServer: Message published to tasks
2025-11-22 05:18:32.854 [DBG] MessageQueue: Connection pool status: 3/20 active
2025-11-22 05:18:35.141 [INF] Scheduler: PUT /api/v1/users/user_1471/profile completed in 425ms
2025-11-22 05:18:35.322 [DBG] MessageQueue: Processing request 20745cfe
2025-11-22 05:18:40.028 [INF] MessageQueue: Request e637f496 completed in 32ms
2025-11-22 05:18:41.510 [INF] Metrics: DELETE /api/v1/sessions/d23eded9 completed in 82ms
2025-11-22 05:18:43.654 [DBG] Config: Query execution plan generated
2025-11-22 05:18:48.127 [INF] HttpServer: User user_8264 authenticated successfully
2025-11-22 05:18:50.785 [DBG] Config: Processing request 6728492c
2025-11-22 05:18:55.264 [INF] ApiGateway: Database query executed in 1365ms
2025-11-22 05:18:55.883 [INF] Config: Request 1f873c3c completed in 4880ms
2025-11-22 05:18:59.285 [DBG] FileProcessor: Processing request 894bbd4c
2025-11-22 05:19:02.601 [WRN] Database: Deprecated API endpoint called: /api/v1/orders
2025-11-22 05:19:06.243 [INF] Scheduler: Scheduled job BackupJob completed in 546ms
2025-11-22 05:19:08.568 [DBG] Metrics: Connection pool status: 9/20 active
2025-11-22 05:19:11.774 [INF] Scheduler: Message consumed from tasks in 989ms
2025-11-22 05:19:15.595 [INF] Cache: Connected to database postgres://db:5432/app
2025-11-22 05:19:18.073 [INF] Database: Batch processing completed: 393/1094 items
2025-11-22 05:19:19.936 [INF] Scheduler: Cache hit for key cache:user:79fe62f3
2025-11-22 05:19:22.526 [INF] Metrics: Batch processing completed: 419/1086 items
2025-11-22 05:19:25.545 [INF] Metrics: GET /api/v1/products?page=20 completed in 50ms
2025-11-22 05:19:29.541 [DBG] HttpServer: Query execution plan generated
2025-11-22 05:19:32.084 [INF] Database: Message consumed from notifications in 4746ms
2025-11-22 05:19:36.121 [INF] HttpServer: GET /api/v1/users/user_5016 completed in 446ms
2025-11-22 05:19:39.873 [INF] HttpServer: PUT /api/v1/users/user_5815/profile completed in 1581ms
2025-11-22 05:19:41.365 [INF] FileProcessor: Service started on port 443
2025-11-22 05:19:43.668 [DBG] Scheduler: Query execution plan generated
2025-11-22 05:19:47.226 [TRC] Scheduler: Loop iteration 39 of 1066
2025-11-22 05:19:49.644 [WRN] Metrics: Deprecated API endpoint called: /api/v1/legacy
2025-11-22 05:19:52.306 [INF] HttpServer: User user_3730 authenticated successfully
2025-11-22 05:19:55.523 [INF] Config: Request f8b73ebf completed in 537ms
2025-11-22 05:19:58.286 [INF] Auth: Scheduled job BackupJob started
2025-11-22 05:19:58.316 [DBG] FileProcessor: Cache lookup for key cache:user:faa95398
2025-11-22 05:20:00.466 [INF] Scheduler: Configuration reloaded
2025-11-22 05:20:03.023 [INF] FileProcessor: GET /api/v1/products?page=47 completed in 129ms
2025-11-22 05:20:05.279 [ERR] Metrics: Timeout waiting for response from UserService
2025-11-22 05:20:05.530 [WRN] ApiGateway: Retry attempt 2 for operation ProcessPayment
2025-11-22 05:20:05.746 [INF] Database: POST /api/v1/orders completed in 905ms
2025-11-22 05:20:07.231 [INF] Auth: Health check passed
2025-11-22 05:20:10.544 [DBG] MessageQueue: Processing request 514996db
2025-11-22 05:20:11.556 [INF] HttpServer: Outbound HTTP call to UserService completed in 145ms
2025-11-22 05:20:12.535 [INF] Cache: Scheduled job CleanupJob completed in 118ms
2025-11-22 05:20:14.356 [DBG] Scheduler: Connection pool status: 16/20 active
2025-11-22 05:20:16.167 [TRC] ApiGateway: Entering method Transform with parameters {id: 123, type: "full"}
2025-11-22 05:20:16.601 [INF] ApiGateway: POST /api/v1/orders completed in 4647ms
2025-11-22 05:20:20.236 [INF] Config: Message published to notifications
2025-11-22 05:20:22.886 [DBG] Database: Query execution plan generated
2025-11-22 05:20:25.542 [DBG] Cache: Processing request 094a76d9
2025-11-22 05:20:25.801 [WRN] FileProcessor: Connection pool exhausted, waiting for available connection
2025-11-22 05:20:26.024 [INF] Database: DELETE /api/v1/sessions/b36732ed completed in 457ms
2025-11-22 05:20:30.305 [INF] Cache: User user_7490 authenticated successfully
2025-11-22 05:20:34.894 [INF] FileProcessor: Message consumed from tasks in 1613ms
2025-11-22 05:20:35.643 [INF] Database: Message published to notifications
2025-11-22 05:20:36.210 [DBG] Scheduler: Processing request 6aed0302
2025-11-22 05:20:39.980 [INF] Scheduler: Service started on port 5000
2025-11-22 05:20:40.430 [DBG] HttpServer: Connection pool status: 3/20 active
2025-11-22 05:20:44.986 [INF] Database: Cache hit for key cache:config:65218c7d
2025-11-22 05:20:49.623 [DBG] Config: Parsed configuration: {"timeout": 30, "retries": 3}
2025-11-22 05:20:54.592 [WRN] Scheduler: Retry attempt 3 for operation ProcessPayment
2025-11-22 05:20:59.116 [DBG] HttpServer: Cache lookup for key cache:user:b8eadbe4
2025-11-22 05:21:01.814 [INF] Metrics: Batch processing completed: 136/1068 items
2025-11-22 05:21:02.389 [INF] FileProcessor: User user_6970 authenticated successfully
2025-11-22 05:21:07.161 [INF] HttpServer: Configuration reloaded
2025-11-22 05:21:11.703 [INF] Auth: Service started on port 5000
2025-11-22 05:21:12.830 [INF] ApiGateway: Request f7a2fcc3 completed in 1806ms
2025-11-22 05:21:16.927 [INF] Config: Connected to database postgres://db:5432/app
2025-11-22 05:21:19.827 [INF] Auth: Outbound HTTP call to PaymentService completed in 860ms
2025-11-22 05:21:23.171 [INF] ApiGateway: DELETE /api/v1/sessions/babb231b completed in 919ms
2025-11-22 05:21:27.420 [INF] Database: Message published to notifications
2025-11-22 05:21:28.489 [INF] Cache: User user_7897 authenticated successfully
2025-11-22 05:21:30.752 [INF] Database: Message published to orders
2025-11-22 05:21:34.589 [INF] MessageQueue: GET /api/v1/users/user_9077 completed in 607ms
2025-11-22 05:21:34.704 [DBG] Database: Connection pool status: 8/20 active
2025-11-22 05:21:39.018 [TRC] Metrics: Entering method ProcessOrder with parameters {id: 123, type: "full"}
2025-11-22 05:21:41.210 [ERR] Config: Authentication failed for user user_7059
2025-11-22 05:21:44.655 [ERR] Auth: Unhandled exception in Auth: Resource not found
2025-11-22 05:21:47.151 [INF] FileProcessor: Message consumed from notifications in 85ms
2025-11-22 05:21:49.275 [INF] FileProcessor: Cache hit for key cache:session:c2fbcd99
2025-11-22 05:21:53.370 [INF] Metrics: File export_75d721a7.csv processed, 1433 records
2025-11-22 05:21:55.576 [INF] Metrics: Database query executed in 33ms
2025-11-22 05:21:55.885 [INF] FileProcessor: PUT /api/v1/users/user_3484/profile completed in 5ms
2025-11-22 05:21:58.417 [INF] Cache: Batch processing completed: 378/1093 items
2025-11-22 05:22:03.115 [DBG] HttpServer: Query execution plan generated
2025-11-22 05:22:05.642 [INF] FileProcessor: Batch processing completed: 875/1067 items
2025-11-22 05:22:08.578 [INF] ApiGateway: Health check passed
2025-11-22 05:22:12.089 [INF] Database: DELETE /api/v1/sessions/3dca9714 completed in 2089ms
2025-11-22 05:22:14.877 [INF] Auth: Message published to tasks
2025-11-22 05:22:18.292 [INF] HttpServer: Request 68e09b25 completed in 1578ms
2025-11-22 05:22:18.612 [WRN] Database: Deprecated API endpoint called: /api/v1/users
2025-11-22 05:22:19.623 [INF] Metrics: POST /api/v1/orders completed in 608ms
2025-11-22 05:22:23.838 [WRN] Metrics: Deprecated API endpoint called: /api/v1/orders
2025-11-22 05:22:27.483 [INF] ApiGateway: Message consumed from notifications in 131ms
2025-11-22 05:22:27.590 [WRN] Config: Certificate expires in 28 days
2025-11-22 05:22:30.040 [INF] Config: Message consumed from orders in 2110ms
2025-11-22 05:22:32.278 [INF] Auth: Database query executed in 857ms
2025-11-22 05:22:35.145 [INF] Database: Configuration reloaded
2025-11-22 05:22:37.606 [INF] HttpServer: File report_a110f32c.csv processed, 9266 records
2025-11-22 05:22:41.690 [INF] Config: DELETE /api/v1/sessions/53afbcb8 completed in 3649ms
2025-11-22 05:22:45.269 [ERR] Auth: File not found: export_3aeb893f.csv
2025-11-22 05:22:46.144 [INF] FileProcessor: Scheduled job CleanupJob started
2025-11-22 05:22:50.793 [DBG] ApiGateway: Cache lookup for key cache:config:92c41cbe
2025-11-22 05:22:52.480 [INF] Auth: Batch processing completed: 656/1078 items
2025-11-22 05:22:54.954 [INF] FileProcessor: Database query executed in 1066ms
2025-11-22 05:22:58.209 [DBG] ApiGateway: Connection pool status: 12/20 active
2025-11-22 05:23:02.613 [WRN] MessageQueue: Memory usage at 90%
2025-11-22 05:23:06.972 [ERR] Cache: Authentication failed for user user_8559
2025-11-22 05:23:11.885 [INF] HttpServer: User user_7730 authenticated successfully
2025-11-22 05:23:13.914 [INF] MessageQueue: Service started on port 9000
2025-11-22 05:23:18.424 [INF] Config: Outbound HTTP call to PaymentService completed in 104ms
2025-11-22 05:23:22.300 [WRN] Auth: Rate limit approaching for client client_22df77bd
2025-11-22 05:23:25.091 [WRN] Config: Rate limit approaching for client client_1417354f
2025-11-22 05:23:28.867 [INF] Cache: File data_43057ae9.csv processed, 4955 records
2025-11-22 05:23:30.390 [INF] FileProcessor: Service started on port 5000
2025-11-22 05:23:32.121 [INF] FileProcessor: Batch processing completed: 882/1091 items
2025-11-22 05:23:33.909 [INF] Metrics: Connected to database postgres://db:5432/app
2025-11-22 05:23:34.798 [INF] Config: GET /api/v1/users/user_8342 completed in 25ms
2025-11-22 05:23:35.218 [INF] Config: DELETE /api/v1/sessions/8e40fb3e completed in 2690ms
2025-11-22 05:23:36.399 [INF] MessageQueue: Batch processing completed: 972/1062 items
2025-11-22 05:23:36.858 [INF] Cache: Cache hit for key cache:session:97997469
2025-11-22 05:23:37.116 [DBG] Config: Connection pool status: 20/20 active
2025-11-22 05:23:40.610 [INF] Auth: POST /api/v1/orders completed in 1834ms
2025-11-22 05:23:44.059 [INF] MessageQueue: Health check passed
2025-11-22 05:23:48.557 [INF] FileProcessor: Connected to database mysql://db:3306/app
2025-11-22 05:23:52.951 [INF] Scheduler: Cache hit for key cache:config:a92ffbbe
2025-11-22 05:23:57.685 [DBG] FileProcessor: Parsed configuration: {"timeout": 30, "retries": 3}
2025-11-22 05:23:59.429 [DBG] ApiGateway: Cache lookup for key cache:session:73caf30c
2025-11-22 05:24:02.731 [INF] Cache: Configuration reloaded
2025-11-22 05:24:05.659 [INF] MessageQueue: Configuration reloaded
2025-11-22 05:24:08.024 [INF] ApiGateway: Message consumed from events in 108ms
2025-11-22 05:24:10.096 [INF] MessageQueue: User user_9349 authenticated successfully
2025-11-22 05:24:11.634 [INF] ApiGateway: User user_8016 authenticated successfully
2025-11-22 05:24:11.903 [INF] HttpServer: GET /api/v1/users/user_9890 completed in 2360ms
2025-11-22 05:24:14.500 [INF] HttpServer: Outbound HTTP call to NotificationService completed in 2586ms
2025-11-22 05:24:18.100 [DBG] Database: Query execution plan generated
2025-11-22 05:24:22.675 [INF] Database: PUT /api/v1/users/user_7335/profile completed in 108ms
2025-11-22 05:24:24.153 [DBG] Metrics: Cache lookup for key cache:user:5d7324e1
2025-11-22 05:24:24.622 [INF] Scheduler: Database query executed in 760ms
2025-11-22 05:24:25.288 [DBG] Database: Cache lookup for key cache:session:6feef512
2025-11-22 05:24:30.143 [INF] FileProcessor: Service started on port 5000
2025-11-22 05:24:33.256 [INF] HttpServer: Outbound HTTP call to PaymentService completed in 630ms
2025-11-22 05:24:33.636 [INF] Config: Service started on port 3000
2025-11-22 05:24:37.258 [FTL] Scheduler: Unrecoverable error, shutting down
2025-11-22 05:24:39.193 [INF] MessageQueue: Outbound HTTP call to PaymentService completed in 84ms
2025-11-22 05:24:41.618 [INF] Cache: DELETE /api/v1/sessions/387b30cc completed in 31ms
2025-11-22 05:24:41.698 [INF] Cache: File import_576cbdb1.csv processed, 7085 records
2025-11-22 05:24:43.959 [ERR] Scheduler: Unhandled exception in Scheduler: Timeout exceeded
2025-11-22 05:24:45.272 [DBG] HttpServer: Processing request eaa06b92
2025-11-22 05:24:48.805 [DBG] Auth: Processing request 7192f110
2025-11-22 05:24:52.124 [WRN] Config: Deprecated API endpoint called: /api/v1/users
2025-11-22 05:24:55.426 [DBG] MessageQueue: Cache lookup for key cache:config:27f2dd0d
2025-11-22 05:24:56.517 [INF] HttpServer: Outbound HTTP call to NotificationService completed in 3493ms
2025-11-22 05:25:01.392 [DBG] FileProcessor: Processing request 157a8e80
2025-11-22 05:25:03.632 [INF] FileProcessor: Batch processing completed: 417/1038 items
2025-11-22 05:25:07.389 [INF] Scheduler: Batch processing completed: 182/1075 items
2025-11-22 05:25:07.762 [INF] ApiGateway: Batch processing completed: 791/1004 items
2025-11-22 05:25:12.150 [DBG] Scheduler: Processing request c6aae8b0
2025-11-22 05:25:13.416 [INF] HttpServer: DELETE /api/v1/sessions/1554c404 completed in 6ms
2025-11-22 05:25:15.742 [DBG] Cache: Connection pool status: 8/20 active
2025-11-22 05:25:17.957 [INF] HttpServer: Scheduled job CleanupJob completed in 596ms
2025-11-22 05:25:21.354 [INF] Database: Service started on port 5000
2025-11-22 05:25:22.676 [DBG] HttpServer: Parsed configuration: {"timeout": 30, "retries": 3}
2025-11-22 05:25:23.411 [INF] ApiGateway: Database query executed in 162ms
2025-11-22 05:25:27.221 [INF] MessageQueue: GET /api/v1/products?page=80 completed in 191ms
2025-11-22 05:25:28.095 [INF] Metrics: Batch processing completed: 927/1076 items
2025-11-22 05:25:28.131 [DBG] Scheduler: Parsed configuration: {"timeout": 30, "retries": 3}
2025-11-22 05:25:29.656 [ERR] ApiGateway: Failed to process request 8d06d83d: Connection refused
2025-11-22 05:25:30.309 [DBG] Scheduler: Connection pool status: 12/20 active
2025-11-22 05:25:34.401 [WRN] HttpServer: Rate limit approaching for client client_94b715ee
2025-11-22 05:25:35.976 [INF] Scheduler: GET /api/v1/products?page=90 completed in 148ms
2025-11-22 05:25:38.714 [DBG] Cache: Cache lookup for key cache:session:65402173
2025-11-22 05:25:42.718 [INF] Auth: GET /api/v1/users/user_4200 completed in 535ms
2025-11-22 05:25:47.467 [INF] Cache: Outbound HTTP call to UserService completed in 136ms
2025-11-22 05:25:52.111 [INF] ApiGateway: DELETE /api/v1/sessions/4fa2e25b completed in 471ms
2025-11-22 05:25:56.216 [INF] Config: Health check passed
2025-11-22 05:25:56.774 [INF] Metrics: Outbound HTTP call to NotificationService completed in 3004ms
2025-11-22 05:25:57.599 [INF] Metrics: Health check passed
2025-11-22 05:26:00.215 [INF] Metrics: Scheduled job DataSync started
2025-11-22 05:26:03.438 [WRN] Auth: Rate limit approaching for client client_7fa5fd37
2025-11-22 05:26:04.937 [INF] Auth: DELETE /api/v1/sessions/291a07a2 completed in 50ms
2025-11-22 05:26:06.877 [INF] Database: Health check passed
2025-11-22 05:26:07.382 [INF] Auth: Database query executed in 3967ms
2025-11-22 05:26:11.358 [INF] Cache: Cache hit for key cache:session:b0c8c8a0
2025-11-22 05:26:16.093 [INF] MessageQueue: GET /api/v1/products?page=41 completed in 2445ms
2025-11-22 05:26:16.288 [INF] FileProcessor: Health check passed
2025-11-22 05:26:18.034 [INF] Cache: GET /api/v1/products?page=33 completed in 190ms
2025-11-22 05:26:20.238 [INF] ApiGateway: POST /api/v1/orders completed in 4494ms
2025-11-22 05:26:21.420 [DBG] Database: Cache lookup for key cache:session:2de271c4
2025-11-22 05:26:24.141 [WRN] Database: Certificate expires in 10 days
2025-11-22 05:26:24.558 [INF] HttpServer: User user_9145 authenticated successfully
2025-11-22 05:26:26.001 [ERR] Metrics: Database connection failed: Resource not found
2025-11-22 05:26:26.479 [INF] Metrics: Cache hit for key cache:session:26f10b5a
2025-11-22 05:26:29.558 [INF] Database: Health check passed
2025-11-22 05:26:32.230 [FTL] MessageQueue: Application startup failed: Permission denied
2025-11-22 05:26:36.931 [INF] Auth: DELETE /api/v1/sessions/553cc6b4 completed in 392ms
2025-11-22 05:26:37.743 [INF] Auth: Outbound HTTP call to PaymentService completed in 22ms
2025-11-22 05:26:41.316 [DBG] Config: Connection pool status: 12/20 active
2025-11-22 05:26:44.178 [DBG] MessageQueue: Query execution plan generated
2025-11-22 05:26:44.411 [INF] HttpServer: PUT /api/v1/users/user_8796/profile completed in 625ms
2025-11-22 05:26:48.650 [INF] Scheduler: GET /api/v1/users/user_8283 completed in 326ms
2025-11-22 05:26:49.473 [WRN] ApiGateway: Memory usage at 75%
2025-11-22 05:26:52.385 [INF] HttpServer: POST /api/v1/orders completed in 675ms
2025-11-22 05:26:52.891 [DBG] Scheduler: Processing request 8b9735fa
2025-11-22 05:26:56.107 [DBG] Metrics: Connection pool status: 15/20 active
2025-11-22 05:26:58.131 [INF] Scheduler: GET /api/v1/products?page=80 completed in 938ms
2025-11-22 05:26:58.826 [ERR] Scheduler: Database connection failed: Connection refused
2025-11-22 05:26:59.540 [INF] ApiGateway: Message consumed from tasks in 226ms
2025-11-22 05:27:03.460 [INF] HttpServer: Service started on port 443
2025-11-22 05:27:05.710 [INF] MessageQueue: POST /api/v1/orders completed in 2434ms
2025-11-22 05:27:08.094 [INF] Database: User user_5472 authenticated successfully
2025-11-22 05:27:11.557 [INF] HttpServer: Request 04e085db completed in 18ms
2025-11-22 05:27:13.678 [DBG] Database: Query execution plan generated
2025-11-22 05:27:13.833 [INF] Metrics: PUT /api/v1/users/user_4125/profile completed in 4311ms
2025-11-22 05:27:18.577 [INF] Config: DELETE /api/v1/sessions/4f5a7d45 completed in 482ms
2025-11-22 05:27:20.900 [DBG] Metrics: Cache lookup for key cache:config:6cb48d39
2025-11-22 05:27:23.130 [INF] Database: Health check passed
2025-11-22 05:27:24.435 [INF] MessageQueue: Database query executed in 2262ms
2025-11-22 05:27:27.281 [WRN] Config: Memory usage at 95%
2025-11-22 05:27:31.336 [INF] Config: Database query executed in 1192ms
2025-11-22 05:27:34.291 [INF] Cache: Batch processing completed: 613/1042 items
2025-11-22 05:27:35.874 [INF] Metrics: PUT /api/v1/users/user_6360/profile completed in 70ms
2025-11-22 05:27:39.344 [INF] Auth: Outbound HTTP call to NotificationService completed in 3441ms
2025-11-22 05:27:42.668 [INF] Cache: PUT /api/v1/users/user_9731/profile completed in 274ms
2025-11-22 05:27:43.726 [FTL] Database: Critical resource unavailable: Redis
2025-11-22 05:27:44.374 [DBG] Cache: Connection pool status: 17/20 active
2025-11-22 05:27:47.937 [INF] Auth: Outbound HTTP call to PaymentService completed in 166ms
2025-11-22 05:27:51.163 [INF] Config: Request 6a1041cb completed in 112ms
2025-11-22 05:27:52.786 [INF] Metrics: Service started on port 8080
2025-11-22 05:27:55.577 [INF] MessageQueue: POST /api/v1/orders completed in 4454ms
2025-11-22 05:27:58.082 [INF] HttpServer: Configuration reloaded
2025-11-22 05:27:59.148 [WRN] Metrics: Retry attempt 3 for operation SyncData
2025-11-22 05:28:01.222 [DBG] MessageQueue: Parsed configuration: {"timeout": 30, "retries": 3}
2025-11-22 05:28:04.177 [INF] MessageQueue: Batch processing completed: 331/1042 items
2025-11-22 05:28:07.625 [INF] Auth: Scheduled job BackupJob completed in 230ms
2025-11-22 05:28:08.996 [DBG] MessageQueue: Connection pool status: 6/20 active
2025-11-22 05:28:11.563 [INF] FileProcessor: Configuration reloaded
2025-11-22 05:28:11.618 [DBG] Metrics: Parsed configuration: {"timeout": 30, "retries": 3}
2025-11-22 05:28:12.385 [DBG] MessageQueue: Processing request cea95d71
2025-11-22 05:28:13.279 [INF] Cache: User user_8263 authenticated successfully
2025-11-22 05:28:16.010 [INF] ApiGateway: Scheduled job DataSync completed in 9ms
2025-11-22 05:28:17.418 [INF] Cache: Health check passed
2025-11-22 05:28:18.732 [DBG] Database: Parsed configuration: {"timeout": 30, "retries": 3}
2025-11-22 05:28:19.707 [INF] Metrics: Cache hit for key cache:session:c437da7f
2025-11-22 05:28:22.128 [WRN] Cache: Memory usage at 74%
2025-11-22 05:28:24.918 [INF] FileProcessor: Message published to tasks
2025-11-22 05:28:26.930 [INF] Database: Scheduled job CleanupJob started
2025-11-22 05:28:31.927 [INF] FileProcessor: Database query executed in 361ms
2025-11-22 05:28:32.446 [INF] Scheduler: Batch processing completed: 604/1051 items
2025-11-22 05:28:37.176 [INF] Database: Scheduled job ReportGenerator started
2025-11-22 05:28:37.936 [INF] Config: Message consumed from notifications in 4371ms
2025-11-22 05:28:41.048 [INF] HttpServer: PUT /api/v1/users/user_4229/profile completed in 23ms
2025-11-22 05:28:42.491 [INF] Config: Batch processing completed: 518/1095 items
2025-11-22 05:28:46.555 [INF] Cache: Message consumed from orders in 20ms
2025-11-22 05:28:50.117 [INF] Database: POST /api/v1/orders completed in 2409ms
2025-11-22 05:28:52.977 [DBG] Metrics: Processing request 0063956e
2025-11-22 05:28:55.749 [DBG] Metrics: Query execution plan generated
2025-11-22 05:28:56.045 [DBG] Scheduler: Cache lookup for key cache:user:e29c48c5
2025-11-22 05:28:59.649 [INF] Config: Health check passed
2025-11-22 05:29:04.073 [WRN] Metrics: Connection pool exhausted, waiting for available connection
2025-11-22 05:29:07.910 [INF] Cache: GET /api/v1/products?page=74 completed in 301ms
2025-11-22 05:29:11.569 [INF] MessageQueue: PUT /api/v1/users/user_9676/profile completed in 4508ms
2025-11-22 05:29:15.391 [INF] HttpServer: Message consumed from events in 94ms
2025-11-22 05:29:20.035 [FTL] Cache: Application startup failed: Timeout exceeded
2025-11-22 05:29:20.961 [INF] Auth: Health check passed
2025-11-22 05:29:25.955 [DBG] Auth: Query execution plan generated
2025-11-22 05:29:28.633 [INF] Auth: POST /api/v1/orders completed in 3158ms
2025-11-22 05:29:30.541 [INF] FileProcessor: User user_3873 authenticated successfully
2025-11-22 05:29:33.628 [DBG] Database: Parsed configuration: {"timeout": 30, "retries": 3}
2025-11-22 05:29:35.904 [INF] Scheduler: Message published to orders
2025-11-22 05:29:40.643 [INF] Auth: Scheduled job BackupJob started
2025-11-22 05:29:41.637 [WRN] FileProcessor: Memory usage at 76%
2025-11-22 05:29:43.934 [INF] Database: Scheduled job ReportGenerator started
2025-11-22 05:29:47.930 [INF] Scheduler: Database query executed in 2073ms
2025-11-22 05:29:51.119 [DBG] Scheduler: Connection pool status: 7/20 active
2025-11-22 05:29:54.933 [INF] Scheduler: File data_c9db3bf8.csv processed, 3815 records
2025-11-22 05:29:58.078 [INF] MessageQueue: Scheduled job CleanupJob completed in 199ms
2025-11-22 05:30:00.101 [INF] HttpServer: Scheduled job DataSync completed in 2340ms
2025-11-22 05:30:00.143 [DBG] Database: Cache lookup for key cache:user:69113091
2025-11-22 05:30:01.535 [INF] Scheduler: Cache hit for key cache:user:0dcfe8c8
2025-11-22 05:30:04.701 [INF] HttpServer: Request 1a799343 completed in 123ms
2025-11-22 05:30:05.703 [DBG] Cache: Connection pool status: 15/20 active
2025-11-22 05:30:07.321 [DBG] Database: Cache lookup for key cache:user:7339f48c
2025-11-22 05:30:11.249 [INF] Cache: GET /api/v1/products?page=73 completed in 134ms
2025-11-22 05:30:15.199 [INF] FileProcessor: Database query executed in 31ms
2025-11-22 05:30:19.711 [INF] ApiGateway: PUT /api/v1/users/user_3613/profile completed in 49ms
2025-11-22 05:30:20.477 [INF] FileProcessor: Health check passed
2025-11-22 05:30:23.706 [INF] FileProcessor: Configuration reloaded
2025-11-22 05:30:26.147 [INF] HttpServer: DELETE /api/v1/sessions/c9f12702 completed in 4182ms
2025-11-22 05:30:30.962 [ERR] FileProcessor: Database connection failed: Resource not found
2025-11-22 05:30:32.187 [DBG] Auth: Connection pool status: 20/20 active
2025-11-22 05:30:33.887 [INF] HttpServer: Database query executed in 146ms
2025-11-22 05:30:38.241 [INF] MessageQueue: GET /api/v1/users/user_3290 completed in 3110ms
2025-11-22 05:30:38.985 [DBG] Config: Processing request 3faacc51
2025-11-22 05:30:41.538 [INF] Cache: Message consumed from notifications in 4079ms
2025-11-22 05:30:41.937 [WRN] ApiGateway: Rate limit approaching for client client_0b5b2b7c
2025-11-22 05:30:41.956 [INF] Scheduler: Service started on port 5000
2025-11-22 05:30:45.095 [INF] ApiGateway: Configuration reloaded
2025-11-22 05:30:46.737 [DBG] ApiGateway: Query execution plan generated
2025-11-22 05:30:51.386 [INF] Config: Cache hit for key cache:config:9d16aa08
2025-11-22 05:30:56.237 [TRC] ApiGateway: Loop iteration 7 of 1091
2025-11-22 05:30:57.242 [DBG] Auth: Connection pool status: 13/20 active
2025-11-22 05:30:59.124 [DBG] FileProcessor: Query execution plan generated
2025-11-22 05:31:03.060 [INF] ApiGateway: Request c1c4e17f completed in 1343ms
2025-11-22 05:31:05.393 [INF] ApiGateway: File data_f9a69dd5.csv processed, 7775 records
2025-11-22 05:31:10.013 [DBG] HttpServer: Processing request e31da8ad
2025-11-22 05:31:12.047 [DBG] MessageQueue: Cache lookup for key cache:user:35895b9a
2025-11-22 05:31:16.740 [DBG] HttpServer: Connection pool status: 3/20 active
2025-11-22 05:31:20.633 [INF] MessageQueue: User user_7357 authenticated successfully
2025-11-22 05:31:24.938 [WRN] Auth: Memory usage at 83%
2025-11-22 05:31:26.980 [INF] ApiGateway: File import_ef5cab08.csv processed, 1120 records
2025-11-22 05:31:28.462 [DBG] FileProcessor: Processing request dbebf88a
2025-11-22 05:31:30.524 [INF] MessageQueue: Request 77f38ef4 completed in 304ms
2025-11-22 05:31:34.578 [DBG] HttpServer: Parsed configuration: {"timeout": 30, "retries": 3}
2025-11-22 05:31:38.683 [INF] Database: Database query executed in 91ms
2025-11-22 05:31:41.012 [INF] Scheduler: User user_6086 authenticated successfully
2025-11-22 05:31:44.200 [INF] Scheduler: Request c27b2fd1 completed in 914ms
2025-11-22 05:31:49.199 [INF] HttpServer: Database query executed in 19ms
2025-11-22 05:31:54.093 [DBG] Database: Cache lookup for key cache:config:0cc22132
2025-11-22 05:31:55.032 [INF] Database: Connected to database mysql://db:3306/app
2025-11-22 05:31:55.915 [WRN] Auth: Certificate expires in 7 days
2025-11-22 05:31:57.231 [INF] ApiGateway: Request dfa45164 completed in 91ms
2025-11-22 05:32:01.753 [INF] MessageQueue: Database query executed in 15ms
2025-11-22 05:32:04.280 [INF] FileProcessor: Outbound HTTP call to UserService completed in 137ms
2025-11-22 05:32:04.771 [INF] Database: Database query executed in 3706ms
2025-11-22 05:32:05.990 [INF] Database: Batch processing completed: 471/1053 items
2025-11-22 05:32:10.975 [ERR] Database: File not found: export_ad4b1446.csv
2025-11-22 05:32:11.088 [WRN] FileProcessor: Deprecated API endpoint called: /api/v1/orders
2025-11-22 05:32:14.726 [INF] Config: User user_5239 authenticated successfully
2025-11-22 05:32:16.549 [INF] MessageQueue: Outbound HTTP call to NotificationService completed in 8ms
2025-11-22 05:32:19.402 [INF] Database: Scheduled job BackupJob completed in 29ms
2025-11-22 05:32:23.109 [INF] Database: GET /api/v1/products?page=8 completed in 89ms
2025-11-22 05:32:26.128 [INF] HttpServer: Scheduled job ReportGenerator completed in 3855ms
2025-11-22 05:32:29.945 [INF] FileProcessor: Configuration reloaded
2025-11-22 05:32:30.176 [INF] Scheduler: Request 8f765b5f completed in 168ms
2025-11-22 05:32:33.772 [TRC] Auth: Entering method ProcessOrder with parameters {id: 123, type: "full"}
2025-11-22 05:32:34.829 [INF] HttpServer: Request 850b2195 completed in 55ms
2025-11-22 05:32:36.129 [WRN] Scheduler: Retry attempt 2 for operation SyncData
2025-11-22 05:32:41.060 [INF] Auth: Connected to database postgres://db:5432/app
2025-11-22 05:32:44.525 [INF] Scheduler: File import_452a133d.csv processed, 2054 records
2025-11-22 05:32:46.072 [DBG] Cache: Query execution plan generated
2025-11-22 05:32:50.894 [ERR] FileProcessor: Unhandled exception in Metrics: Resource not found
2025-11-22 05:32:54.572 [INF] Cache: User user_8290 authenticated successfully
2025-11-22 05:32:58.906 [DBG] FileProcessor: Connection pool status: 9/20 active
2025-11-22 05:33:01.193 [INF] ApiGateway: Database query executed in 189ms
2025-11-22 05:33:05.245 [TRC] MessageQueue: Entering method Transform with parameters {id: 123, type: "full"}
2025-11-22 05:33:06.996 [WRN] Cache: Certificate expires in 10 days
2025-11-22 05:33:08.012 [DBG] Cache: Parsed configuration: {"timeout": 30, "retries": 3}
2025-11-22 05:33:11.428 [DBG] MessageQueue: Connection pool status: 4/20 active
2025-11-22 05:33:13.777 [TRC] HttpServer: Loop iteration 34 of 1018
2025-11-22 05:33:18.580 [INF] FileProcessor: DELETE /api/v1/sessions/ffc43160 completed in 2054ms
2025-11-22 05:33:19.329 [INF] Auth: Scheduled job BackupJob started
2025-11-22 05:33:21.998 [INF] MessageQueue: Configuration reloaded
2025-11-22 05:33:23.841 [DBG] MessageQueue: Processing request 09940712
2025-11-22 05:33:25.432 [INF] Database: Configuration reloaded
2025-11-22 05:33:28.270 [INF] ApiGateway: Cache hit for key cache:session:650ddd23
2025-11-22 05:33:32.119 [INF] FileProcessor: Scheduled job DataSync started
2025-11-22 05:33:33.317 [INF] FileProcessor: Message published to notifications
2025-11-22 05:33:35.160 [INF] ApiGateway: Scheduled job CleanupJob started
2025-11-22 05:33:39.964 [DBG] Metrics: Processing request ee12f445
2025-11-22 05:33:41.407 [DBG] FileProcessor: Processing request c26265c8
2025-11-22 05:33:42.810 [INF] Cache: Configuration reloaded
2025-11-22 05:33:45.101 [INF] HttpServer: Connected to database postgres://db:5432/app
2025-11-22 05:33:49.098 [INF] Scheduler: Scheduled job DataSync started
2025-11-22 05:33:53.449 [INF] Auth: File report_c3a36158.csv processed, 2122 records
2025-11-22 05:33:57.471 [INF] Cache: POST /api/v1/orders completed in 39ms
2025-11-22 05:34:00.768 [DBG] MessageQueue: Query execution plan generated
2025-11-22 05:34:04.144 [ERR] Metrics: Invalid message format: Unexpected field "foo" at position 42
2025-11-22 05:34:05.672 [INF] FileProcessor: Message published to tasks
2025-11-22 05:34:08.535 [INF] FileProcessor: POST /api/v1/orders completed in 44ms
2025-11-22 05:34:11.454 [DBG] ApiGateway: Cache lookup for key cache:session:13d1a3bc
2025-11-22 05:34:12.045 [INF] HttpServer: User user_8544 authenticated successfully
2025-11-22 05:34:16.631 [DBG] Cache: Cache lookup for key cache:user:b292989a
2025-11-22 05:34:20.640 [TRC] FileProcessor: Loop iteration 39 of 1077
2025-11-22 05:34:25.584 [INF] Auth: File export_7b79f1e2.csv processed, 6491 records
2025-11-22 05:34:26.537 [INF] Cache: Cache hit for key cache:session:5054bddf
2025-11-22 05:34:27.418 [DBG] Cache: Cache lookup for key cache:user:59ac6265
2025-11-22 05:34:30.930 [DBG] Database: Connection pool status: 13/20 active
2025-11-22 05:34:34.700 [INF] MessageQueue: File report_a3670280.csv processed, 6068 records
2025-11-22 05:34:39.618 [DBG] MessageQueue: Query execution plan generated
2025-11-22 05:34:43.769 [WRN] Metrics: Deprecated API endpoint called: /api/v1/orders
2025-11-22 05:34:44.908 [INF] MessageQueue: Outbound HTTP call to PaymentService completed in 336ms
2025-11-22 05:34:47.202 [DBG] Metrics: Cache lookup for key cache:config:608130e0
2025-11-22 05:34:52.139 [INF] Scheduler: Scheduled job CleanupJob started
2025-11-22 05:34:54.282 [DBG] Config: Query execution plan generated
2025-11-22 05:34:56.609 [INF] Cache: GET /api/v1/products?page=23 completed in 33ms
2025-11-22 05:34:59.096 [TRC] Metrics: Loop iteration 5 of 1069
2025-11-22 05:35:03.636 [DBG] Database: Connection pool status: 14/20 active
2025-11-22 05:35:05.158 [INF] ApiGateway: User user_2491 authenticated successfully
2025-11-22 05:35:05.436 [DBG] ApiGateway: Query execution plan generated
2025-11-22 05:35:07.810 [DBG] Scheduler: Processing request e323ddba
2025-11-22 05:35:12.506 [INF] Auth: Scheduled job ReportGenerator completed in 222ms
2025-11-22 05:35:15.749 [INF] FileProcessor: POST /api/v1/orders completed in 1820ms
2025-11-22 05:35:19.878 [INF] Config: GET /api/v1/products?page=94 completed in 292ms
2025-11-22 05:35:24.232 [INF] Database: Service started on port 9000
2025-11-22 05:35:24.671 [INF] FileProcessor: Database query executed in 4501ms
2025-11-22 05:35:26.007 [INF] Metrics: Cache hit for key cache:user:29b2e8a0
2025-11-22 05:35:27.910 [INF] Scheduler: Configuration reloaded
2025-11-22 05:35:28.760 [INF] ApiGateway: POST /api/v1/orders completed in 25ms
2025-11-22 05:35:30.915 [DBG] ApiGateway: Connection pool status: 14/20 active
2025-11-22 05:35:32.329 [DBG] MessageQueue: Cache lookup for key cache:session:8c82a2e4
2025-11-22 05:35:33.713 [INF] Scheduler: Cache hit for key cache:config:5a2b9ad4
2025-11-22 05:35:35.085 [ERR] Cache: Failed to process request c315eb63: Connection refused
2025-11-22 05:35:39.619 [WRN] FileProcessor: Slow query detected: 17ms for SELECT * FROM users WHERE...
2025-11-22 05:35:39.949 [INF] Database: Cache hit for key cache:session:9e3dccd4
2025-11-22 05:35:42.593 [INF] Auth: Scheduled job ReportGenerator started
2025-11-22 05:35:42.881 [INF] FileProcessor: Batch processing completed: 956/1026 items
2025-11-22 05:35:44.431 [INF] Auth: Outbound HTTP call to UserService completed in 69ms
2025-11-22 05:35:48.536 [INF] HttpServer: Message published to notifications
2025-11-22 05:35:48.781 [INF] HttpServer: Outbound HTTP call to PaymentService completed in 4609ms
2025-11-22 05:35:53.558 [DBG] HttpServer: Connection pool status: 15/20 active
2025-11-22 05:35:57.685 [INF] Auth: User user_2851 authenticated successfully
2025-11-22 05:36:01.191 [DBG] Config: Parsed configuration: {"timeout": 30, "retries": 3}
2025-11-22 05:36:04.308 [INF] Scheduler: POST /api/v1/orders completed in 348ms
2025-11-22 05:36:04.345 [INF] Config: Message published to tasks
2025-11-22 05:36:06.128 [INF] Metrics: POST /api/v1/orders completed in 1259ms
2025-11-22 05:36:07.229 [INF] MessageQueue: DELETE /api/v1/sessions/1d0bfd08 completed in 776ms
2025-11-22 05:36:10.158 [INF] FileProcessor: DELETE /api/v1/sessions/9ce9eec6 completed in 1396ms
2025-11-22 05:36:15.031 [INF] MessageQueue: Database query executed in 84ms
2025-11-22 05:36:18.580 [INF] Database: Outbound HTTP call to PaymentService completed in 448ms
2025-11-22 05:36:18.618 [DBG] MessageQueue: Connection pool status: 5/20 active
2025-11-22 05:36:23.571 [DBG] FileProcessor: Processing request c57cbb34
2025-11-22 05:36:27.829 [INF] Auth: DELETE /api/v1/sessions/7f52e38c completed in 365ms
2025-11-22 05:36:31.604 [INF] Auth: POST /api/v1/orders completed in 11ms
2025-11-22 05:36:32.171 [WRN] Cache: Connection pool exhausted, waiting for available connection
2025-11-22 05:36:32.477 [DBG] ApiGateway: Connection pool status: 6/20 active
2025-11-22 05:36:36.684 [DBG] Auth: Cache lookup for key cache:user:87cf3ac5
2025-11-22 05:36:37.205 [ERR] Metrics: Invalid message format: Unexpected field "foo" at position 42
2025-11-22 05:36:41.422 [INF] FileProcessor: GET /api/v1/users/user_4495 completed in 2034ms
2025-11-22 05:36:43.101 [INF] Metrics: DELETE /api/v1/sessions/c0eb3029 completed in 533ms
2025-11-22 05:36:44.353 [DBG] Scheduler: Processing request b6b6a773
2025-11-22 05:36:44.953 [INF] HttpServer: Request 64277772 completed in 161ms
2025-11-22 05:36:49.518 [INF] FileProcessor: Service started on port 3000
2025-11-22 05:36:51.739 [INF] Auth: Service started on port 8080
2025-11-22 05:36:54.824 [INF] Auth: Message consumed from orders in 3105ms
